******************************************************************************
             TMS320C2000 Linker PC v22.6.1                     
******************************************************************************
>> Linked Mon Feb 17 11:57:03 2025

OUTPUT FILE NAME:   <BuckPower.out>
ENTRY POINT SYMBOL: "_c_int00"  address: 0000b000


MEMORY CONFIGURATION

         name            origin    length      used     unused   attr    fill
----------------------  --------  ---------  --------  --------  ----  --------
PAGE 0:
  BEGIN                 00000000   00000002  00000002  00000000  RWIX
  RAMM0                 00000050   000003b0  00000000  000003b0  RWIX
  RAML0                 00008000   00001000  0000002a  00000fd6  RWIX
  RAML1                 00009000   00001000  00001000  00000000  RWIX
  RAML2                 0000a000   00001000  00001000  00000000  RWIX
  RAML3                 0000b000   00001000  00000239  00000dc7  RWIX
  ZONE7A                00200000   0000fc00  00000000  0000fc00  RWIX
  CSM_RSVD              0033ff80   00000076  00000000  00000076  RWIX
  CSM_PWL               0033fff8   00000008  00000000  00000008  RWIX
  ADC_CAL               00380080   00000009  00000007  00000002  RWIX
  IQTABLES              003fe000   00000b50  00000000  00000b50  RWIX
  IQTABLES2             003feb50   0000008c  00000000  0000008c  RWIX
  FPUTABLES             003febdc   000006a0  00000000  000006a0  RWIX
  BOOTROM               003ff27c   00000d44  00000000  00000d44  RWIX
  RESET                 003fffc0   00000002  00000000  00000002  RWIX

PAGE 1:
  BOOT_RSVD             00000002   0000004e  00000000  0000004e  RWIX
  RAMM1                 00000400   00000400  000003b0  00000050  RWIX
  DEV_EMU               00000880   00000180  000000d0  000000b0  RWIX
  FLASH_REGS            00000a80   00000060  00000008  00000058  RWIX
  CSM                   00000ae0   00000010  00000010  00000000  RWIX
  ADC_MIRROR            00000b00   00000010  00000010  00000000  RWIX
  XINTF                 00000b20   00000020  0000001e  00000002  RWIX
  CPU_TIMER0            00000c00   00000008  00000008  00000000  RWIX
  CPU_TIMER1            00000c08   00000008  00000008  00000000  RWIX
  CPU_TIMER2            00000c10   00000008  00000008  00000000  RWIX
  PIE_CTRL              00000ce0   00000020  0000001a  00000006  RWIX
  PIE_VECT              00000d00   00000100  00000100  00000000  RWIX
  DMA                   00001000   00000200  000000e0  00000120  RWIX
  MCBSPA                00005000   00000040  00000025  0000001b  RWIX
  MCBSPB                00005040   00000040  00000025  0000001b  RWIX
  ECANA                 00006000   00000040  00000034  0000000c  RWIX
  ECANA_LAM             00006040   00000040  00000040  00000000  RWIX
  ECANA_MOTS            00006080   00000040  00000040  00000000  RWIX
  ECANA_MOTO            000060c0   00000040  00000040  00000000  RWIX
  ECANA_MBOX            00006100   00000100  00000100  00000000  RWIX
  ECANB                 00006200   00000040  00000034  0000000c  RWIX
  ECANB_LAM             00006240   00000040  00000040  00000000  RWIX
  ECANB_MOTS            00006280   00000040  00000040  00000000  RWIX
  ECANB_MOTO            000062c0   00000040  00000040  00000000  RWIX
  ECANB_MBOX            00006300   00000100  00000100  00000000  RWIX
  EPWM1                 00006800   00000022  00000022  00000000  RWIX
  EPWM2                 00006840   00000022  00000022  00000000  RWIX
  EPWM3                 00006880   00000022  00000022  00000000  RWIX
  EPWM4                 000068c0   00000022  00000022  00000000  RWIX
  EPWM5                 00006900   00000022  00000022  00000000  RWIX
  EPWM6                 00006940   00000022  00000022  00000000  RWIX
  ECAP1                 00006a00   00000020  00000020  00000000  RWIX
  ECAP2                 00006a20   00000020  00000020  00000000  RWIX
  ECAP3                 00006a40   00000020  00000020  00000000  RWIX
  ECAP4                 00006a60   00000020  00000020  00000000  RWIX
  ECAP5                 00006a80   00000020  00000020  00000000  RWIX
  ECAP6                 00006aa0   00000020  00000020  00000000  RWIX
  EQEP1                 00006b00   00000040  00000040  00000000  RWIX
  EQEP2                 00006b40   00000040  00000040  00000000  RWIX
  GPIOCTRL              00006f80   00000040  0000002e  00000012  RWIX
  GPIODAT               00006fc0   00000020  00000020  00000000  RWIX
  GPIOINT               00006fe0   00000020  0000000a  00000016  RWIX
  SYSTEM                00007010   00000020  00000020  00000000  RWIX
  SPIA                  00007040   00000010  00000010  00000000  RWIX
  SCIA                  00007050   00000010  00000010  00000000  RWIX
  XINTRUPT              00007070   00000010  00000010  00000000  RWIX
  ADC                   00007100   00000020  0000001e  00000002  RWIX
  SCIB                  00007750   00000010  00000010  00000000  RWIX
  SCIC                  00007770   00000010  00000010  00000000  RWIX
  I2CA                  00007900   00000040  00000022  0000001e  RWIX
  RAML4                 0000c000   00001000  00000d66  0000029a  RWIX
  RAML5                 0000d000   00001000  000002b4  00000d4c  RWIX
  RAML6                 0000e000   00001000  00000000  00001000  RWIX
  RAML7                 0000f000   00001000  00000000  00001000  RWIX
  ZONE7B                0020fc00   00000400  00000000  00000400  RWIX
  CSM_PWL               0033fff8   00000008  00000008  00000000  RWIX
  PARTID                00380090   00000001  00000001  00000000  RWIX


SECTION ALLOCATION MAP

 output                                  attributes/
section   page    origin      length       input sections
--------  ----  ----------  ----------   ----------------
codestart 
*          0    00000000    00000002     
                  00000000    00000002     DSP2833x_CodeStartBranch.obj (codestart)

.TI.ramfunc 
*          0    00008026    00000004     
                  00008026    00000004     DSP2833x_usDelay.obj (.TI.ramfunc)

.cinit     0    00008000    00000026     
                  00008000    0000000e     rts2800_fpu32.lib : exit.c.obj (.cinit)
                  0000800e    00000008     ADC.obj (.cinit)
                  00008016    00000005     rts2800_fpu32.lib : _lock.c.obj (.cinit:__lock)
                  0000801b    00000005                       : _lock.c.obj (.cinit:__unlock)
                  00008020    00000004     Uart.obj (.cinit)
                  00008024    00000002     --HOLE-- [fill = 0]

.pinit     0    00008000    00000000     UNINITIALIZED

.stack     1    00000400    000003b0     UNINITIALIZED
                  00000400    000003b0     --HOLE--

DevEmuRegsFile 
*          1    00000880    000000d0     UNINITIALIZED
                  00000880    000000d0     DSP2833x_GlobalVariableDefs.obj (DevEmuRegsFile)

FlashRegsFile 
*          1    00000a80    00000008     UNINITIALIZED
                  00000a80    00000008     DSP2833x_GlobalVariableDefs.obj (FlashRegsFile)

CsmRegsFile 
*          1    00000ae0    00000010     UNINITIALIZED
                  00000ae0    00000010     DSP2833x_GlobalVariableDefs.obj (CsmRegsFile)

AdcMirrorFile 
*          1    00000b00    00000010     UNINITIALIZED
                  00000b00    00000010     DSP2833x_GlobalVariableDefs.obj (AdcMirrorFile)

XintfRegsFile 
*          1    00000b20    0000001e     UNINITIALIZED
                  00000b20    0000001e     DSP2833x_GlobalVariableDefs.obj (XintfRegsFile)

CpuTimer0RegsFile 
*          1    00000c00    00000008     UNINITIALIZED
                  00000c00    00000008     DSP2833x_GlobalVariableDefs.obj (CpuTimer0RegsFile)

CpuTimer1RegsFile 
*          1    00000c08    00000008     UNINITIALIZED
                  00000c08    00000008     DSP2833x_GlobalVariableDefs.obj (CpuTimer1RegsFile)

CpuTimer2RegsFile 
*          1    00000c10    00000008     UNINITIALIZED
                  00000c10    00000008     DSP2833x_GlobalVariableDefs.obj (CpuTimer2RegsFile)

PieCtrlRegsFile 
*          1    00000ce0    0000001a     UNINITIALIZED
                  00000ce0    0000001a     DSP2833x_GlobalVariableDefs.obj (PieCtrlRegsFile)

ECanaMOTSRegsFile 
*          1    00006080    00000040     UNINITIALIZED
                  00006080    00000040     DSP2833x_GlobalVariableDefs.obj (ECanaMOTSRegsFile)

ECanaMOTORegsFile 
*          1    000060c0    00000040     UNINITIALIZED
                  000060c0    00000040     DSP2833x_GlobalVariableDefs.obj (ECanaMOTORegsFile)

ECanbMOTSRegsFile 
*          1    00006280    00000040     UNINITIALIZED
                  00006280    00000040     DSP2833x_GlobalVariableDefs.obj (ECanbMOTSRegsFile)

ECanbMOTORegsFile 
*          1    000062c0    00000040     UNINITIALIZED
                  000062c0    00000040     DSP2833x_GlobalVariableDefs.obj (ECanbMOTORegsFile)

.ebss      1    0000c000    00000d66     UNINITIALIZED
                  0000c000    00000420     os_core.obj (.ebss:_OSTCBTbl)
                  0000c420    00000018     DSP2833x_CpuTimers.obj (.ebss)
                  0000c438    00000008     os_core.obj (.ebss:_OSRdyTbl)
                  0000c440    00000100     main.obj (.ebss:_App_TaskPendStk)
                  0000c540    00000100     main.obj (.ebss:_App_TaskPostStk)
                  0000c640    00000100     main.obj (.ebss:_App_TaskStartStk)
                  0000c740    00000100     os_core.obj (.ebss:_OSTaskIdleStk)
                  0000c840    00000100     os_core.obj (.ebss:_OSTaskStatStk)
                  0000c940    00000100     os_var.obj (.ebss:_receiveBuffer)
                  0000ca40    00000100     os_var.obj (.ebss:_sendBuffer)
                  0000cb40    000000a0     os_core.obj (.ebss:_OSEventTbl)
                  0000cbe0    00000018     os_var.obj (.ebss)
                  0000cbf8    00000008     ADC.obj (.ebss:_samplingValue)
                  0000cc00    00000080     os_core.obj (.ebss:_OSTCBPrioTbl)
                  0000cc80    0000003c     os_core.obj (.ebss:_OSMemTbl)
                  0000ccbc    00000002     UserSet.obj (.ebss)
                  0000ccbe    00000002     rts2800_fpu32.lib : _lock.c.obj (.ebss:__lock)
                  0000ccc0    00000030     os_core.obj (.ebss:_OSQTbl)
                  0000ccf0    0000000a     PWM.obj (.ebss)
                  0000ccfa    00000006     ADC.obj (.ebss)
                  0000cd00    00000028     os_core.obj (.ebss:_OSFlagTbl)
                  0000cd28    00000006     UserSet.obj (.ebss:_parameterTemp)
                  0000cd2e    00000006     rts2800_fpu32.lib : exit.c.obj (.ebss)
                  0000cd34    00000002                       : _lock.c.obj (.ebss:__unlock)
                  0000cd36    00000002     main.obj (.ebss)
                  0000cd38    00000001     Uart.obj (.ebss)
                  0000cd39    00000007     --HOLE--
                  0000cd40    00000026     os_core.obj (.ebss)

.econst    1    0000d000    000002b4     
                  0000d000    00000100     os_core.obj (.econst:.string:_OSUnMapTbl)
                  0000d100    00000100     DSP2833x_PieVect.obj (.econst:_PieVectTableInit)
                  0000d200    0000004c     ADC.obj (.econst:_tempTable)
                  0000d24c    0000003a     os_dbg.obj (.econst)
                  0000d286    0000001e     os_core.obj (.econst:.string)
                  0000d2a4    00000002     os_flag.obj (.econst:.string)
                  0000d2a6    00000002     os_mbox.obj (.econst:.string)
                  0000d2a8    00000002     os_mem.obj (.econst:.string)
                  0000d2aa    00000002     os_mutex.obj (.econst:.string)
                  0000d2ac    00000002     os_q.obj (.econst:.string)
                  0000d2ae    00000002     os_sem.obj (.econst:.string)
                  0000d2b0    00000002     os_task.obj (.econst:.string)
                  0000d2b2    00000002     cpu_core.obj (.econst)

.reset     0    003fffc0    00000002     DSECT
                  003fffc0    00000002     rts2800_fpu32.lib : boot28.asm.obj (.reset)

csm_rsvd   0    0033ff80    00000076     DSECT
                  0033ff80    00000076     DSP2833x_CSMPasswords.obj (csm_rsvd)

csmpasswds 
*          0    0033fff8    00000008     DSECT
                  0033fff8    00000008     DSP2833x_CSMPasswords.obj (csmpasswds)

.adc_cal   0    00380080    00000007     NOLOAD SECTION
                  00380080    00000007     DSP2833x_ADC_cal.obj (.adc_cal)

PieVectTableFile 
*          1    00000d00    00000100     UNINITIALIZED
                  00000d00    00000100     DSP2833x_GlobalVariableDefs.obj (PieVectTableFile)

DmaRegsFile 
*          1    00001000    000000e0     UNINITIALIZED
                  00001000    000000e0     DSP2833x_GlobalVariableDefs.obj (DmaRegsFile)

McbspaRegsFile 
*          1    00005000    00000025     UNINITIALIZED
                  00005000    00000025     DSP2833x_GlobalVariableDefs.obj (McbspaRegsFile)

McbspbRegsFile 
*          1    00005040    00000025     UNINITIALIZED
                  00005040    00000025     DSP2833x_GlobalVariableDefs.obj (McbspbRegsFile)

ECanaRegsFile 
*          1    00006000    00000034     UNINITIALIZED
                  00006000    00000034     DSP2833x_GlobalVariableDefs.obj (ECanaRegsFile)

ECanaLAMRegsFile 
*          1    00006040    00000040     UNINITIALIZED
                  00006040    00000040     DSP2833x_GlobalVariableDefs.obj (ECanaLAMRegsFile)

ECanaMboxesFile 
*          1    00006100    00000100     UNINITIALIZED
                  00006100    00000100     DSP2833x_GlobalVariableDefs.obj (ECanaMboxesFile)

ECanbRegsFile 
*          1    00006200    00000034     UNINITIALIZED
                  00006200    00000034     DSP2833x_GlobalVariableDefs.obj (ECanbRegsFile)

ECanbLAMRegsFile 
*          1    00006240    00000040     UNINITIALIZED
                  00006240    00000040     DSP2833x_GlobalVariableDefs.obj (ECanbLAMRegsFile)

ECanbMboxesFile 
*          1    00006300    00000100     UNINITIALIZED
                  00006300    00000100     DSP2833x_GlobalVariableDefs.obj (ECanbMboxesFile)

EPwm1RegsFile 
*          1    00006800    00000022     UNINITIALIZED
                  00006800    00000022     DSP2833x_GlobalVariableDefs.obj (EPwm1RegsFile)

EPwm2RegsFile 
*          1    00006840    00000022     UNINITIALIZED
                  00006840    00000022     DSP2833x_GlobalVariableDefs.obj (EPwm2RegsFile)

EPwm3RegsFile 
*          1    00006880    00000022     UNINITIALIZED
                  00006880    00000022     DSP2833x_GlobalVariableDefs.obj (EPwm3RegsFile)

EPwm4RegsFile 
*          1    000068c0    00000022     UNINITIALIZED
                  000068c0    00000022     DSP2833x_GlobalVariableDefs.obj (EPwm4RegsFile)

EPwm5RegsFile 
*          1    00006900    00000022     UNINITIALIZED
                  00006900    00000022     DSP2833x_GlobalVariableDefs.obj (EPwm5RegsFile)

EPwm6RegsFile 
*          1    00006940    00000022     UNINITIALIZED
                  00006940    00000022     DSP2833x_GlobalVariableDefs.obj (EPwm6RegsFile)

ECap1RegsFile 
*          1    00006a00    00000020     UNINITIALIZED
                  00006a00    00000020     DSP2833x_GlobalVariableDefs.obj (ECap1RegsFile)

ECap2RegsFile 
*          1    00006a20    00000020     UNINITIALIZED
                  00006a20    00000020     DSP2833x_GlobalVariableDefs.obj (ECap2RegsFile)

ECap3RegsFile 
*          1    00006a40    00000020     UNINITIALIZED
                  00006a40    00000020     DSP2833x_GlobalVariableDefs.obj (ECap3RegsFile)

ECap4RegsFile 
*          1    00006a60    00000020     UNINITIALIZED
                  00006a60    00000020     DSP2833x_GlobalVariableDefs.obj (ECap4RegsFile)

ECap5RegsFile 
*          1    00006a80    00000020     UNINITIALIZED
                  00006a80    00000020     DSP2833x_GlobalVariableDefs.obj (ECap5RegsFile)

ECap6RegsFile 
*          1    00006aa0    00000020     UNINITIALIZED
                  00006aa0    00000020     DSP2833x_GlobalVariableDefs.obj (ECap6RegsFile)

EQep1RegsFile 
*          1    00006b00    00000040     UNINITIALIZED
                  00006b00    00000040     DSP2833x_GlobalVariableDefs.obj (EQep1RegsFile)

EQep2RegsFile 
*          1    00006b40    00000040     UNINITIALIZED
                  00006b40    00000040     DSP2833x_GlobalVariableDefs.obj (EQep2RegsFile)

GpioCtrlRegsFile 
*          1    00006f80    0000002e     UNINITIALIZED
                  00006f80    0000002e     DSP2833x_GlobalVariableDefs.obj (GpioCtrlRegsFile)

GpioDataRegsFile 
*          1    00006fc0    00000020     UNINITIALIZED
                  00006fc0    00000020     DSP2833x_GlobalVariableDefs.obj (GpioDataRegsFile)

GpioIntRegsFile 
*          1    00006fe0    0000000a     UNINITIALIZED
                  00006fe0    0000000a     DSP2833x_GlobalVariableDefs.obj (GpioIntRegsFile)

SysCtrlRegsFile 
*          1    00007010    00000020     UNINITIALIZED
                  00007010    00000020     DSP2833x_GlobalVariableDefs.obj (SysCtrlRegsFile)

SpiaRegsFile 
*          1    00007040    00000010     UNINITIALIZED
                  00007040    00000010     DSP2833x_GlobalVariableDefs.obj (SpiaRegsFile)

SciaRegsFile 
*          1    00007050    00000010     UNINITIALIZED
                  00007050    00000010     DSP2833x_GlobalVariableDefs.obj (SciaRegsFile)

XIntruptRegsFile 
*          1    00007070    00000010     UNINITIALIZED
                  00007070    00000010     DSP2833x_GlobalVariableDefs.obj (XIntruptRegsFile)

AdcRegsFile 
*          1    00007100    0000001e     UNINITIALIZED
                  00007100    0000001e     DSP2833x_GlobalVariableDefs.obj (AdcRegsFile)

ScibRegsFile 
*          1    00007750    00000010     UNINITIALIZED
                  00007750    00000010     DSP2833x_GlobalVariableDefs.obj (ScibRegsFile)

ScicRegsFile 
*          1    00007770    00000010     UNINITIALIZED
                  00007770    00000010     DSP2833x_GlobalVariableDefs.obj (ScicRegsFile)

I2caRegsFile 
*          1    00007900    00000022     UNINITIALIZED
                  00007900    00000022     DSP2833x_GlobalVariableDefs.obj (I2caRegsFile)

CsmPwlFile 
*          1    0033fff8    00000008     UNINITIALIZED
                  0033fff8    00000008     DSP2833x_GlobalVariableDefs.obj (CsmPwlFile)

PartIdRegsFile 
*          1    00380090    00000001     UNINITIALIZED
                  00380090    00000001     DSP2833x_GlobalVariableDefs.obj (PartIdRegsFile)

.text.1    0    00009000    00001000     
                  00009000    0000056e     os_core.obj (.text)
                  0000956e    000004d6     os_task.obj (.text)
                  00009a44    0000038c     os_flag.obj (.text)
                  00009dd0    000001c2     os_sem.obj (.text)
                  00009f92    0000005a     DSP2833x_Sci.obj (.text)
                  00009fec    00000014     DSP2833x_Adc.obj (.text)

.text.2    0    0000a000    00001000     
                  0000a000    0000030c     os_q.obj (.text)
                  0000a30c    0000030c     DSP2833x_DefaultIsr.obj (.text:retain)
                  0000a618    00000151     ADC.obj (.text)
                  0000a769    00000001     os_dbg.obj (.text)
                  0000a76a    00000135     os_mem.obj (.text)
                  0000a89f    000000fc     DSP2833x_SysCtrl.obj (.text)
                  0000a99b    000000ee     DSP2833x_EPwm.obj (.text)
                  0000aa89    000000da     os_time.obj (.text)
                  0000ab63    000000d5     os_cpu_c.obj (.text)
                  0000ac38    000000c8     main.obj (.text)
                  0000ad00    000000ae     PWM.obj (.text)
                  0000adae    000000ad     Tool.obj (.text)
                  0000ae5b    000000a4     os_cpu_a.obj (.text)
                  0000aeff    00000001     rts2800_fpu32.lib : startup.c.obj (.text)
                  0000af00    00000091     UserSet.obj (.text)
                  0000af91    00000056     DSP2833x_CpuTimers.obj (.text)
                  0000afe7    00000012     rts2800_fpu32.lib : args_main.c.obj (.text)
                  0000aff9    00000007     DSP2833x_DisInt.obj (.text)

.text.3    0    0000b000    00000239     
                  0000b000    00000056     rts2800_fpu32.lib : boot28.asm.obj (.text)
                  0000b056    00000054     Uart.obj (.text)
                  0000b0aa    0000003d     Uart.obj (.text:retain)
                  0000b0e7    00000035     main.obj (.text:retain)
                  0000b11c    0000002a     rts2800_fpu32.lib : l_div28.asm.obj (.text)
                  0000b146    00000029                       : exit.c.obj (.text)
                  0000b16f    00000028     DSP2833x_PieCtrl.obj (.text)
                  0000b197    00000024     rts2800_fpu32.lib : cpy_tbl.c.obj (.text)
                  0000b1bb    0000001f     cpu_a.obj (.text)
                  0000b1da    0000001d     rts2800_fpu32.lib : memcpy.c.obj (.text)
                  0000b1f7    0000001b     os_var.obj (.text)
                  0000b212    00000011     DSP2833x_PieVect.obj (.text)
                  0000b223    00000009     rts2800_fpu32.lib : _lock.c.obj (.text)
                  0000b22c    00000008     DSP2833x_CodeStartBranch.obj (.text)
                  0000b234    00000003     DSP2833x_DBGIER.obj (.text)
                  0000b237    00000002     rts2800_fpu32.lib : pre_init.c.obj (.text)

MODULE SUMMARY

       Module                            code   initialized data   uninitialized data
       ------                            ----   ----------------   ------------------
    .\Hardware\
       ADC.obj                           337    84                 14                
       PWM.obj                           174    0                  10                
       Tool.obj                          173    0                  0                 
       UserSet.obj                       145    0                  8                 
       Uart.obj                          145    4                  1                 
    +--+---------------------------------+------+------------------+--------------------+
       Total:                            974    88                 33                
                                                                                     
    .\Stdlib\src\
       DSP2833x_GlobalVariableDefs.obj   0      0                  2679              
       DSP2833x_DefaultIsr.obj           780    0                  0                 
       DSP2833x_PieVect.obj              17     256                0                 
       DSP2833x_SysCtrl.obj              252    0                  0                 
       DSP2833x_EPwm.obj                 238    0                  0                 
       DSP2833x_CpuTimers.obj            86     0                  24                
       DSP2833x_Sci.obj                  90     0                  0                 
       DSP2833x_PieCtrl.obj              40     0                  0                 
       DSP2833x_Adc.obj                  20     0                  0                 
       DSP2833x_CodeStartBranch.obj      10     0                  0                 
       DSP2833x_ADC_cal.obj              7      0                  0                 
       DSP2833x_DisInt.obj               7      0                  0                 
       DSP2833x_usDelay.obj              4      0                  0                 
       DSP2833x_DBGIER.obj               3      0                  0                 
    +--+---------------------------------+------+------------------+--------------------+
       Total:                            1554   256                2703              
                                                                                     
    .\User\
       main.obj                          253    0                  770               
       os_var.obj                        27     0                  536               
    +--+---------------------------------+------+------------------+--------------------+
       Total:                            280    0                  1306              
                                                                                     
    .\uCOS\uC-CPU\
       cpu_core.obj                      0      2                  0                 
    +--+---------------------------------+------+------------------+--------------------+
       Total:                            0      2                  0                 
                                                                                     
    .\uCOS\uC-CPU\C28x\CCS\
       cpu_a.obj                         31     0                  0                 
    +--+---------------------------------+------+------------------+--------------------+
       Total:                            31     0                  0                 
                                                                                     
    .\uCOS\uCOS-II\Ports\C28x\Generic\CCS\
       os_cpu_c.obj                      213    0                  0                 
       os_cpu_a.obj                      164    0                  0                 
       os_dbg.obj                        1      58                 0                 
    +--+---------------------------------+------+------------------+--------------------+
       Total:                            378    58                 0                 
                                                                                     
    .\uCOS\uCOS-II\Source\
       os_core.obj                       1390   286                2050              
       os_task.obj                       1238   2                  0                 
       os_flag.obj                       908    2                  0                 
       os_q.obj                          780    2                  0                 
       os_sem.obj                        450    2                  0                 
       os_mem.obj                        309    2                  0                 
       os_time.obj                       218    0                  0                 
       os_mbox.obj                       0      2                  0                 
       os_mutex.obj                      0      2                  0                 
    +--+---------------------------------+------+------------------+--------------------+
       Total:                            5293   300                2050              
                                                                                     
    D:\TI\ccs\tools\compiler\ti-cgt-c2000_22.6.1.LTS\lib\rts2800_fpu32.lib
       boot28.asm.obj                    86     0                  0                 
       exit.c.obj                        41     14                 6                 
       l_div28.asm.obj                   42     0                  0                 
       cpy_tbl.c.obj                     36     0                  0                 
       memcpy.c.obj                      29     0                  0                 
       _lock.c.obj                       9      10                 4                 
       args_main.c.obj                   18     0                  0                 
       pre_init.c.obj                    2      0                  0                 
       startup.c.obj                     1      0                  0                 
    +--+---------------------------------+------+------------------+--------------------+
       Total:                            264    24                 10                
                                                                                     
       Stack:                            0      0                  944               
    +--+---------------------------------+------+------------------+--------------------+
       Grand Total:                      8774   728                7046              


GLOBAL DATA SYMBOLS: SORTED BY DATA PAGE

address     data page           name
--------    ----------------    ----
00000400      10 (00000400)     __stack

00000880      22 (00000880)     _DevEmuRegs

00000a80      2a (00000a80)     _FlashRegs

00000ae0      2b (00000ac0)     _CsmRegs

00000b00      2c (00000b00)     _AdcMirror
00000b20      2c (00000b00)     _XintfRegs

00000c00      30 (00000c00)     _CpuTimer0Regs
00000c08      30 (00000c00)     _CpuTimer1Regs
00000c10      30 (00000c00)     _CpuTimer2Regs

00000ce0      33 (00000cc0)     _PieCtrlRegs

00000d00      34 (00000d00)     _PieVectTable

00001000      40 (00001000)     _DmaRegs

00005000     140 (00005000)     _McbspaRegs

00005040     141 (00005040)     _McbspbRegs

00006000     180 (00006000)     _ECanaRegs

00006040     181 (00006040)     _ECanaLAMRegs

00006080     182 (00006080)     _ECanaMOTSRegs

000060c0     183 (000060c0)     _ECanaMOTORegs

00006100     184 (00006100)     _ECanaMboxes

00006200     188 (00006200)     _ECanbRegs

00006240     189 (00006240)     _ECanbLAMRegs

00006280     18a (00006280)     _ECanbMOTSRegs

000062c0     18b (000062c0)     _ECanbMOTORegs

00006300     18c (00006300)     _ECanbMboxes

00006800     1a0 (00006800)     _EPwm1Regs

00006840     1a1 (00006840)     _EPwm2Regs

00006880     1a2 (00006880)     _EPwm3Regs

000068c0     1a3 (000068c0)     _EPwm4Regs

00006900     1a4 (00006900)     _EPwm5Regs

00006940     1a5 (00006940)     _EPwm6Regs

00006a00     1a8 (00006a00)     _ECap1Regs
00006a20     1a8 (00006a00)     _ECap2Regs

00006a40     1a9 (00006a40)     _ECap3Regs
00006a60     1a9 (00006a40)     _ECap4Regs

00006a80     1aa (00006a80)     _ECap5Regs
00006aa0     1aa (00006a80)     _ECap6Regs

00006b00     1ac (00006b00)     _EQep1Regs

00006b40     1ad (00006b40)     _EQep2Regs

00006f80     1be (00006f80)     _GpioCtrlRegs

00006fc0     1bf (00006fc0)     _GpioDataRegs
00006fe0     1bf (00006fc0)     _GpioIntRegs

00007010     1c0 (00007000)     _SysCtrlRegs

00007040     1c1 (00007040)     _SpiaRegs
00007050     1c1 (00007040)     _SciaRegs
00007070     1c1 (00007040)     _XIntruptRegs

00007100     1c4 (00007100)     _AdcRegs

00007750     1dd (00007740)     _ScibRegs
00007770     1dd (00007740)     _ScicRegs

00007900     1e4 (00007900)     _I2caRegs

0000c000     300 (0000c000)     _OSTCBTbl

0000c420     310 (0000c400)     _CpuTimer0
0000c428     310 (0000c400)     _CpuTimer1
0000c430     310 (0000c400)     _CpuTimer2
0000c438     310 (0000c400)     _OSRdyTbl

0000c440     311 (0000c440)     _App_TaskPendStk

0000c540     315 (0000c540)     _App_TaskPostStk

0000c640     319 (0000c640)     _App_TaskStartStk

0000c740     31d (0000c740)     _OSTaskIdleStk

0000c840     321 (0000c840)     _OSTaskStatStk

0000c940     325 (0000c940)     _receiveBuffer

0000ca40     329 (0000ca40)     _sendBuffer

0000cb40     32d (0000cb40)     _OSEventTbl

0000cbe0     32f (0000cbc0)     _receiveOKFlag
0000cbe2     32f (0000cbc0)     _power
0000cbe4     32f (0000cbc0)     _useData
0000cbe8     32f (0000cbc0)     _elecCalData
0000cbf0     32f (0000cbc0)     _elecData

0000cc00     330 (0000cc00)     _OSTCBPrioTbl

0000cc80     332 (0000cc80)     _OSMemTbl
0000ccbc     332 (0000cc80)     _crc32Code
0000ccbe     332 (0000cc80)     __lock

0000ccc0     333 (0000ccc0)     _OSQTbl

0000cd00     334 (0000cd00)     _OSFlagTbl
0000cd2e     334 (0000cd00)     ___TI_enable_exit_profile_output
0000cd30     334 (0000cd00)     ___TI_cleanup_ptr
0000cd32     334 (0000cd00)     ___TI_dtors_ptr
0000cd34     334 (0000cd00)     __unlock

0000cd40     335 (0000cd40)     _OSCPUUsage
0000cd41     335 (0000cd40)     _OSStatRdy
0000cd42     335 (0000cd40)     _OSIntNesting
0000cd43     335 (0000cd40)     _OSLockNesting
0000cd44     335 (0000cd40)     _OSPrioCur
0000cd45     335 (0000cd40)     _OSPrioHighRdy
0000cd46     335 (0000cd40)     _OSRdyGrp
0000cd47     335 (0000cd40)     _OSRunning
0000cd48     335 (0000cd40)     _OSTaskCtr
0000cd49     335 (0000cd40)     _OSTickStepState
0000cd4a     335 (0000cd40)     _OSTaskRegNextAvailID
0000cd4c     335 (0000cd40)     _OSCtxSwCtr
0000cd4e     335 (0000cd40)     _OSEventFreeList
0000cd50     335 (0000cd40)     _OSFlagFreeList
0000cd52     335 (0000cd40)     _OSIdleCtrMax
0000cd54     335 (0000cd40)     _OSIdleCtrRun
0000cd56     335 (0000cd40)     _OSIdleCtr
0000cd58     335 (0000cd40)     _OSTCBCur
0000cd5a     335 (0000cd40)     _OSTCBFreeList
0000cd5c     335 (0000cd40)     _OSTCBHighRdy
0000cd5e     335 (0000cd40)     _OSTCBList
0000cd60     335 (0000cd40)     _OSMemFreeList
0000cd62     335 (0000cd40)     _OSQFreeList
0000cd64     335 (0000cd40)     _OSTime

0000d000     340 (0000d000)     _OSUnMapTbl

0000d100     344 (0000d100)     _PieVectTableInit

0000d200     348 (0000d200)     _tempTable

0000d24c     349 (0000d240)     _OSDebugEn
0000d24d     349 (0000d240)     _OSEventEn
0000d24e     349 (0000d240)     _OSEventMax
0000d24f     349 (0000d240)     _OSEventNameEn
0000d250     349 (0000d240)     _OSEventSize
0000d251     349 (0000d240)     _OSEventTblSize
0000d252     349 (0000d240)     _OSEventMultiEn
0000d253     349 (0000d240)     _OSFlagEn
0000d254     349 (0000d240)     _OSFlagGrpSize
0000d255     349 (0000d240)     _OSFlagNodeSize
0000d256     349 (0000d240)     _OSFlagWidth
0000d257     349 (0000d240)     _OSFlagMax
0000d258     349 (0000d240)     _OSFlagNameEn
0000d259     349 (0000d240)     _OSLowestPrio
0000d25a     349 (0000d240)     _OSMboxEn
0000d25b     349 (0000d240)     _OSMemEn
0000d25c     349 (0000d240)     _OSMemMax
0000d25d     349 (0000d240)     _OSMemNameEn
0000d25e     349 (0000d240)     _OSMemSize
0000d25f     349 (0000d240)     _OSMemTblSize
0000d260     349 (0000d240)     _OSMutexEn
0000d261     349 (0000d240)     _OSPtrSize
0000d262     349 (0000d240)     _OSQEn
0000d263     349 (0000d240)     _OSQMax
0000d264     349 (0000d240)     _OSQSize
0000d265     349 (0000d240)     _OSRdyTblSize
0000d266     349 (0000d240)     _OSSemEn
0000d267     349 (0000d240)     _OSStkWidth
0000d268     349 (0000d240)     _OSTaskCreateEn
0000d269     349 (0000d240)     _OSTaskCreateExtEn
0000d26a     349 (0000d240)     _OSTaskDelEn
0000d26b     349 (0000d240)     _OSTaskIdleStkSize
0000d26c     349 (0000d240)     _OSTaskProfileEn
0000d26d     349 (0000d240)     _OSTaskMax
0000d26e     349 (0000d240)     _OSTaskNameEn
0000d26f     349 (0000d240)     _OSTaskStatEn
0000d270     349 (0000d240)     _OSTaskStatStkSize
0000d271     349 (0000d240)     _OSTaskStatStkChkEn
0000d272     349 (0000d240)     _OSTaskSwHookEn
0000d273     349 (0000d240)     _OSTaskRegTblSize
0000d274     349 (0000d240)     _OSTCBPrioTblMax
0000d275     349 (0000d240)     _OSTCBSize
0000d276     349 (0000d240)     _OSTicksPerSec
0000d277     349 (0000d240)     _OSTimeTickHookEn
0000d278     349 (0000d240)     _OSVersionNbr
0000d279     349 (0000d240)     _OSTmrEn
0000d27a     349 (0000d240)     _OSTmrCfgMax
0000d27b     349 (0000d240)     _OSTmrCfgNameEn
0000d27c     349 (0000d240)     _OSTmrCfgWheelSize
0000d27d     349 (0000d240)     _OSTmrCfgTicksPerSec
0000d27e     349 (0000d240)     _OSTmrSize
0000d27f     349 (0000d240)     _OSTmrTblSize

0000d280     34a (0000d280)     _OSTmrWheelSize
0000d281     34a (0000d280)     _OSTmrWheelTblSize
0000d282     34a (0000d280)     _OSDataSize
0000d284     34a (0000d280)     _OSEndiannessTest
0000d2b2     34a (0000d280)     _CPU_EndiannessTest

0033fff8    cfff (0033ffc0)     _CsmPwl

00380090    e002 (00380080)     _PartIdRegs


GLOBAL SYMBOLS: SORTED ALPHABETICALLY BY Name 

page  address   name                            
----  -------   ----                            
abs   ffffffff  .text                           
0     0000b146  C$$EXIT                         
0     0000b11c  L$$DIV                          
0     0000b12b  L$$MOD                          
0     0000b139  UL$$DIV                         
0     0000b140  UL$$MOD                         
0     0000a6f9  _ADCConvertCalData              
0     0000a60e  _ADCINT_ISR                     
0     0000a673  _ADCInit                        
0     0000a618  _ADCReadValue                   
0     00380080  _ADC_cal                        
1     00000b00  _AdcMirror                      
1     00007100  _AdcRegs                        
1     0000c440  _App_TaskPendStk                
1     0000c540  _App_TaskPostStk                
1     0000c640  _App_TaskStartStk               
0     0000ac73  _BSP_Tick_Init                  
0     0000b1cc  _CPU_CntLeadZeros               
1     0000d2b2  _CPU_EndiannessTest             
0     0000b1bb  _CPU_IntDis                     
0     0000b1bd  _CPU_IntEn                      
0     0000b1d8  _CPU_RevBits                    
0     0000b1c4  _CPU_SR_Restore                 
0     0000b1bf  _CPU_SR_Save                    
0     0000afc4  _ConfigCpuTimer                 
1     0000c420  _CpuTimer0                      
1     00000c00  _CpuTimer0Regs                  
1     0000c428  _CpuTimer1                      
1     00000c08  _CpuTimer1Regs                  
1     0000c430  _CpuTimer2                      
1     00000c10  _CpuTimer2Regs                  
1     0033fff8  _CsmPwl                         
1     00000ae0  _CsmRegs                        
0     0000a96d  _CsmUnlock                      
0     0000a604  _DATALOG_ISR                    
0     0000a5fa  _DINTCH1_ISR                    
0     0000a5f0  _DINTCH2_ISR                    
0     0000a5e6  _DINTCH3_ISR                    
0     0000a5dc  _DINTCH4_ISR                    
0     0000a5d2  _DINTCH5_ISR                    
0     0000a5c8  _DINTCH6_ISR                    
0     0000aff9  _DSP28x_DisableInt              
0     0000affd  _DSP28x_RestoreInt              
0     00008026  _DSP28x_usDelay                 
1     00000880  _DevEmuRegs                     
0     0000a8a9  _DisableDog                     
1     00001000  _DmaRegs                        
0     0000a5be  _ECAN0INTA_ISR                  
0     0000a5b4  _ECAN0INTB_ISR                  
0     0000a5aa  _ECAN1INTA_ISR                  
0     0000a5a0  _ECAN1INTB_ISR                  
0     0000a596  _ECAP1_INT_ISR                  
0     0000a58c  _ECAP2_INT_ISR                  
0     0000a582  _ECAP3_INT_ISR                  
0     0000a578  _ECAP4_INT_ISR                  
0     0000a56e  _ECAP5_INT_ISR                  
0     0000a564  _ECAP6_INT_ISR                  
1     00006040  _ECanaLAMRegs                   
1     000060c0  _ECanaMOTORegs                  
1     00006080  _ECanaMOTSRegs                  
1     00006100  _ECanaMboxes                    
1     00006000  _ECanaRegs                      
1     00006240  _ECanbLAMRegs                   
1     000062c0  _ECanbMOTORegs                  
1     00006280  _ECanbMOTSRegs                  
1     00006300  _ECanbMboxes                    
1     00006200  _ECanbRegs                      
1     00006a00  _ECap1Regs                      
1     00006a20  _ECap2Regs                      
1     00006a40  _ECap3Regs                      
1     00006a60  _ECap4Regs                      
1     00006a80  _ECap5Regs                      
1     00006aa0  _ECap6Regs                      
0     0000a55a  _EMUINT_ISR                     
0     0000a550  _EPWM1_INT_ISR                  
0     0000a546  _EPWM1_TZINT_ISR                
0     0000a53c  _EPWM2_INT_ISR                  
0     0000a532  _EPWM2_TZINT_ISR                
0     0000a528  _EPWM3_INT_ISR                  
0     0000a51e  _EPWM3_TZINT_ISR                
0     0000a514  _EPWM4_INT_ISR                  
0     0000a50a  _EPWM4_TZINT_ISR                
0     0000a500  _EPWM5_INT_ISR                  
0     0000a4f6  _EPWM5_TZINT_ISR                
0     0000a4ec  _EPWM6_INT_ISR                  
0     0000a4e2  _EPWM6_TZINT_ISR                
1     00006800  _EPwm1Regs                      
1     00006840  _EPwm2Regs                      
1     00006880  _EPwm3Regs                      
1     000068c0  _EPwm4Regs                      
1     00006900  _EPwm5Regs                      
1     00006940  _EPwm6Regs                      
0     0000a4d8  _EQEP1_INT_ISR                  
0     0000a4ce  _EQEP2_INT_ISR                  
1     00006b00  _EQep1Regs                      
1     00006b40  _EQep2Regs                      
0     0000b18e  _EnableInterrupts               
1     00000a80  _FlashRegs                      
1     00006f80  _GpioCtrlRegs                   
1     00006fc0  _GpioDataRegs                   
1     00006fe0  _GpioIntRegs                    
0     0000a4c4  _I2CINT1A_ISR                   
0     0000a4ba  _I2CINT2A_ISR                   
1     00007900  _I2caRegs                       
0     0000a4b0  _ILLEGAL_ISR                    
0     0000a4a6  _INT13_ISR                      
0     0000a49c  _INT14_ISR                      
0     00009fec  _InitAdc                        
0     0000af91  _InitCpuTimers                  
0     0000aa88  _InitEPwm                       
0     0000a9f3  _InitEPwm1Gpio                  
0     0000aa09  _InitEPwm2Gpio                  
0     0000aa1f  _InitEPwm3Gpio                  
0     0000aa37  _InitEPwm4Gpio                  
0     0000aa4f  _InitEPwm5Gpio                  
0     0000aa65  _InitEPwm6Gpio                  
0     0000aa7b  _InitEPwmGpio                   
0     0000a9d8  _InitEPwmSyncGpio               
0     0000a8fe  _InitPeripheralClocks           
0     0000b16f  _InitPieCtrl                    
0     0000b212  _InitPieVectTable               
0     0000a8b1  _InitPll                        
0     00009feb  _InitSci                        
0     00009fe4  _InitSciGpio                    
0     00009fc8  _InitSciaGpio                   
0     00009faf  _InitScibGpio                   
0     00009f92  _InitScicGpio                   
0     0000a964  _InitSysCtrl                    
0     0000a99b  _InitTzGpio                     
0     0000a492  _LUF_ISR                        
0     0000a488  _LVF_ISR                        
0     0000a47e  _MRINTA_ISR                     
0     0000a474  _MRINTB_ISR                     
0     0000a46a  _MXINTA_ISR                     
0     0000a460  _MXINTB_ISR                     
1     00005000  _McbspaRegs                     
1     00005040  _McbspbRegs                     
0     0000a456  _NMI_ISR                        
1     0000cd40  _OSCPUUsage                     
1     0000cd4c  _OSCtxSwCtr                     
1     0000d282  _OSDataSize                     
1     0000d24c  _OSDebugEn                      
0     0000a769  _OSDebugInit                    
1     0000d284  _OSEndiannessTest               
1     0000d24d  _OSEventEn                      
1     0000cd4e  _OSEventFreeList                
1     0000d24e  _OSEventMax                     
1     0000d252  _OSEventMultiEn                 
1     0000d24f  _OSEventNameEn                  
0     0000953d  _OSEventNameGet                 
0     00009515  _OSEventNameSet                 
0     000093f8  _OSEventPendMulti               
1     0000d250  _OSEventSize                    
1     0000cb40  _OSEventTbl                     
1     0000d251  _OSEventTblSize                 
0     00009d59  _OSFlagAccept                   
0     00009d2a  _OSFlagCreate                   
0     00009cc7  _OSFlagDel                      
1     0000d253  _OSFlagEn                       
1     0000cd50  _OSFlagFreeList                 
1     0000d254  _OSFlagGrpSize                  
1     0000d257  _OSFlagMax                      
1     0000d258  _OSFlagNameEn                   
0     00009c93  _OSFlagNameGet                  
0     00009c6a  _OSFlagNameSet                  
1     0000d255  _OSFlagNodeSize                 
0     00009b89  _OSFlagPend                     
0     00009b45  _OSFlagPendGetFlagsRdy          
0     00009abd  _OSFlagPost                     
0     00009a7e  _OSFlagQuery                    
1     0000cd00  _OSFlagTbl                      
1     0000d256  _OSFlagWidth                    
1     0000cd56  _OSIdleCtr                      
1     0000cd52  _OSIdleCtrMax                   
1     0000cd54  _OSIdleCtrRun                   
0     000093df  _OSInit                         
0     0000abe2  _OSInitHookBegin                
0     0000abe1  _OSInitHookEnd                  
0     00009320  _OSIntEnter                     
0     000092f5  _OSIntExit                      
1     0000cd42  _OSIntNesting                   
1     0000cd43  _OSLockNesting                  
1     0000d259  _OSLowestPrio                   
1     0000d25a  _OSMboxEn                       
0     0000a850  _OSMemCreate                    
1     0000d25b  _OSMemEn                        
1     0000cd60  _OSMemFreeList                  
0     0000a82a  _OSMemGet                       
1     0000d25c  _OSMemMax                       
1     0000d25d  _OSMemNameEn                    
0     0000a7fd  _OSMemNameGet                   
0     0000a7db  _OSMemNameSet                   
0     0000a7b4  _OSMemPut                       
0     0000a78c  _OSMemQuery                     
1     0000d25e  _OSMemSize                      
1     0000cc80  _OSMemTbl                       
1     0000d25f  _OSMemTblSize                   
1     0000d260  _OSMutexEn                      
1     0000cd44  _OSPrioCur                      
1     0000cd45  _OSPrioHighRdy                  
1     0000d261  _OSPtrSize                      
0     0000a2d8  _OSQAccept                      
0     0000a287  _OSQCreate                      
0     0000a20f  _OSQDel                         
1     0000d262  _OSQEn                          
0     0000a1f5  _OSQFlush                       
1     0000cd62  _OSQFreeList                    
1     0000d263  _OSQMax                         
0     0000a173  _OSQPend                        
0     0000a134  _OSQPendAbort                   
0     0000a0f5  _OSQPost                        
0     0000a0b2  _OSQPostFront                   
0     0000a051  _OSQPostOpt                     
0     0000a01c  _OSQQuery                       
1     0000d264  _OSQSize                        
1     0000ccc0  _OSQTbl                         
1     0000cd46  _OSRdyGrp                       
1     0000c438  _OSRdyTbl                       
1     0000d265  _OSRdyTblSize                   
1     0000cd47  _OSRunning                      
0     000092e3  _OSSchedLock                    
0     000092cb  _OSSchedUnlock                  
0     00009f7c  _OSSemAccept                    
0     00009f54  _OSSemCreate                    
0     00009eec  _OSSemDel                       
1     0000d266  _OSSemEn                        
0     00009e84  _OSSemPend                      
0     00009e45  _OSSemPendAbort                 
0     00009e18  _OSSemPost                      
0     00009df2  _OSSemQuery                     
0     00009dd0  _OSSemSet                       
0     000092b6  _OSStart                        
0     0000ae6e  _OSStartHighRdy                 
0     0000929d  _OSStatInit                     
1     0000cd41  _OSStatRdy                      
1     0000d267  _OSStkWidth                     
1     0000cd58  _OSTCBCur                       
1     0000cd5a  _OSTCBFreeList                  
1     0000cd5c  _OSTCBHighRdy                   
0     0000abe0  _OSTCBInitHook                  
1     0000cd5e  _OSTCBList                      
1     0000cc00  _OSTCBPrioTbl                   
1     0000d274  _OSTCBPrioTblMax                
1     0000d275  _OSTCBSize                      
1     0000c000  _OSTCBTbl                       
0     0000997a  _OSTaskChangePrio               
0     00009928  _OSTaskCreate                   
1     0000d268  _OSTaskCreateEn                 
0     000098c6  _OSTaskCreateExt                
1     0000d269  _OSTaskCreateExtEn              
0     0000abdf  _OSTaskCreateHook               
1     0000cd48  _OSTaskCtr                      
0     00009579  _OSTaskDel                      
1     0000d26a  _OSTaskDelEn                    
0     0000abde  _OSTaskDelHook                  
0     00009889  _OSTaskDelReq                   
0     0000abdd  _OSTaskIdleHook                 
1     0000c740  _OSTaskIdleStk                  
1     0000d26b  _OSTaskIdleStkSize              
1     0000d26d  _OSTaskMax                      
1     0000d26e  _OSTaskNameEn                   
0     0000983e  _OSTaskNameGet                  
0     000097fc  _OSTaskNameSet                  
1     0000d26c  _OSTaskProfileEn                
0     000097be  _OSTaskQuery                    
0     00009789  _OSTaskRegGet                   
0     00009771  _OSTaskRegGetID                 
1     0000cd4a  _OSTaskRegNextAvailID           
0     00009738  _OSTaskRegSet                   
1     0000d273  _OSTaskRegTblSize               
0     000096e6  _OSTaskResume                   
0     0000abdc  _OSTaskReturnHook               
1     0000d26f  _OSTaskStatEn                   
0     0000abdb  _OSTaskStatHook                 
1     0000c840  _OSTaskStatStk                  
1     0000d271  _OSTaskStatStkChkEn             
1     0000d270  _OSTaskStatStkSize              
0     00009698  _OSTaskStkChk                   
0     0000ab65  _OSTaskStkInit                  
0     00009637  _OSTaskSuspend                  
0     0000ab64  _OSTaskSwHook                   
1     0000d272  _OSTaskSwHookEn                 
1     0000cd49  _OSTickStepState                
1     0000d276  _OSTicksPerSec                  
1     0000cd64  _OSTime                         
0     0000aaf2  _OSTimeDly                      
0     0000ab1f  _OSTimeDlyHMSM                  
0     0000aa9f  _OSTimeDlyResume                
0     0000aa94  _OSTimeGet                      
0     0000aa89  _OSTimeSet                      
0     00009241  _OSTimeTick                     
0     0000ab63  _OSTimeTickHook                 
1     0000d277  _OSTimeTickHookEn               
1     0000d27a  _OSTmrCfgMax                    
1     0000d27b  _OSTmrCfgNameEn                 
1     0000d27d  _OSTmrCfgTicksPerSec            
1     0000d27c  _OSTmrCfgWheelSize              
1     0000d279  _OSTmrEn                        
1     0000d27e  _OSTmrSize                      
1     0000d27f  _OSTmrTblSize                   
1     0000d280  _OSTmrWheelSize                 
1     0000d281  _OSTmrWheelTblSize              
1     0000d000  _OSUnMapTbl                     
0     0000923e  _OSVersion                      
1     0000d278  _OSVersionNbr                   
0     0000ae5b  _OS_CPU_GetST0                  
0     0000ae5e  _OS_CPU_GetST1                  
0     0000aea1  _OS_CPU_RTOSINT_Handler         
0     0000ae66  _OS_CPU_SR_Restore              
0     0000ae61  _OS_CPU_SR_Save                 
0     0000923d  _OS_Dummy                       
0     000091f9  _OS_EventTaskRdy                
0     000091e7  _OS_EventTaskRemove             
0     000091ca  _OS_EventTaskRemoveMulti        
0     000091a8  _OS_EventTaskWait               
0     0000917a  _OS_EventTaskWaitMulti          
0     00009174  _OS_EventWaitListInit           
0     00009a5a  _OS_FlagInit                    
0     00009a44  _OS_FlagUnlink                  
0     0000916e  _OS_MemClr                      
0     00009166  _OS_MemCopy                     
0     0000a76a  _OS_MemInit                     
0     0000a000  _OS_QInit                       
0     00009142  _OS_Sched                       
0     00009128  _OS_StrLen                      
0     0000907b  _OS_TCBInit                     
0     0000906d  _OS_TaskIdle                    
0     0000962e  _OS_TaskReturn                  
0     0000902b  _OS_TaskStat                    
0     00009000  _OS_TaskStatStkChk              
0     0000956e  _OS_TaskStkClr                  
0     0000a44c  _PIE_RESERVED                   
1     00380090  _PartIdRegs                     
1     00000ce0  _PieCtrlRegs                    
1     00000d00  _PieVectTable                   
1     0000d100  _PieVectTableInit               
0     0000b0aa  _SCIRXINTA_IRQn                 
0     0000a442  _SCIRXINTA_ISR                  
0     0000a438  _SCIRXINTB_ISR                  
0     0000a42e  _SCIRXINTC_ISR                  
0     0000a424  _SCITXINTA_ISR                  
0     0000a41a  _SCITXINTB_ISR                  
0     0000a410  _SCITXINTC_ISR                  
0     0000a406  _SEQ1INT_ISR                    
0     0000a3fc  _SEQ2INT_ISR                    
0     0000a3f2  _SPIRXINTA_ISR                  
0     0000a3e8  _SPITXINTA_ISR                  
1     00007050  _SciaRegs                       
1     00007750  _ScibRegs                       
1     00007770  _ScicRegs                       
0     0000a89f  _ServiceDog                     
0     0000b234  _SetDBGIER                      
1     00007040  _SpiaRegs                       
1     00007010  _SysCtrlRegs                    
0     0000a3de  _TINT0_ISR                      
0     0000a3d4  _USER10_ISR                     
0     0000a3ca  _USER11_ISR                     
0     0000a3c0  _USER12_ISR                     
0     0000a3b6  _USER1_ISR                      
0     0000a3ac  _USER2_ISR                      
0     0000a3a2  _USER3_ISR                      
0     0000a398  _USER4_ISR                      
0     0000a38e  _USER5_ISR                      
0     0000a384  _USER6_ISR                      
0     0000a37a  _USER7_ISR                      
0     0000a370  _USER8_ISR                      
0     0000a366  _USER9_ISR                      
0     0000a35c  _WAKEINT_ISR                    
0     0000a352  _XINT1_ISR                      
0     0000a348  _XINT2_ISR                      
0     0000a33e  _XINT3_ISR                      
0     0000a334  _XINT4_ISR                      
0     0000a32a  _XINT5_ISR                      
0     0000a320  _XINT6_ISR                      
0     0000a316  _XINT7_ISR                      
1     00007070  _XIntruptRegs                   
1     00000b20  _XintfRegs                      
1     000007b0  __STACK_END                     
abs   000003b0  __STACK_SIZE                    
1     0000cd30  ___TI_cleanup_ptr               
1     0000cd32  ___TI_dtors_ptr                 
1     0000cd2e  ___TI_enable_exit_profile_output
abs   ffffffff  ___TI_pprof_out_hndl            
abs   ffffffff  ___TI_prof_data_size            
abs   ffffffff  ___TI_prof_data_start           
abs   ffffffff  ___binit__                      
abs   ffffffff  ___c_args__                     
0     00008000  ___cinit__                      
abs   ffffffff  ___etext__                      
abs   ffffffff  ___pinit__                      
abs   ffffffff  ___text__                       
0     0000afe7  __args_main                     
1     0000ccbe  __lock                          
0     0000b22b  __nop                           
0     0000b227  __register_lock                 
0     0000b223  __register_unlock               
1     00000400  __stack                         
0     0000aeff  __system_post_cinit             
0     0000b237  __system_pre_init               
1     0000cd34  __unlock                        
0     0000b146  _abort                          
0     0000ad67  _adjustVoltage                  
0     0000b000  _c_int00                        
0     0000b197  _copy_in                        
0     0000b0e7  _cpu_timer0_isr                 
0     0000ae37  _crc32                          
1     0000ccbc  _crc32Code                      
1     0000cbe8  _elecCalData                    
1     0000cbf0  _elecData                       
0     0000b148  _exit                           
0     0000ae33  _getAbsValue                    
0     0000ae2c  _getStringLength                
0     0000b1f7  _initGlobalVar                  
0     0000ac38  _main                           
0     0000b1da  _memcpy                         
0     0000add0  _numToStr                       
1     0000cbe2  _power                          
0     0000ad00  _pwmInit                        
1     0000c940  _receiveBuffer                  
1     0000cbe0  _receiveOKFlag                  
0     0000a30c  _rsvd_ISR                       
1     0000ca40  _sendBuffer                     
0     0000af29  _sendElecData                   
0     0000adae  _strToNum                       
1     0000d200  _tempTable                      
0     0000b06d  _uartInit                       
0     0000b064  _uartReceiveByte                
0     0000b056  _uartSendByte                   
0     0000b05d  _uartSendString                 
0     0000af00  _updateUserSettingParamater     
1     0000cbe4  _useData                        
abs   ffffffff  binit                           
0     00008000  cinit                           
0     00000000  code_start                      
abs   ffffffff  etext                           
abs   ffffffff  pinit                           


GLOBAL SYMBOLS: SORTED BY Symbol Address 

page  address   name                            
----  -------   ----                            
0     00000000  code_start                      
0     00008000  ___cinit__                      
0     00008000  cinit                           
0     00008026  _DSP28x_usDelay                 
0     00009000  _OS_TaskStatStkChk              
0     0000902b  _OS_TaskStat                    
0     0000906d  _OS_TaskIdle                    
0     0000907b  _OS_TCBInit                     
0     00009128  _OS_StrLen                      
0     00009142  _OS_Sched                       
0     00009166  _OS_MemCopy                     
0     0000916e  _OS_MemClr                      
0     00009174  _OS_EventWaitListInit           
0     0000917a  _OS_EventTaskWaitMulti          
0     000091a8  _OS_EventTaskWait               
0     000091ca  _OS_EventTaskRemoveMulti        
0     000091e7  _OS_EventTaskRemove             
0     000091f9  _OS_EventTaskRdy                
0     0000923d  _OS_Dummy                       
0     0000923e  _OSVersion                      
0     00009241  _OSTimeTick                     
0     0000929d  _OSStatInit                     
0     000092b6  _OSStart                        
0     000092cb  _OSSchedUnlock                  
0     000092e3  _OSSchedLock                    
0     000092f5  _OSIntExit                      
0     00009320  _OSIntEnter                     
0     000093df  _OSInit                         
0     000093f8  _OSEventPendMulti               
0     00009515  _OSEventNameSet                 
0     0000953d  _OSEventNameGet                 
0     0000956e  _OS_TaskStkClr                  
0     00009579  _OSTaskDel                      
0     0000962e  _OS_TaskReturn                  
0     00009637  _OSTaskSuspend                  
0     00009698  _OSTaskStkChk                   
0     000096e6  _OSTaskResume                   
0     00009738  _OSTaskRegSet                   
0     00009771  _OSTaskRegGetID                 
0     00009789  _OSTaskRegGet                   
0     000097be  _OSTaskQuery                    
0     000097fc  _OSTaskNameSet                  
0     0000983e  _OSTaskNameGet                  
0     00009889  _OSTaskDelReq                   
0     000098c6  _OSTaskCreateExt                
0     00009928  _OSTaskCreate                   
0     0000997a  _OSTaskChangePrio               
0     00009a44  _OS_FlagUnlink                  
0     00009a5a  _OS_FlagInit                    
0     00009a7e  _OSFlagQuery                    
0     00009abd  _OSFlagPost                     
0     00009b45  _OSFlagPendGetFlagsRdy          
0     00009b89  _OSFlagPend                     
0     00009c6a  _OSFlagNameSet                  
0     00009c93  _OSFlagNameGet                  
0     00009cc7  _OSFlagDel                      
0     00009d2a  _OSFlagCreate                   
0     00009d59  _OSFlagAccept                   
0     00009dd0  _OSSemSet                       
0     00009df2  _OSSemQuery                     
0     00009e18  _OSSemPost                      
0     00009e45  _OSSemPendAbort                 
0     00009e84  _OSSemPend                      
0     00009eec  _OSSemDel                       
0     00009f54  _OSSemCreate                    
0     00009f7c  _OSSemAccept                    
0     00009f92  _InitScicGpio                   
0     00009faf  _InitScibGpio                   
0     00009fc8  _InitSciaGpio                   
0     00009fe4  _InitSciGpio                    
0     00009feb  _InitSci                        
0     00009fec  _InitAdc                        
0     0000a000  _OS_QInit                       
0     0000a01c  _OSQQuery                       
0     0000a051  _OSQPostOpt                     
0     0000a0b2  _OSQPostFront                   
0     0000a0f5  _OSQPost                        
0     0000a134  _OSQPendAbort                   
0     0000a173  _OSQPend                        
0     0000a1f5  _OSQFlush                       
0     0000a20f  _OSQDel                         
0     0000a287  _OSQCreate                      
0     0000a2d8  _OSQAccept                      
0     0000a30c  _rsvd_ISR                       
0     0000a316  _XINT7_ISR                      
0     0000a320  _XINT6_ISR                      
0     0000a32a  _XINT5_ISR                      
0     0000a334  _XINT4_ISR                      
0     0000a33e  _XINT3_ISR                      
0     0000a348  _XINT2_ISR                      
0     0000a352  _XINT1_ISR                      
0     0000a35c  _WAKEINT_ISR                    
0     0000a366  _USER9_ISR                      
0     0000a370  _USER8_ISR                      
0     0000a37a  _USER7_ISR                      
0     0000a384  _USER6_ISR                      
0     0000a38e  _USER5_ISR                      
0     0000a398  _USER4_ISR                      
0     0000a3a2  _USER3_ISR                      
0     0000a3ac  _USER2_ISR                      
0     0000a3b6  _USER1_ISR                      
0     0000a3c0  _USER12_ISR                     
0     0000a3ca  _USER11_ISR                     
0     0000a3d4  _USER10_ISR                     
0     0000a3de  _TINT0_ISR                      
0     0000a3e8  _SPITXINTA_ISR                  
0     0000a3f2  _SPIRXINTA_ISR                  
0     0000a3fc  _SEQ2INT_ISR                    
0     0000a406  _SEQ1INT_ISR                    
0     0000a410  _SCITXINTC_ISR                  
0     0000a41a  _SCITXINTB_ISR                  
0     0000a424  _SCITXINTA_ISR                  
0     0000a42e  _SCIRXINTC_ISR                  
0     0000a438  _SCIRXINTB_ISR                  
0     0000a442  _SCIRXINTA_ISR                  
0     0000a44c  _PIE_RESERVED                   
0     0000a456  _NMI_ISR                        
0     0000a460  _MXINTB_ISR                     
0     0000a46a  _MXINTA_ISR                     
0     0000a474  _MRINTB_ISR                     
0     0000a47e  _MRINTA_ISR                     
0     0000a488  _LVF_ISR                        
0     0000a492  _LUF_ISR                        
0     0000a49c  _INT14_ISR                      
0     0000a4a6  _INT13_ISR                      
0     0000a4b0  _ILLEGAL_ISR                    
0     0000a4ba  _I2CINT2A_ISR                   
0     0000a4c4  _I2CINT1A_ISR                   
0     0000a4ce  _EQEP2_INT_ISR                  
0     0000a4d8  _EQEP1_INT_ISR                  
0     0000a4e2  _EPWM6_TZINT_ISR                
0     0000a4ec  _EPWM6_INT_ISR                  
0     0000a4f6  _EPWM5_TZINT_ISR                
0     0000a500  _EPWM5_INT_ISR                  
0     0000a50a  _EPWM4_TZINT_ISR                
0     0000a514  _EPWM4_INT_ISR                  
0     0000a51e  _EPWM3_TZINT_ISR                
0     0000a528  _EPWM3_INT_ISR                  
0     0000a532  _EPWM2_TZINT_ISR                
0     0000a53c  _EPWM2_INT_ISR                  
0     0000a546  _EPWM1_TZINT_ISR                
0     0000a550  _EPWM1_INT_ISR                  
0     0000a55a  _EMUINT_ISR                     
0     0000a564  _ECAP6_INT_ISR                  
0     0000a56e  _ECAP5_INT_ISR                  
0     0000a578  _ECAP4_INT_ISR                  
0     0000a582  _ECAP3_INT_ISR                  
0     0000a58c  _ECAP2_INT_ISR                  
0     0000a596  _ECAP1_INT_ISR                  
0     0000a5a0  _ECAN1INTB_ISR                  
0     0000a5aa  _ECAN1INTA_ISR                  
0     0000a5b4  _ECAN0INTB_ISR                  
0     0000a5be  _ECAN0INTA_ISR                  
0     0000a5c8  _DINTCH6_ISR                    
0     0000a5d2  _DINTCH5_ISR                    
0     0000a5dc  _DINTCH4_ISR                    
0     0000a5e6  _DINTCH3_ISR                    
0     0000a5f0  _DINTCH2_ISR                    
0     0000a5fa  _DINTCH1_ISR                    
0     0000a604  _DATALOG_ISR                    
0     0000a60e  _ADCINT_ISR                     
0     0000a618  _ADCReadValue                   
0     0000a673  _ADCInit                        
0     0000a6f9  _ADCConvertCalData              
0     0000a769  _OSDebugInit                    
0     0000a76a  _OS_MemInit                     
0     0000a78c  _OSMemQuery                     
0     0000a7b4  _OSMemPut                       
0     0000a7db  _OSMemNameSet                   
0     0000a7fd  _OSMemNameGet                   
0     0000a82a  _OSMemGet                       
0     0000a850  _OSMemCreate                    
0     0000a89f  _ServiceDog                     
0     0000a8a9  _DisableDog                     
0     0000a8b1  _InitPll                        
0     0000a8fe  _InitPeripheralClocks           
0     0000a964  _InitSysCtrl                    
0     0000a96d  _CsmUnlock                      
0     0000a99b  _InitTzGpio                     
0     0000a9d8  _InitEPwmSyncGpio               
0     0000a9f3  _InitEPwm1Gpio                  
0     0000aa09  _InitEPwm2Gpio                  
0     0000aa1f  _InitEPwm3Gpio                  
0     0000aa37  _InitEPwm4Gpio                  
0     0000aa4f  _InitEPwm5Gpio                  
0     0000aa65  _InitEPwm6Gpio                  
0     0000aa7b  _InitEPwmGpio                   
0     0000aa88  _InitEPwm                       
0     0000aa89  _OSTimeSet                      
0     0000aa94  _OSTimeGet                      
0     0000aa9f  _OSTimeDlyResume                
0     0000aaf2  _OSTimeDly                      
0     0000ab1f  _OSTimeDlyHMSM                  
0     0000ab63  _OSTimeTickHook                 
0     0000ab64  _OSTaskSwHook                   
0     0000ab65  _OSTaskStkInit                  
0     0000abdb  _OSTaskStatHook                 
0     0000abdc  _OSTaskReturnHook               
0     0000abdd  _OSTaskIdleHook                 
0     0000abde  _OSTaskDelHook                  
0     0000abdf  _OSTaskCreateHook               
0     0000abe0  _OSTCBInitHook                  
0     0000abe1  _OSInitHookEnd                  
0     0000abe2  _OSInitHookBegin                
0     0000ac38  _main                           
0     0000ac73  _BSP_Tick_Init                  
0     0000ad00  _pwmInit                        
0     0000ad67  _adjustVoltage                  
0     0000adae  _strToNum                       
0     0000add0  _numToStr                       
0     0000ae2c  _getStringLength                
0     0000ae33  _getAbsValue                    
0     0000ae37  _crc32                          
0     0000ae5b  _OS_CPU_GetST0                  
0     0000ae5e  _OS_CPU_GetST1                  
0     0000ae61  _OS_CPU_SR_Save                 
0     0000ae66  _OS_CPU_SR_Restore              
0     0000ae6e  _OSStartHighRdy                 
0     0000aea1  _OS_CPU_RTOSINT_Handler         
0     0000aeff  __system_post_cinit             
0     0000af00  _updateUserSettingParamater     
0     0000af29  _sendElecData                   
0     0000af91  _InitCpuTimers                  
0     0000afc4  _ConfigCpuTimer                 
0     0000afe7  __args_main                     
0     0000aff9  _DSP28x_DisableInt              
0     0000affd  _DSP28x_RestoreInt              
0     0000b000  _c_int00                        
0     0000b056  _uartSendByte                   
0     0000b05d  _uartSendString                 
0     0000b064  _uartReceiveByte                
0     0000b06d  _uartInit                       
0     0000b0aa  _SCIRXINTA_IRQn                 
0     0000b0e7  _cpu_timer0_isr                 
0     0000b11c  L$$DIV                          
0     0000b12b  L$$MOD                          
0     0000b139  UL$$DIV                         
0     0000b140  UL$$MOD                         
0     0000b146  C$$EXIT                         
0     0000b146  _abort                          
0     0000b148  _exit                           
0     0000b16f  _InitPieCtrl                    
0     0000b18e  _EnableInterrupts               
0     0000b197  _copy_in                        
0     0000b1bb  _CPU_IntDis                     
0     0000b1bd  _CPU_IntEn                      
0     0000b1bf  _CPU_SR_Save                    
0     0000b1c4  _CPU_SR_Restore                 
0     0000b1cc  _CPU_CntLeadZeros               
0     0000b1d8  _CPU_RevBits                    
0     0000b1da  _memcpy                         
0     0000b1f7  _initGlobalVar                  
0     0000b212  _InitPieVectTable               
0     0000b223  __register_unlock               
0     0000b227  __register_lock                 
0     0000b22b  __nop                           
0     0000b234  _SetDBGIER                      
0     0000b237  __system_pre_init               
0     00380080  _ADC_cal                        
1     00000400  __stack                         
1     000007b0  __STACK_END                     
1     00000880  _DevEmuRegs                     
1     00000a80  _FlashRegs                      
1     00000ae0  _CsmRegs                        
1     00000b00  _AdcMirror                      
1     00000b20  _XintfRegs                      
1     00000c00  _CpuTimer0Regs                  
1     00000c08  _CpuTimer1Regs                  
1     00000c10  _CpuTimer2Regs                  
1     00000ce0  _PieCtrlRegs                    
1     00000d00  _PieVectTable                   
1     00001000  _DmaRegs                        
1     00005000  _McbspaRegs                     
1     00005040  _McbspbRegs                     
1     00006000  _ECanaRegs                      
1     00006040  _ECanaLAMRegs                   
1     00006080  _ECanaMOTSRegs                  
1     000060c0  _ECanaMOTORegs                  
1     00006100  _ECanaMboxes                    
1     00006200  _ECanbRegs                      
1     00006240  _ECanbLAMRegs                   
1     00006280  _ECanbMOTSRegs                  
1     000062c0  _ECanbMOTORegs                  
1     00006300  _ECanbMboxes                    
1     00006800  _EPwm1Regs                      
1     00006840  _EPwm2Regs                      
1     00006880  _EPwm3Regs                      
1     000068c0  _EPwm4Regs                      
1     00006900  _EPwm5Regs                      
1     00006940  _EPwm6Regs                      
1     00006a00  _ECap1Regs                      
1     00006a20  _ECap2Regs                      
1     00006a40  _ECap3Regs                      
1     00006a60  _ECap4Regs                      
1     00006a80  _ECap5Regs                      
1     00006aa0  _ECap6Regs                      
1     00006b00  _EQep1Regs                      
1     00006b40  _EQep2Regs                      
1     00006f80  _GpioCtrlRegs                   
1     00006fc0  _GpioDataRegs                   
1     00006fe0  _GpioIntRegs                    
1     00007010  _SysCtrlRegs                    
1     00007040  _SpiaRegs                       
1     00007050  _SciaRegs                       
1     00007070  _XIntruptRegs                   
1     00007100  _AdcRegs                        
1     00007750  _ScibRegs                       
1     00007770  _ScicRegs                       
1     00007900  _I2caRegs                       
1     0000c000  _OSTCBTbl                       
1     0000c420  _CpuTimer0                      
1     0000c428  _CpuTimer1                      
1     0000c430  _CpuTimer2                      
1     0000c438  _OSRdyTbl                       
1     0000c440  _App_TaskPendStk                
1     0000c540  _App_TaskPostStk                
1     0000c640  _App_TaskStartStk               
1     0000c740  _OSTaskIdleStk                  
1     0000c840  _OSTaskStatStk                  
1     0000c940  _receiveBuffer                  
1     0000ca40  _sendBuffer                     
1     0000cb40  _OSEventTbl                     
1     0000cbe0  _receiveOKFlag                  
1     0000cbe2  _power                          
1     0000cbe4  _useData                        
1     0000cbe8  _elecCalData                    
1     0000cbf0  _elecData                       
1     0000cc00  _OSTCBPrioTbl                   
1     0000cc80  _OSMemTbl                       
1     0000ccbc  _crc32Code                      
1     0000ccbe  __lock                          
1     0000ccc0  _OSQTbl                         
1     0000cd00  _OSFlagTbl                      
1     0000cd2e  ___TI_enable_exit_profile_output
1     0000cd30  ___TI_cleanup_ptr               
1     0000cd32  ___TI_dtors_ptr                 
1     0000cd34  __unlock                        
1     0000cd40  _OSCPUUsage                     
1     0000cd41  _OSStatRdy                      
1     0000cd42  _OSIntNesting                   
1     0000cd43  _OSLockNesting                  
1     0000cd44  _OSPrioCur                      
1     0000cd45  _OSPrioHighRdy                  
1     0000cd46  _OSRdyGrp                       
1     0000cd47  _OSRunning                      
1     0000cd48  _OSTaskCtr                      
1     0000cd49  _OSTickStepState                
1     0000cd4a  _OSTaskRegNextAvailID           
1     0000cd4c  _OSCtxSwCtr                     
1     0000cd4e  _OSEventFreeList                
1     0000cd50  _OSFlagFreeList                 
1     0000cd52  _OSIdleCtrMax                   
1     0000cd54  _OSIdleCtrRun                   
1     0000cd56  _OSIdleCtr                      
1     0000cd58  _OSTCBCur                       
1     0000cd5a  _OSTCBFreeList                  
1     0000cd5c  _OSTCBHighRdy                   
1     0000cd5e  _OSTCBList                      
1     0000cd60  _OSMemFreeList                  
1     0000cd62  _OSQFreeList                    
1     0000cd64  _OSTime                         
1     0000d000  _OSUnMapTbl                     
1     0000d100  _PieVectTableInit               
1     0000d200  _tempTable                      
1     0000d24c  _OSDebugEn                      
1     0000d24d  _OSEventEn                      
1     0000d24e  _OSEventMax                     
1     0000d24f  _OSEventNameEn                  
1     0000d250  _OSEventSize                    
1     0000d251  _OSEventTblSize                 
1     0000d252  _OSEventMultiEn                 
1     0000d253  _OSFlagEn                       
1     0000d254  _OSFlagGrpSize                  
1     0000d255  _OSFlagNodeSize                 
1     0000d256  _OSFlagWidth                    
1     0000d257  _OSFlagMax                      
1     0000d258  _OSFlagNameEn                   
1     0000d259  _OSLowestPrio                   
1     0000d25a  _OSMboxEn                       
1     0000d25b  _OSMemEn                        
1     0000d25c  _OSMemMax                       
1     0000d25d  _OSMemNameEn                    
1     0000d25e  _OSMemSize                      
1     0000d25f  _OSMemTblSize                   
1     0000d260  _OSMutexEn                      
1     0000d261  _OSPtrSize                      
1     0000d262  _OSQEn                          
1     0000d263  _OSQMax                         
1     0000d264  _OSQSize                        
1     0000d265  _OSRdyTblSize                   
1     0000d266  _OSSemEn                        
1     0000d267  _OSStkWidth                     
1     0000d268  _OSTaskCreateEn                 
1     0000d269  _OSTaskCreateExtEn              
1     0000d26a  _OSTaskDelEn                    
1     0000d26b  _OSTaskIdleStkSize              
1     0000d26c  _OSTaskProfileEn                
1     0000d26d  _OSTaskMax                      
1     0000d26e  _OSTaskNameEn                   
1     0000d26f  _OSTaskStatEn                   
1     0000d270  _OSTaskStatStkSize              
1     0000d271  _OSTaskStatStkChkEn             
1     0000d272  _OSTaskSwHookEn                 
1     0000d273  _OSTaskRegTblSize               
1     0000d274  _OSTCBPrioTblMax                
1     0000d275  _OSTCBSize                      
1     0000d276  _OSTicksPerSec                  
1     0000d277  _OSTimeTickHookEn               
1     0000d278  _OSVersionNbr                   
1     0000d279  _OSTmrEn                        
1     0000d27a  _OSTmrCfgMax                    
1     0000d27b  _OSTmrCfgNameEn                 
1     0000d27c  _OSTmrCfgWheelSize              
1     0000d27d  _OSTmrCfgTicksPerSec            
1     0000d27e  _OSTmrSize                      
1     0000d27f  _OSTmrTblSize                   
1     0000d280  _OSTmrWheelSize                 
1     0000d281  _OSTmrWheelTblSize              
1     0000d282  _OSDataSize                     
1     0000d284  _OSEndiannessTest               
1     0000d2b2  _CPU_EndiannessTest             
1     0033fff8  _CsmPwl                         
1     00380090  _PartIdRegs                     
abs   000003b0  __STACK_SIZE                    
abs   ffffffff  .text                           
abs   ffffffff  ___TI_pprof_out_hndl            
abs   ffffffff  ___TI_prof_data_size            
abs   ffffffff  ___TI_prof_data_start           
abs   ffffffff  ___binit__                      
abs   ffffffff  ___c_args__                     
abs   ffffffff  ___etext__                      
abs   ffffffff  ___pinit__                      
abs   ffffffff  ___text__                       
abs   ffffffff  binit                           
abs   ffffffff  etext                           
abs   ffffffff  pinit                           

[436 symbols]
