<?xml version="1.0" encoding="ISO-8859-1" ?>
<link_info>
   <banner>TMS320C2000 Linker PC v22.6.1.LTS</banner>
   <copyright>Copyright (c) 1996-2018 Texas Instruments Incorporated</copyright>
   <link_time>0x67b563b2</link_time>
   <link_errors>0x0</link_errors>
   <output_file>BuckPower.out</output_file>
   <entry_point>
      <name>_c_int00</name>
      <address>0xb636</address>
   </entry_point>
   <input_file_list>
      <input_file id="fl-2">
         <path>.\Hardware\</path>
         <kind>object</kind>
         <file>ADC.obj</file>
         <name>ADC.obj</name>
      </input_file>
      <input_file id="fl-3">
         <path>.\Hardware\</path>
         <kind>object</kind>
         <file>PWM.obj</file>
         <name>PWM.obj</name>
      </input_file>
      <input_file id="fl-4">
         <path>.\Hardware\</path>
         <kind>object</kind>
         <file>Tool.obj</file>
         <name>Tool.obj</name>
      </input_file>
      <input_file id="fl-5">
         <path>.\Hardware\</path>
         <kind>object</kind>
         <file>Uart.obj</file>
         <name>Uart.obj</name>
      </input_file>
      <input_file id="fl-6">
         <path>.\Hardware\</path>
         <kind>object</kind>
         <file>UserSet.obj</file>
         <name>UserSet.obj</name>
      </input_file>
      <input_file id="fl-7">
         <path>.\Stdlib\src\</path>
         <kind>object</kind>
         <file>DSP2833x_ADC_cal.obj</file>
         <name>DSP2833x_ADC_cal.obj</name>
      </input_file>
      <input_file id="fl-8">
         <path>.\Stdlib\src\</path>
         <kind>object</kind>
         <file>DSP2833x_Adc.obj</file>
         <name>DSP2833x_Adc.obj</name>
      </input_file>
      <input_file id="fl-9">
         <path>.\Stdlib\src\</path>
         <kind>object</kind>
         <file>DSP2833x_CSMPasswords.obj</file>
         <name>DSP2833x_CSMPasswords.obj</name>
      </input_file>
      <input_file id="fl-a">
         <path>.\Stdlib\src\</path>
         <kind>object</kind>
         <file>DSP2833x_CodeStartBranch.obj</file>
         <name>DSP2833x_CodeStartBranch.obj</name>
      </input_file>
      <input_file id="fl-b">
         <path>.\Stdlib\src\</path>
         <kind>object</kind>
         <file>DSP2833x_CpuTimers.obj</file>
         <name>DSP2833x_CpuTimers.obj</name>
      </input_file>
      <input_file id="fl-c">
         <path>.\Stdlib\src\</path>
         <kind>object</kind>
         <file>DSP2833x_DBGIER.obj</file>
         <name>DSP2833x_DBGIER.obj</name>
      </input_file>
      <input_file id="fl-d">
         <path>.\Stdlib\src\</path>
         <kind>object</kind>
         <file>DSP2833x_DMA.obj</file>
         <name>DSP2833x_DMA.obj</name>
      </input_file>
      <input_file id="fl-e">
         <path>.\Stdlib\src\</path>
         <kind>object</kind>
         <file>DSP2833x_DefaultIsr.obj</file>
         <name>DSP2833x_DefaultIsr.obj</name>
      </input_file>
      <input_file id="fl-f">
         <path>.\Stdlib\src\</path>
         <kind>object</kind>
         <file>DSP2833x_DisInt.obj</file>
         <name>DSP2833x_DisInt.obj</name>
      </input_file>
      <input_file id="fl-10">
         <path>.\Stdlib\src\</path>
         <kind>object</kind>
         <file>DSP2833x_ECan.obj</file>
         <name>DSP2833x_ECan.obj</name>
      </input_file>
      <input_file id="fl-11">
         <path>.\Stdlib\src\</path>
         <kind>object</kind>
         <file>DSP2833x_ECap.obj</file>
         <name>DSP2833x_ECap.obj</name>
      </input_file>
      <input_file id="fl-12">
         <path>.\Stdlib\src\</path>
         <kind>object</kind>
         <file>DSP2833x_EPwm.obj</file>
         <name>DSP2833x_EPwm.obj</name>
      </input_file>
      <input_file id="fl-13">
         <path>.\Stdlib\src\</path>
         <kind>object</kind>
         <file>DSP2833x_EQep.obj</file>
         <name>DSP2833x_EQep.obj</name>
      </input_file>
      <input_file id="fl-14">
         <path>.\Stdlib\src\</path>
         <kind>object</kind>
         <file>DSP2833x_GlobalVariableDefs.obj</file>
         <name>DSP2833x_GlobalVariableDefs.obj</name>
      </input_file>
      <input_file id="fl-15">
         <path>.\Stdlib\src\</path>
         <kind>object</kind>
         <file>DSP2833x_Gpio.obj</file>
         <name>DSP2833x_Gpio.obj</name>
      </input_file>
      <input_file id="fl-16">
         <path>.\Stdlib\src\</path>
         <kind>object</kind>
         <file>DSP2833x_I2C.obj</file>
         <name>DSP2833x_I2C.obj</name>
      </input_file>
      <input_file id="fl-17">
         <path>.\Stdlib\src\</path>
         <kind>object</kind>
         <file>DSP2833x_Mcbsp.obj</file>
         <name>DSP2833x_Mcbsp.obj</name>
      </input_file>
      <input_file id="fl-18">
         <path>.\Stdlib\src\</path>
         <kind>object</kind>
         <file>DSP2833x_MemCopy.obj</file>
         <name>DSP2833x_MemCopy.obj</name>
      </input_file>
      <input_file id="fl-19">
         <path>.\Stdlib\src\</path>
         <kind>object</kind>
         <file>DSP2833x_PieCtrl.obj</file>
         <name>DSP2833x_PieCtrl.obj</name>
      </input_file>
      <input_file id="fl-1a">
         <path>.\Stdlib\src\</path>
         <kind>object</kind>
         <file>DSP2833x_PieVect.obj</file>
         <name>DSP2833x_PieVect.obj</name>
      </input_file>
      <input_file id="fl-1b">
         <path>.\Stdlib\src\</path>
         <kind>object</kind>
         <file>DSP2833x_Sci.obj</file>
         <name>DSP2833x_Sci.obj</name>
      </input_file>
      <input_file id="fl-1c">
         <path>.\Stdlib\src\</path>
         <kind>object</kind>
         <file>DSP2833x_Spi.obj</file>
         <name>DSP2833x_Spi.obj</name>
      </input_file>
      <input_file id="fl-1d">
         <path>.\Stdlib\src\</path>
         <kind>object</kind>
         <file>DSP2833x_SysCtrl.obj</file>
         <name>DSP2833x_SysCtrl.obj</name>
      </input_file>
      <input_file id="fl-1e">
         <path>.\Stdlib\src\</path>
         <kind>object</kind>
         <file>DSP2833x_Xintf.obj</file>
         <name>DSP2833x_Xintf.obj</name>
      </input_file>
      <input_file id="fl-1f">
         <path>.\Stdlib\src\</path>
         <kind>object</kind>
         <file>DSP2833x_usDelay.obj</file>
         <name>DSP2833x_usDelay.obj</name>
      </input_file>
      <input_file id="fl-20">
         <path>.\User\</path>
         <kind>object</kind>
         <file>main.obj</file>
         <name>main.obj</name>
      </input_file>
      <input_file id="fl-21">
         <path>.\User\</path>
         <kind>object</kind>
         <file>os_var.obj</file>
         <name>os_var.obj</name>
      </input_file>
      <input_file id="fl-22">
         <path>.\uCOS\uC-CPU\C28x\CCS\</path>
         <kind>object</kind>
         <file>cpu_a.obj</file>
         <name>cpu_a.obj</name>
      </input_file>
      <input_file id="fl-23">
         <path>.\uCOS\uC-CPU\C28x\CCS\</path>
         <kind>object</kind>
         <file>cpu_c.obj</file>
         <name>cpu_c.obj</name>
      </input_file>
      <input_file id="fl-24">
         <path>.\uCOS\uC-CPU\</path>
         <kind>object</kind>
         <file>cpu_core.obj</file>
         <name>cpu_core.obj</name>
      </input_file>
      <input_file id="fl-25">
         <path>.\uCOS\uCOS-II\Ports\C28x\Generic\CCS\</path>
         <kind>object</kind>
         <file>os_cpu_a.obj</file>
         <name>os_cpu_a.obj</name>
      </input_file>
      <input_file id="fl-26">
         <path>.\uCOS\uCOS-II\Ports\C28x\Generic\CCS\</path>
         <kind>object</kind>
         <file>os_cpu_c.obj</file>
         <name>os_cpu_c.obj</name>
      </input_file>
      <input_file id="fl-27">
         <path>.\uCOS\uCOS-II\Ports\C28x\Generic\CCS\</path>
         <kind>object</kind>
         <file>os_cpu_i.obj</file>
         <name>os_cpu_i.obj</name>
      </input_file>
      <input_file id="fl-28">
         <path>.\uCOS\uCOS-II\Ports\C28x\Generic\CCS\</path>
         <kind>object</kind>
         <file>os_dbg.obj</file>
         <name>os_dbg.obj</name>
      </input_file>
      <input_file id="fl-29">
         <path>.\uCOS\uCOS-II\Source\</path>
         <kind>object</kind>
         <file>os_core.obj</file>
         <name>os_core.obj</name>
      </input_file>
      <input_file id="fl-2a">
         <path>.\uCOS\uCOS-II\Source\</path>
         <kind>object</kind>
         <file>os_flag.obj</file>
         <name>os_flag.obj</name>
      </input_file>
      <input_file id="fl-2b">
         <path>.\uCOS\uCOS-II\Source\</path>
         <kind>object</kind>
         <file>os_mbox.obj</file>
         <name>os_mbox.obj</name>
      </input_file>
      <input_file id="fl-2c">
         <path>.\uCOS\uCOS-II\Source\</path>
         <kind>object</kind>
         <file>os_mem.obj</file>
         <name>os_mem.obj</name>
      </input_file>
      <input_file id="fl-2d">
         <path>.\uCOS\uCOS-II\Source\</path>
         <kind>object</kind>
         <file>os_mutex.obj</file>
         <name>os_mutex.obj</name>
      </input_file>
      <input_file id="fl-2e">
         <path>.\uCOS\uCOS-II\Source\</path>
         <kind>object</kind>
         <file>os_q.obj</file>
         <name>os_q.obj</name>
      </input_file>
      <input_file id="fl-2f">
         <path>.\uCOS\uCOS-II\Source\</path>
         <kind>object</kind>
         <file>os_sem.obj</file>
         <name>os_sem.obj</name>
      </input_file>
      <input_file id="fl-30">
         <path>.\uCOS\uCOS-II\Source\</path>
         <kind>object</kind>
         <file>os_task.obj</file>
         <name>os_task.obj</name>
      </input_file>
      <input_file id="fl-31">
         <path>.\uCOS\uCOS-II\Source\</path>
         <kind>object</kind>
         <file>os_time.obj</file>
         <name>os_time.obj</name>
      </input_file>
      <input_file id="fl-32">
         <path>.\uCOS\uCOS-II\Source\</path>
         <kind>object</kind>
         <file>os_tmr.obj</file>
         <name>os_tmr.obj</name>
      </input_file>
      <input_file id="fl-37">
         <kind>object</kind>
         <file>&lt;internal&gt;</file>
         <name>&lt;internal&gt;</name>
      </input_file>
      <input_file id="fl-43">
         <path>D:\TI\ccs\tools\compiler\ti-cgt-c2000_22.6.1.LTS\lib\</path>
         <kind>archive</kind>
         <file>rts2800_fpu32.lib</file>
         <name>boot28.asm.obj</name>
      </input_file>
      <input_file id="fl-44">
         <path>D:\TI\ccs\tools\compiler\ti-cgt-c2000_22.6.1.LTS\lib\</path>
         <kind>archive</kind>
         <file>rts2800_fpu32.lib</file>
         <name>l_div28.asm.obj</name>
      </input_file>
      <input_file id="fl-45">
         <path>D:\TI\ccs\tools\compiler\ti-cgt-c2000_22.6.1.LTS\lib\</path>
         <kind>archive</kind>
         <file>rts2800_fpu32.lib</file>
         <name>cpy_tbl.c.obj</name>
      </input_file>
      <input_file id="fl-46">
         <path>D:\TI\ccs\tools\compiler\ti-cgt-c2000_22.6.1.LTS\lib\</path>
         <kind>archive</kind>
         <file>rts2800_fpu32.lib</file>
         <name>memcpy.c.obj</name>
      </input_file>
      <input_file id="fl-47">
         <path>D:\TI\ccs\tools\compiler\ti-cgt-c2000_22.6.1.LTS\lib\</path>
         <kind>archive</kind>
         <file>rts2800_fpu32.lib</file>
         <name>pre_init.c.obj</name>
      </input_file>
      <input_file id="fl-48">
         <path>D:\TI\ccs\tools\compiler\ti-cgt-c2000_22.6.1.LTS\lib\</path>
         <kind>archive</kind>
         <file>rts2800_fpu32.lib</file>
         <name>startup.c.obj</name>
      </input_file>
      <input_file id="fl-49">
         <path>D:\TI\ccs\tools\compiler\ti-cgt-c2000_22.6.1.LTS\lib\</path>
         <kind>archive</kind>
         <file>rts2800_fpu32.lib</file>
         <name>exit.c.obj</name>
      </input_file>
      <input_file id="fl-4a">
         <path>D:\TI\ccs\tools\compiler\ti-cgt-c2000_22.6.1.LTS\lib\</path>
         <kind>archive</kind>
         <file>rts2800_fpu32.lib</file>
         <name>_lock.c.obj</name>
      </input_file>
      <input_file id="fl-4b">
         <path>D:\TI\ccs\tools\compiler\ti-cgt-c2000_22.6.1.LTS\lib\</path>
         <kind>archive</kind>
         <file>rts2800_fpu32.lib</file>
         <name>args_main.c.obj</name>
      </input_file>
   </input_file_list>
   <object_component_list>
      <object_component id="oc-7a">
         <name>codestart</name>
         <load_address>0x0</load_address>
         <run_address>0x0</run_address>
         <size>0x2</size>
         <input_file_ref idref="fl-a"/>
      </object_component>
      <object_component id="oc-114">
         <name>.TI.ramfunc</name>
         <load_address>0x8026</load_address>
         <run_address>0x8026</run_address>
         <size>0x4</size>
         <input_file_ref idref="fl-1f"/>
      </object_component>
      <object_component id="oc-1b4">
         <name>.text</name>
         <load_address>0x9000</load_address>
         <run_address>0x9000</run_address>
         <size>0x7a6</size>
         <input_file_ref idref="fl-29"/>
      </object_component>
      <object_component id="oc-1c4">
         <name>.text</name>
         <load_address>0x97a6</load_address>
         <run_address>0x97a6</run_address>
         <size>0x5cc</size>
         <input_file_ref idref="fl-30"/>
      </object_component>
      <object_component id="oc-1bb">
         <name>.text</name>
         <load_address>0x9d72</load_address>
         <run_address>0x9d72</run_address>
         <size>0x194</size>
         <input_file_ref idref="fl-2c"/>
      </object_component>
      <object_component id="oc-1c8">
         <name>.text</name>
         <load_address>0x9f06</load_address>
         <run_address>0x9f06</run_address>
         <size>0xf7</size>
         <input_file_ref idref="fl-1d"/>
      </object_component>
      <object_component id="oc-85">
         <name>.text</name>
         <load_address>0x9ffd</load_address>
         <run_address>0x9ffd</run_address>
         <size>0x3</size>
         <input_file_ref idref="fl-c"/>
      </object_component>
      <object_component id="oc-1ba">
         <name>.text</name>
         <load_address>0xa000</load_address>
         <run_address>0xa000</run_address>
         <size>0x4f3</size>
         <input_file_ref idref="fl-2a"/>
      </object_component>
      <object_component id="oc-1bc">
         <name>.text</name>
         <load_address>0xa4f3</load_address>
         <run_address>0xa4f3</run_address>
         <size>0x3fc</size>
         <input_file_ref idref="fl-2e"/>
      </object_component>
      <object_component id="oc-90">
         <name>.text:retain</name>
         <load_address>0xa8ef</load_address>
         <run_address>0xa8ef</run_address>
         <size>0x30c</size>
         <input_file_ref idref="fl-e"/>
      </object_component>
      <object_component id="oc-1cc">
         <name>.text</name>
         <load_address>0xabfb</load_address>
         <run_address>0xabfb</run_address>
         <size>0x186</size>
         <input_file_ref idref="fl-2"/>
      </object_component>
      <object_component id="oc-1b5">
         <name>.text</name>
         <load_address>0xad81</load_address>
         <run_address>0xad81</run_address>
         <size>0x13f</size>
         <input_file_ref idref="fl-26"/>
      </object_component>
      <object_component id="oc-1bf">
         <name>.text</name>
         <load_address>0xaec0</load_address>
         <run_address>0xaec0</run_address>
         <size>0x10e</size>
         <input_file_ref idref="fl-31"/>
      </object_component>
      <object_component id="oc-184">
         <name>.text</name>
         <load_address>0xafce</load_address>
         <run_address>0xafce</run_address>
         <size>0x2a</size>
         <input_file_ref idref="fl-44"/>
      </object_component>
      <object_component id="oc-79">
         <name>.text</name>
         <load_address>0xaff8</load_address>
         <run_address>0xaff8</run_address>
         <size>0x8</size>
         <input_file_ref idref="fl-a"/>
      </object_component>
      <object_component id="oc-1b7">
         <name>.text</name>
         <load_address>0xb000</load_address>
         <run_address>0xb000</run_address>
         <size>0xf4</size>
         <input_file_ref idref="fl-20"/>
      </object_component>
      <object_component id="oc-1d2">
         <name>.text</name>
         <load_address>0xb0f4</load_address>
         <run_address>0xb0f4</run_address>
         <size>0xec</size>
         <input_file_ref idref="fl-6"/>
      </object_component>
      <object_component id="oc-1df">
         <name>.text</name>
         <load_address>0xb1e0</load_address>
         <run_address>0xb1e0</run_address>
         <size>0xd3</size>
         <input_file_ref idref="fl-4"/>
      </object_component>
      <object_component id="oc-1dd">
         <name>.text</name>
         <load_address>0xb2b3</load_address>
         <run_address>0xb2b3</run_address>
         <size>0xc8</size>
         <input_file_ref idref="fl-12"/>
      </object_component>
      <object_component id="oc-1ce">
         <name>.text</name>
         <load_address>0xb37b</load_address>
         <run_address>0xb37b</run_address>
         <size>0xb5</size>
         <input_file_ref idref="fl-3"/>
      </object_component>
      <object_component id="oc-136">
         <name>.text</name>
         <load_address>0xb430</load_address>
         <run_address>0xb430</run_address>
         <size>0xa4</size>
         <input_file_ref idref="fl-25"/>
      </object_component>
      <object_component id="oc-1bd">
         <name>.text</name>
         <load_address>0xb4d4</load_address>
         <run_address>0xb4d4</run_address>
         <size>0x8d</size>
         <input_file_ref idref="fl-28"/>
      </object_component>
      <object_component id="oc-1cf">
         <name>.text</name>
         <load_address>0xb561</load_address>
         <run_address>0xb561</run_address>
         <size>0x74</size>
         <input_file_ref idref="fl-b"/>
      </object_component>
      <object_component id="oc-1cd">
         <name>.text</name>
         <load_address>0xb5d5</load_address>
         <run_address>0xb5d5</run_address>
         <size>0x61</size>
         <input_file_ref idref="fl-5"/>
      </object_component>
      <object_component id="oc-4c">
         <name>.text</name>
         <load_address>0xb636</load_address>
         <run_address>0xb636</run_address>
         <size>0x56</size>
         <input_file_ref idref="fl-43"/>
      </object_component>
      <object_component id="oc-1dc">
         <name>.text</name>
         <load_address>0xb68c</load_address>
         <run_address>0xb68c</run_address>
         <size>0x47</size>
         <input_file_ref idref="fl-1b"/>
      </object_component>
      <object_component id="oc-62">
         <name>.text:retain</name>
         <load_address>0xb6d3</load_address>
         <run_address>0xb6d3</run_address>
         <size>0x3e</size>
         <input_file_ref idref="fl-5"/>
      </object_component>
      <object_component id="oc-11b">
         <name>.text:retain</name>
         <load_address>0xb711</load_address>
         <run_address>0xb711</run_address>
         <size>0x38</size>
         <input_file_ref idref="fl-20"/>
      </object_component>
      <object_component id="oc-1b2">
         <name>.text</name>
         <load_address>0xb749</load_address>
         <run_address>0xb749</run_address>
         <size>0x29</size>
         <input_file_ref idref="fl-49"/>
      </object_component>
      <object_component id="oc-1c9">
         <name>.text</name>
         <load_address>0xb772</load_address>
         <run_address>0xb772</run_address>
         <size>0x28</size>
         <input_file_ref idref="fl-19"/>
      </object_component>
      <object_component id="oc-1af">
         <name>.text</name>
         <load_address>0xb79a</load_address>
         <run_address>0xb79a</run_address>
         <size>0x24</size>
         <input_file_ref idref="fl-45"/>
      </object_component>
      <object_component id="oc-1ca">
         <name>.text</name>
         <load_address>0xb7be</load_address>
         <run_address>0xb7be</run_address>
         <size>0x20</size>
         <input_file_ref idref="fl-1a"/>
      </object_component>
      <object_component id="oc-126">
         <name>.text</name>
         <load_address>0xb7de</load_address>
         <run_address>0xb7de</run_address>
         <size>0x1f</size>
         <input_file_ref idref="fl-22"/>
      </object_component>
      <object_component id="oc-1b6">
         <name>.text</name>
         <load_address>0xb7fd</load_address>
         <run_address>0xb7fd</run_address>
         <size>0x1d</size>
         <input_file_ref idref="fl-46"/>
      </object_component>
      <object_component id="oc-1d9">
         <name>.text</name>
         <load_address>0xb81a</load_address>
         <run_address>0xb81a</run_address>
         <size>0x14</size>
         <input_file_ref idref="fl-8"/>
      </object_component>
      <object_component id="oc-1cb">
         <name>.text</name>
         <load_address>0xb82e</load_address>
         <run_address>0xb82e</run_address>
         <size>0x12</size>
         <input_file_ref idref="fl-21"/>
      </object_component>
      <object_component id="oc-1b1">
         <name>.text</name>
         <load_address>0xb840</load_address>
         <run_address>0xb840</run_address>
         <size>0x12</size>
         <input_file_ref idref="fl-4b"/>
      </object_component>
      <object_component id="oc-1d3">
         <name>.text</name>
         <load_address>0xb852</load_address>
         <run_address>0xb852</run_address>
         <size>0x9</size>
         <input_file_ref idref="fl-4a"/>
      </object_component>
      <object_component id="oc-95">
         <name>.text</name>
         <load_address>0xb85b</load_address>
         <run_address>0xb85b</run_address>
         <size>0x7</size>
         <input_file_ref idref="fl-f"/>
      </object_component>
      <object_component id="oc-1ae">
         <name>.text</name>
         <load_address>0xb862</load_address>
         <run_address>0xb862</run_address>
         <size>0x2</size>
         <input_file_ref idref="fl-47"/>
      </object_component>
      <object_component id="oc-1b0">
         <name>.text</name>
         <load_address>0xb864</load_address>
         <run_address>0xb864</run_address>
         <size>0x1</size>
         <input_file_ref idref="fl-48"/>
      </object_component>
      <object_component id="oc-19e">
         <name>.cinit</name>
         <load_address>0x8000</load_address>
         <run_address>0x8000</run_address>
         <size>0xe</size>
         <input_file_ref idref="fl-49"/>
      </object_component>
      <object_component id="oc-4e">
         <name>.cinit</name>
         <load_address>0x800e</load_address>
         <run_address>0x800e</run_address>
         <size>0x8</size>
         <input_file_ref idref="fl-2"/>
      </object_component>
      <object_component id="oc-1b9">
         <name>.cinit:__lock</name>
         <load_address>0x8016</load_address>
         <run_address>0x8016</run_address>
         <size>0x5</size>
         <input_file_ref idref="fl-4a"/>
      </object_component>
      <object_component id="oc-1d4">
         <name>.cinit:__unlock</name>
         <load_address>0x801b</load_address>
         <run_address>0x801b</run_address>
         <size>0x5</size>
         <input_file_ref idref="fl-4a"/>
      </object_component>
      <object_component id="oc-60">
         <name>.cinit</name>
         <load_address>0x8020</load_address>
         <run_address>0x8020</run_address>
         <size>0x4</size>
         <input_file_ref idref="fl-5"/>
      </object_component>
      <object_component id="oc-17e">
         <name>.stack</name>
         <uninitialized>true</uninitialized>
         <run_address>0x400</run_address>
         <size>0x0</size>
         <input_file_ref idref="fl-43"/>
      </object_component>
      <object_component id="oc-237">
         <name>.stack</name>
         <uninitialized>true</uninitialized>
         <run_address>0x400</run_address>
         <size>0x0</size>
      </object_component>
      <object_component id="oc-4f">
         <name>.ebss</name>
         <uninitialized>true</uninitialized>
         <run_address>0xcffa</run_address>
         <size>0x6</size>
         <input_file_ref idref="fl-2"/>
      </object_component>
      <object_component id="oc-1da">
         <name>.ebss:_samplingValue</name>
         <uninitialized>true</uninitialized>
         <run_address>0xcef8</run_address>
         <size>0x8</size>
         <input_file_ref idref="fl-2"/>
      </object_component>
      <object_component id="oc-55">
         <name>.ebss</name>
         <uninitialized>true</uninitialized>
         <run_address>0xcff0</run_address>
         <size>0xa</size>
         <input_file_ref idref="fl-3"/>
      </object_component>
      <object_component id="oc-61">
         <name>.ebss</name>
         <uninitialized>true</uninitialized>
         <run_address>0xd038</run_address>
         <size>0x1</size>
         <input_file_ref idref="fl-5"/>
      </object_component>
      <object_component id="oc-68">
         <name>.ebss</name>
         <uninitialized>true</uninitialized>
         <run_address>0xcfbc</run_address>
         <size>0x2</size>
         <input_file_ref idref="fl-6"/>
      </object_component>
      <object_component id="oc-1de">
         <name>.ebss:_parameterTemp</name>
         <uninitialized>true</uninitialized>
         <run_address>0xd028</run_address>
         <size>0x6</size>
         <input_file_ref idref="fl-6"/>
      </object_component>
      <object_component id="oc-80">
         <name>.ebss</name>
         <uninitialized>true</uninitialized>
         <run_address>0xc420</run_address>
         <size>0x18</size>
         <input_file_ref idref="fl-b"/>
      </object_component>
      <object_component id="oc-11a">
         <name>.ebss</name>
         <uninitialized>true</uninitialized>
         <run_address>0xd036</run_address>
         <size>0x2</size>
         <input_file_ref idref="fl-20"/>
      </object_component>
      <object_component id="oc-1c7">
         <name>.ebss:_create_task_stk</name>
         <uninitialized>true</uninitialized>
         <run_address>0xc640</run_address>
         <size>0x200</size>
         <input_file_ref idref="fl-20"/>
      </object_component>
      <object_component id="oc-1d0">
         <name>.ebss:_measure_task_stk</name>
         <uninitialized>true</uninitialized>
         <run_address>0xc840</run_address>
         <size>0x200</size>
         <input_file_ref idref="fl-20"/>
      </object_component>
      <object_component id="oc-1d1">
         <name>.ebss:_communication_task_stk</name>
         <uninitialized>true</uninitialized>
         <run_address>0xc440</run_address>
         <size>0x200</size>
         <input_file_ref idref="fl-20"/>
      </object_component>
      <object_component id="oc-121">
         <name>.ebss</name>
         <uninitialized>true</uninitialized>
         <run_address>0xcee0</run_address>
         <size>0x18</size>
         <input_file_ref idref="fl-21"/>
      </object_component>
      <object_component id="oc-1b3">
         <name>.ebss:_receiveBuffer</name>
         <uninitialized>true</uninitialized>
         <run_address>0xcc40</run_address>
         <size>0x100</size>
         <input_file_ref idref="fl-21"/>
      </object_component>
      <object_component id="oc-1e0">
         <name>.ebss:_sendBuffer</name>
         <uninitialized>true</uninitialized>
         <run_address>0xcd40</run_address>
         <size>0x100</size>
         <input_file_ref idref="fl-21"/>
      </object_component>
      <object_component id="oc-147">
         <name>.ebss</name>
         <uninitialized>true</uninitialized>
         <run_address>0xd040</run_address>
         <size>0x26</size>
         <input_file_ref idref="fl-29"/>
      </object_component>
      <object_component id="oc-1c0">
         <name>.ebss:_OSRdyTbl</name>
         <uninitialized>true</uninitialized>
         <run_address>0xc438</run_address>
         <size>0x8</size>
         <input_file_ref idref="fl-29"/>
      </object_component>
      <object_component id="oc-1d5">
         <name>.ebss:_OSFlagTbl</name>
         <uninitialized>true</uninitialized>
         <run_address>0xd000</run_address>
         <size>0x28</size>
         <input_file_ref idref="fl-29"/>
      </object_component>
      <object_component id="oc-1d7">
         <name>.ebss:_OSQTbl</name>
         <uninitialized>true</uninitialized>
         <run_address>0xcfc0</run_address>
         <size>0x30</size>
         <input_file_ref idref="fl-29"/>
      </object_component>
      <object_component id="oc-1d6">
         <name>.ebss:_OSMemTbl</name>
         <uninitialized>true</uninitialized>
         <run_address>0xcf80</run_address>
         <size>0x3c</size>
         <input_file_ref idref="fl-29"/>
      </object_component>
      <object_component id="oc-1be">
         <name>.ebss:_OSTCBPrioTbl</name>
         <uninitialized>true</uninitialized>
         <run_address>0xcf00</run_address>
         <size>0x80</size>
         <input_file_ref idref="fl-29"/>
      </object_component>
      <object_component id="oc-1c2">
         <name>.ebss:_OSEventTbl</name>
         <uninitialized>true</uninitialized>
         <run_address>0xce40</run_address>
         <size>0xa0</size>
         <input_file_ref idref="fl-29"/>
      </object_component>
      <object_component id="oc-1c5">
         <name>.ebss:_OSTaskStatStk</name>
         <uninitialized>true</uninitialized>
         <run_address>0xcb40</run_address>
         <size>0x100</size>
         <input_file_ref idref="fl-29"/>
      </object_component>
      <object_component id="oc-1c3">
         <name>.ebss:_OSTaskIdleStk</name>
         <uninitialized>true</uninitialized>
         <run_address>0xca40</run_address>
         <size>0x100</size>
         <input_file_ref idref="fl-29"/>
      </object_component>
      <object_component id="oc-1c6">
         <name>.ebss:_OSTCBTbl</name>
         <uninitialized>true</uninitialized>
         <run_address>0xc000</run_address>
         <size>0x420</size>
         <input_file_ref idref="fl-29"/>
      </object_component>
      <object_component id="oc-19f">
         <name>.ebss</name>
         <uninitialized>true</uninitialized>
         <run_address>0xd02e</run_address>
         <size>0x6</size>
         <input_file_ref idref="fl-49"/>
      </object_component>
      <object_component id="oc-1b8">
         <name>.ebss:__lock</name>
         <uninitialized>true</uninitialized>
         <run_address>0xcfbe</run_address>
         <size>0x2</size>
         <input_file_ref idref="fl-4a"/>
      </object_component>
      <object_component id="oc-1e1">
         <name>.ebss:__unlock</name>
         <uninitialized>true</uninitialized>
         <run_address>0xd034</run_address>
         <size>0x2</size>
         <input_file_ref idref="fl-4a"/>
      </object_component>
      <object_component id="oc-1c1">
         <name>.econst:.string:_OSUnMapTbl</name>
         <load_address>0xe000</load_address>
         <run_address>0xe000</run_address>
         <size>0x100</size>
         <input_file_ref idref="fl-29"/>
      </object_component>
      <object_component id="oc-1d8">
         <name>.econst:_PieVectTableInit</name>
         <load_address>0xe100</load_address>
         <run_address>0xe100</run_address>
         <size>0x100</size>
         <input_file_ref idref="fl-1a"/>
      </object_component>
      <object_component id="oc-1db">
         <name>.econst:_tempTable</name>
         <load_address>0xe200</load_address>
         <run_address>0xe200</run_address>
         <size>0x4c</size>
         <input_file_ref idref="fl-2"/>
      </object_component>
      <object_component id="oc-141">
         <name>.econst</name>
         <load_address>0xe24c</load_address>
         <run_address>0xe24c</run_address>
         <size>0x3a</size>
         <input_file_ref idref="fl-28"/>
      </object_component>
      <object_component id="oc-148">
         <name>.econst:.string</name>
         <load_address>0xe286</load_address>
         <run_address>0xe286</run_address>
         <size>0x1e</size>
         <input_file_ref idref="fl-29"/>
      </object_component>
      <object_component id="oc-14e">
         <name>.econst:.string</name>
         <load_address>0xe2a4</load_address>
         <run_address>0xe2a4</run_address>
         <size>0x2</size>
         <input_file_ref idref="fl-2a"/>
      </object_component>
      <object_component id="oc-154">
         <name>.econst:.string</name>
         <load_address>0xe2a6</load_address>
         <run_address>0xe2a6</run_address>
         <size>0x2</size>
         <input_file_ref idref="fl-2b"/>
      </object_component>
      <object_component id="oc-15a">
         <name>.econst:.string</name>
         <load_address>0xe2a8</load_address>
         <run_address>0xe2a8</run_address>
         <size>0x2</size>
         <input_file_ref idref="fl-2c"/>
      </object_component>
      <object_component id="oc-160">
         <name>.econst:.string</name>
         <load_address>0xe2aa</load_address>
         <run_address>0xe2aa</run_address>
         <size>0x2</size>
         <input_file_ref idref="fl-2d"/>
      </object_component>
      <object_component id="oc-166">
         <name>.econst:.string</name>
         <load_address>0xe2ac</load_address>
         <run_address>0xe2ac</run_address>
         <size>0x2</size>
         <input_file_ref idref="fl-2e"/>
      </object_component>
      <object_component id="oc-16c">
         <name>.econst:.string</name>
         <load_address>0xe2ae</load_address>
         <run_address>0xe2ae</run_address>
         <size>0x2</size>
         <input_file_ref idref="fl-2f"/>
      </object_component>
      <object_component id="oc-172">
         <name>.econst:.string</name>
         <load_address>0xe2b0</load_address>
         <run_address>0xe2b0</run_address>
         <size>0x2</size>
         <input_file_ref idref="fl-30"/>
      </object_component>
      <object_component id="oc-131">
         <name>.econst</name>
         <load_address>0xe2b2</load_address>
         <run_address>0xe2b2</run_address>
         <size>0x2</size>
         <input_file_ref idref="fl-24"/>
      </object_component>
      <object_component id="oc-17f">
         <name>.reset</name>
         <load_address>0x3fffc0</load_address>
         <run_address>0x3fffc0</run_address>
         <size>0x2</size>
         <input_file_ref idref="fl-43"/>
      </object_component>
      <object_component id="oc-78">
         <name>csm_rsvd</name>
         <load_address>0x33ff80</load_address>
         <run_address>0x33ff80</run_address>
         <size>0x76</size>
         <input_file_ref idref="fl-9"/>
      </object_component>
      <object_component id="oc-77">
         <name>csmpasswds</name>
         <load_address>0x33fff8</load_address>
         <run_address>0x33fff8</run_address>
         <size>0x8</size>
         <input_file_ref idref="fl-9"/>
      </object_component>
      <object_component id="oc-6d">
         <name>.adc_cal</name>
         <load_address>0x380080</load_address>
         <run_address>0x380080</run_address>
         <size>0x7</size>
         <input_file_ref idref="fl-7"/>
      </object_component>
      <object_component id="oc-e0">
         <name>PieVectTableFile</name>
         <uninitialized>true</uninitialized>
         <run_address>0xd00</run_address>
         <size>0x100</size>
         <input_file_ref idref="fl-14"/>
      </object_component>
      <object_component id="oc-dc">
         <name>DevEmuRegsFile</name>
         <uninitialized>true</uninitialized>
         <run_address>0x880</run_address>
         <size>0xd0</size>
         <input_file_ref idref="fl-14"/>
      </object_component>
      <object_component id="oc-b4">
         <name>FlashRegsFile</name>
         <uninitialized>true</uninitialized>
         <run_address>0xa80</run_address>
         <size>0x8</size>
         <input_file_ref idref="fl-14"/>
      </object_component>
      <object_component id="oc-b7">
         <name>CsmRegsFile</name>
         <uninitialized>true</uninitialized>
         <run_address>0xae0</run_address>
         <size>0x10</size>
         <input_file_ref idref="fl-14"/>
      </object_component>
      <object_component id="oc-b6">
         <name>AdcMirrorFile</name>
         <uninitialized>true</uninitialized>
         <run_address>0xb00</run_address>
         <size>0x10</size>
         <input_file_ref idref="fl-14"/>
      </object_component>
      <object_component id="oc-bf">
         <name>XintfRegsFile</name>
         <uninitialized>true</uninitialized>
         <run_address>0xb20</run_address>
         <size>0x1e</size>
         <input_file_ref idref="fl-14"/>
      </object_component>
      <object_component id="oc-b0">
         <name>CpuTimer0RegsFile</name>
         <uninitialized>true</uninitialized>
         <run_address>0xc00</run_address>
         <size>0x8</size>
         <input_file_ref idref="fl-14"/>
      </object_component>
      <object_component id="oc-b1">
         <name>CpuTimer1RegsFile</name>
         <uninitialized>true</uninitialized>
         <run_address>0xc08</run_address>
         <size>0x8</size>
         <input_file_ref idref="fl-14"/>
      </object_component>
      <object_component id="oc-b2">
         <name>CpuTimer2RegsFile</name>
         <uninitialized>true</uninitialized>
         <run_address>0xc10</run_address>
         <size>0x8</size>
         <input_file_ref idref="fl-14"/>
      </object_component>
      <object_component id="oc-bd">
         <name>PieCtrlRegsFile</name>
         <uninitialized>true</uninitialized>
         <run_address>0xce0</run_address>
         <size>0x1a</size>
         <input_file_ref idref="fl-14"/>
      </object_component>
      <object_component id="oc-dd">
         <name>DmaRegsFile</name>
         <uninitialized>true</uninitialized>
         <run_address>0x1000</run_address>
         <size>0xe0</size>
         <input_file_ref idref="fl-14"/>
      </object_component>
      <object_component id="oc-cf">
         <name>McbspaRegsFile</name>
         <uninitialized>true</uninitialized>
         <run_address>0x5000</run_address>
         <size>0x25</size>
         <input_file_ref idref="fl-14"/>
      </object_component>
      <object_component id="oc-d0">
         <name>McbspbRegsFile</name>
         <uninitialized>true</uninitialized>
         <run_address>0x5040</run_address>
         <size>0x25</size>
         <input_file_ref idref="fl-14"/>
      </object_component>
      <object_component id="oc-d2">
         <name>ECanaRegsFile</name>
         <uninitialized>true</uninitialized>
         <run_address>0x6000</run_address>
         <size>0x34</size>
         <input_file_ref idref="fl-14"/>
      </object_component>
      <object_component id="oc-d4">
         <name>ECanaLAMRegsFile</name>
         <uninitialized>true</uninitialized>
         <run_address>0x6040</run_address>
         <size>0x40</size>
         <input_file_ref idref="fl-14"/>
      </object_component>
      <object_component id="oc-de">
         <name>ECanaMboxesFile</name>
         <uninitialized>true</uninitialized>
         <run_address>0x6100</run_address>
         <size>0x100</size>
         <input_file_ref idref="fl-14"/>
      </object_component>
      <object_component id="oc-d5">
         <name>ECanaMOTSRegsFile</name>
         <uninitialized>true</uninitialized>
         <run_address>0x6080</run_address>
         <size>0x40</size>
         <input_file_ref idref="fl-14"/>
      </object_component>
      <object_component id="oc-d6">
         <name>ECanaMOTORegsFile</name>
         <uninitialized>true</uninitialized>
         <run_address>0x60c0</run_address>
         <size>0x40</size>
         <input_file_ref idref="fl-14"/>
      </object_component>
      <object_component id="oc-d3">
         <name>ECanbRegsFile</name>
         <uninitialized>true</uninitialized>
         <run_address>0x6200</run_address>
         <size>0x34</size>
         <input_file_ref idref="fl-14"/>
      </object_component>
      <object_component id="oc-d7">
         <name>ECanbLAMRegsFile</name>
         <uninitialized>true</uninitialized>
         <run_address>0x6240</run_address>
         <size>0x40</size>
         <input_file_ref idref="fl-14"/>
      </object_component>
      <object_component id="oc-df">
         <name>ECanbMboxesFile</name>
         <uninitialized>true</uninitialized>
         <run_address>0x6300</run_address>
         <size>0x100</size>
         <input_file_ref idref="fl-14"/>
      </object_component>
      <object_component id="oc-d8">
         <name>ECanbMOTSRegsFile</name>
         <uninitialized>true</uninitialized>
         <run_address>0x6280</run_address>
         <size>0x40</size>
         <input_file_ref idref="fl-14"/>
      </object_component>
      <object_component id="oc-d9">
         <name>ECanbMOTORegsFile</name>
         <uninitialized>true</uninitialized>
         <run_address>0x62c0</run_address>
         <size>0x40</size>
         <input_file_ref idref="fl-14"/>
      </object_component>
      <object_component id="oc-c8">
         <name>EPwm1RegsFile</name>
         <uninitialized>true</uninitialized>
         <run_address>0x6800</run_address>
         <size>0x22</size>
         <input_file_ref idref="fl-14"/>
      </object_component>
      <object_component id="oc-c9">
         <name>EPwm2RegsFile</name>
         <uninitialized>true</uninitialized>
         <run_address>0x6840</run_address>
         <size>0x22</size>
         <input_file_ref idref="fl-14"/>
      </object_component>
      <object_component id="oc-ca">
         <name>EPwm3RegsFile</name>
         <uninitialized>true</uninitialized>
         <run_address>0x6880</run_address>
         <size>0x22</size>
         <input_file_ref idref="fl-14"/>
      </object_component>
      <object_component id="oc-cb">
         <name>EPwm4RegsFile</name>
         <uninitialized>true</uninitialized>
         <run_address>0x68c0</run_address>
         <size>0x22</size>
         <input_file_ref idref="fl-14"/>
      </object_component>
      <object_component id="oc-cc">
         <name>EPwm5RegsFile</name>
         <uninitialized>true</uninitialized>
         <run_address>0x6900</run_address>
         <size>0x22</size>
         <input_file_ref idref="fl-14"/>
      </object_component>
      <object_component id="oc-cd">
         <name>EPwm6RegsFile</name>
         <uninitialized>true</uninitialized>
         <run_address>0x6940</run_address>
         <size>0x22</size>
         <input_file_ref idref="fl-14"/>
      </object_component>
      <object_component id="oc-c0">
         <name>ECap1RegsFile</name>
         <uninitialized>true</uninitialized>
         <run_address>0x6a00</run_address>
         <size>0x20</size>
         <input_file_ref idref="fl-14"/>
      </object_component>
      <object_component id="oc-c1">
         <name>ECap2RegsFile</name>
         <uninitialized>true</uninitialized>
         <run_address>0x6a20</run_address>
         <size>0x20</size>
         <input_file_ref idref="fl-14"/>
      </object_component>
      <object_component id="oc-c2">
         <name>ECap3RegsFile</name>
         <uninitialized>true</uninitialized>
         <run_address>0x6a40</run_address>
         <size>0x20</size>
         <input_file_ref idref="fl-14"/>
      </object_component>
      <object_component id="oc-c3">
         <name>ECap4RegsFile</name>
         <uninitialized>true</uninitialized>
         <run_address>0x6a60</run_address>
         <size>0x20</size>
         <input_file_ref idref="fl-14"/>
      </object_component>
      <object_component id="oc-c4">
         <name>ECap5RegsFile</name>
         <uninitialized>true</uninitialized>
         <run_address>0x6a80</run_address>
         <size>0x20</size>
         <input_file_ref idref="fl-14"/>
      </object_component>
      <object_component id="oc-c5">
         <name>ECap6RegsFile</name>
         <uninitialized>true</uninitialized>
         <run_address>0x6aa0</run_address>
         <size>0x20</size>
         <input_file_ref idref="fl-14"/>
      </object_component>
      <object_component id="oc-da">
         <name>EQep1RegsFile</name>
         <uninitialized>true</uninitialized>
         <run_address>0x6b00</run_address>
         <size>0x40</size>
         <input_file_ref idref="fl-14"/>
      </object_component>
      <object_component id="oc-db">
         <name>EQep2RegsFile</name>
         <uninitialized>true</uninitialized>
         <run_address>0x6b40</run_address>
         <size>0x40</size>
         <input_file_ref idref="fl-14"/>
      </object_component>
      <object_component id="oc-d1">
         <name>GpioCtrlRegsFile</name>
         <uninitialized>true</uninitialized>
         <run_address>0x6f80</run_address>
         <size>0x2e</size>
         <input_file_ref idref="fl-14"/>
      </object_component>
      <object_component id="oc-c6">
         <name>GpioDataRegsFile</name>
         <uninitialized>true</uninitialized>
         <run_address>0x6fc0</run_address>
         <size>0x20</size>
         <input_file_ref idref="fl-14"/>
      </object_component>
      <object_component id="oc-b5">
         <name>GpioIntRegsFile</name>
         <uninitialized>true</uninitialized>
         <run_address>0x6fe0</run_address>
         <size>0xa</size>
         <input_file_ref idref="fl-14"/>
      </object_component>
      <object_component id="oc-c7">
         <name>SysCtrlRegsFile</name>
         <uninitialized>true</uninitialized>
         <run_address>0x7010</run_address>
         <size>0x20</size>
         <input_file_ref idref="fl-14"/>
      </object_component>
      <object_component id="oc-bb">
         <name>SpiaRegsFile</name>
         <uninitialized>true</uninitialized>
         <run_address>0x7040</run_address>
         <size>0x10</size>
         <input_file_ref idref="fl-14"/>
      </object_component>
      <object_component id="oc-b8">
         <name>SciaRegsFile</name>
         <uninitialized>true</uninitialized>
         <run_address>0x7050</run_address>
         <size>0x10</size>
         <input_file_ref idref="fl-14"/>
      </object_component>
      <object_component id="oc-bc">
         <name>XIntruptRegsFile</name>
         <uninitialized>true</uninitialized>
         <run_address>0x7070</run_address>
         <size>0x10</size>
         <input_file_ref idref="fl-14"/>
      </object_component>
      <object_component id="oc-be">
         <name>AdcRegsFile</name>
         <uninitialized>true</uninitialized>
         <run_address>0x7100</run_address>
         <size>0x1e</size>
         <input_file_ref idref="fl-14"/>
      </object_component>
      <object_component id="oc-b9">
         <name>ScibRegsFile</name>
         <uninitialized>true</uninitialized>
         <run_address>0x7750</run_address>
         <size>0x10</size>
         <input_file_ref idref="fl-14"/>
      </object_component>
      <object_component id="oc-ba">
         <name>ScicRegsFile</name>
         <uninitialized>true</uninitialized>
         <run_address>0x7770</run_address>
         <size>0x10</size>
         <input_file_ref idref="fl-14"/>
      </object_component>
      <object_component id="oc-ce">
         <name>I2caRegsFile</name>
         <uninitialized>true</uninitialized>
         <run_address>0x7900</run_address>
         <size>0x22</size>
         <input_file_ref idref="fl-14"/>
      </object_component>
      <object_component id="oc-b3">
         <name>CsmPwlFile</name>
         <uninitialized>true</uninitialized>
         <run_address>0x33fff8</run_address>
         <size>0x8</size>
         <input_file_ref idref="fl-14"/>
      </object_component>
      <object_component id="oc-af">
         <name>PartIdRegsFile</name>
         <uninitialized>true</uninitialized>
         <run_address>0x380090</run_address>
         <size>0x1</size>
         <input_file_ref idref="fl-14"/>
      </object_component>
      <object_component id="oc-4d">
         <name>.debug_info</name>
         <load_address>0x0</load_address>
         <run_address>0x0</run_address>
         <size>0x194a</size>
         <input_file_ref idref="fl-2"/>
      </object_component>
      <object_component id="oc-54">
         <name>.debug_info</name>
         <load_address>0x194a</load_address>
         <run_address>0x194a</run_address>
         <size>0x4155</size>
         <input_file_ref idref="fl-3"/>
      </object_component>
      <object_component id="oc-5a">
         <name>.debug_info</name>
         <load_address>0x5a9f</load_address>
         <run_address>0x5a9f</run_address>
         <size>0x7ba</size>
         <input_file_ref idref="fl-4"/>
      </object_component>
      <object_component id="oc-5f">
         <name>.debug_info</name>
         <load_address>0x6259</load_address>
         <run_address>0x6259</run_address>
         <size>0x26f3</size>
         <input_file_ref idref="fl-5"/>
      </object_component>
      <object_component id="oc-67">
         <name>.debug_info</name>
         <load_address>0x894c</load_address>
         <run_address>0x894c</run_address>
         <size>0x7e4</size>
         <input_file_ref idref="fl-6"/>
      </object_component>
      <object_component id="oc-6f">
         <name>.debug_info</name>
         <load_address>0x9130</load_address>
         <run_address>0x9130</run_address>
         <size>0x104</size>
         <input_file_ref idref="fl-7"/>
      </object_component>
      <object_component id="oc-72">
         <name>.debug_info</name>
         <load_address>0x9234</load_address>
         <run_address>0x9234</run_address>
         <size>0x1ef9</size>
         <input_file_ref idref="fl-8"/>
      </object_component>
      <object_component id="oc-7c">
         <name>.debug_info</name>
         <load_address>0xb12d</load_address>
         <run_address>0xb12d</run_address>
         <size>0x148</size>
         <input_file_ref idref="fl-a"/>
      </object_component>
      <object_component id="oc-7f">
         <name>.debug_info</name>
         <load_address>0xb275</load_address>
         <run_address>0xb275</run_address>
         <size>0x99d</size>
         <input_file_ref idref="fl-b"/>
      </object_component>
      <object_component id="oc-87">
         <name>.debug_info</name>
         <load_address>0xbc12</load_address>
         <run_address>0xbc12</run_address>
         <size>0x102</size>
         <input_file_ref idref="fl-c"/>
      </object_component>
      <object_component id="oc-8a">
         <name>.debug_info</name>
         <load_address>0xbd14</load_address>
         <run_address>0xbd14</run_address>
         <size>0x1700</size>
         <input_file_ref idref="fl-d"/>
      </object_component>
      <object_component id="oc-8f">
         <name>.debug_info</name>
         <load_address>0xd414</load_address>
         <run_address>0xd414</run_address>
         <size>0x2649</size>
         <input_file_ref idref="fl-e"/>
      </object_component>
      <object_component id="oc-97">
         <name>.debug_info</name>
         <load_address>0xfa5d</load_address>
         <run_address>0xfa5d</run_address>
         <size>0x108</size>
         <input_file_ref idref="fl-f"/>
      </object_component>
      <object_component id="oc-9a">
         <name>.debug_info</name>
         <load_address>0xfb65</load_address>
         <run_address>0xfb65</run_address>
         <size>0x5d67</size>
         <input_file_ref idref="fl-10"/>
      </object_component>
      <object_component id="oc-9f">
         <name>.debug_info</name>
         <load_address>0x158cc</load_address>
         <run_address>0x158cc</run_address>
         <size>0x1b75</size>
         <input_file_ref idref="fl-11"/>
      </object_component>
      <object_component id="oc-a4">
         <name>.debug_info</name>
         <load_address>0x17441</load_address>
         <run_address>0x17441</run_address>
         <size>0x206a</size>
         <input_file_ref idref="fl-12"/>
      </object_component>
      <object_component id="oc-a9">
         <name>.debug_info</name>
         <load_address>0x194ab</load_address>
         <run_address>0x194ab</run_address>
         <size>0x1b75</size>
         <input_file_ref idref="fl-13"/>
      </object_component>
      <object_component id="oc-ae">
         <name>.debug_info</name>
         <load_address>0x1b020</load_address>
         <run_address>0x1b020</run_address>
         <size>0x1343a</size>
         <input_file_ref idref="fl-14"/>
      </object_component>
      <object_component id="oc-e2">
         <name>.debug_info</name>
         <load_address>0x2e45a</load_address>
         <run_address>0x2e45a</run_address>
         <size>0x1b75</size>
         <input_file_ref idref="fl-15"/>
      </object_component>
      <object_component id="oc-e7">
         <name>.debug_info</name>
         <load_address>0x2ffcf</load_address>
         <run_address>0x2ffcf</run_address>
         <size>0x1b74</size>
         <input_file_ref idref="fl-16"/>
      </object_component>
      <object_component id="oc-ec">
         <name>.debug_info</name>
         <load_address>0x31b43</load_address>
         <run_address>0x31b43</run_address>
         <size>0x4994</size>
         <input_file_ref idref="fl-17"/>
      </object_component>
      <object_component id="oc-f1">
         <name>.debug_info</name>
         <load_address>0x364d7</load_address>
         <run_address>0x364d7</run_address>
         <size>0x340</size>
         <input_file_ref idref="fl-18"/>
      </object_component>
      <object_component id="oc-f6">
         <name>.debug_info</name>
         <load_address>0x36817</load_address>
         <run_address>0x36817</run_address>
         <size>0xb45</size>
         <input_file_ref idref="fl-19"/>
      </object_component>
      <object_component id="oc-fb">
         <name>.debug_info</name>
         <load_address>0x3735c</load_address>
         <run_address>0x3735c</run_address>
         <size>0x22e0</size>
         <input_file_ref idref="fl-1a"/>
      </object_component>
      <object_component id="oc-100">
         <name>.debug_info</name>
         <load_address>0x3963c</load_address>
         <run_address>0x3963c</run_address>
         <size>0x1dcf</size>
         <input_file_ref idref="fl-1b"/>
      </object_component>
      <object_component id="oc-105">
         <name>.debug_info</name>
         <load_address>0x3b40b</load_address>
         <run_address>0x3b40b</run_address>
         <size>0x1b74</size>
         <input_file_ref idref="fl-1c"/>
      </object_component>
      <object_component id="oc-10a">
         <name>.debug_info</name>
         <load_address>0x3cf7f</load_address>
         <run_address>0x3cf7f</run_address>
         <size>0x20b8</size>
         <input_file_ref idref="fl-1d"/>
      </object_component>
      <object_component id="oc-10f">
         <name>.debug_info</name>
         <load_address>0x3f037</load_address>
         <run_address>0x3f037</run_address>
         <size>0x212c</size>
         <input_file_ref idref="fl-1e"/>
      </object_component>
      <object_component id="oc-116">
         <name>.debug_info</name>
         <load_address>0x41163</load_address>
         <run_address>0x41163</run_address>
         <size>0x106</size>
         <input_file_ref idref="fl-1f"/>
      </object_component>
      <object_component id="oc-119">
         <name>.debug_info</name>
         <load_address>0x41269</load_address>
         <run_address>0x41269</run_address>
         <size>0x34b7</size>
         <input_file_ref idref="fl-20"/>
      </object_component>
      <object_component id="oc-120">
         <name>.debug_info</name>
         <load_address>0x44720</load_address>
         <run_address>0x44720</run_address>
         <size>0x593</size>
         <input_file_ref idref="fl-21"/>
      </object_component>
      <object_component id="oc-127">
         <name>.debug_info</name>
         <load_address>0x44cb3</load_address>
         <run_address>0x44cb3</run_address>
         <size>0x251</size>
         <input_file_ref idref="fl-22"/>
      </object_component>
      <object_component id="oc-12b">
         <name>.debug_info</name>
         <load_address>0x44f04</load_address>
         <run_address>0x44f04</run_address>
         <size>0x3a5</size>
         <input_file_ref idref="fl-23"/>
      </object_component>
      <object_component id="oc-130">
         <name>.debug_info</name>
         <load_address>0x452a9</load_address>
         <run_address>0x452a9</run_address>
         <size>0x3f2</size>
         <input_file_ref idref="fl-24"/>
      </object_component>
      <object_component id="oc-137">
         <name>.debug_info</name>
         <load_address>0x4569b</load_address>
         <run_address>0x4569b</run_address>
         <size>0x32e</size>
         <input_file_ref idref="fl-25"/>
      </object_component>
      <object_component id="oc-13b">
         <name>.debug_info</name>
         <load_address>0x459c9</load_address>
         <run_address>0x459c9</run_address>
         <size>0x182c</size>
         <input_file_ref idref="fl-26"/>
      </object_component>
      <object_component id="oc-140">
         <name>.debug_info</name>
         <load_address>0x471f5</load_address>
         <run_address>0x471f5</run_address>
         <size>0xc97</size>
         <input_file_ref idref="fl-28"/>
      </object_component>
      <object_component id="oc-146">
         <name>.debug_info</name>
         <load_address>0x47e8c</load_address>
         <run_address>0x47e8c</run_address>
         <size>0x3715</size>
         <input_file_ref idref="fl-29"/>
      </object_component>
      <object_component id="oc-14d">
         <name>.debug_info</name>
         <load_address>0x4b5a1</load_address>
         <run_address>0x4b5a1</run_address>
         <size>0x20d5</size>
         <input_file_ref idref="fl-2a"/>
      </object_component>
      <object_component id="oc-153">
         <name>.debug_info</name>
         <load_address>0x4d676</load_address>
         <run_address>0x4d676</run_address>
         <size>0xc41</size>
         <input_file_ref idref="fl-2b"/>
      </object_component>
      <object_component id="oc-159">
         <name>.debug_info</name>
         <load_address>0x4e2b7</load_address>
         <run_address>0x4e2b7</run_address>
         <size>0xe55</size>
         <input_file_ref idref="fl-2c"/>
      </object_component>
      <object_component id="oc-15f">
         <name>.debug_info</name>
         <load_address>0x4f10c</load_address>
         <run_address>0x4f10c</run_address>
         <size>0xd0a</size>
         <input_file_ref idref="fl-2d"/>
      </object_component>
      <object_component id="oc-165">
         <name>.debug_info</name>
         <load_address>0x4fe16</load_address>
         <run_address>0x4fe16</run_address>
         <size>0x1d7f</size>
         <input_file_ref idref="fl-2e"/>
      </object_component>
      <object_component id="oc-16b">
         <name>.debug_info</name>
         <load_address>0x51b95</load_address>
         <run_address>0x51b95</run_address>
         <size>0xc3e</size>
         <input_file_ref idref="fl-2f"/>
      </object_component>
      <object_component id="oc-171">
         <name>.debug_info</name>
         <load_address>0x527d3</load_address>
         <run_address>0x527d3</run_address>
         <size>0x26f5</size>
         <input_file_ref idref="fl-30"/>
      </object_component>
      <object_component id="oc-177">
         <name>.debug_info</name>
         <load_address>0x54ec8</load_address>
         <run_address>0x54ec8</run_address>
         <size>0x1090</size>
         <input_file_ref idref="fl-31"/>
      </object_component>
      <object_component id="oc-17c">
         <name>.debug_info</name>
         <load_address>0x55f58</load_address>
         <run_address>0x55f58</run_address>
         <size>0x191</size>
         <input_file_ref idref="fl-32"/>
      </object_component>
      <object_component id="oc-180">
         <name>.debug_info</name>
         <load_address>0x560e9</load_address>
         <run_address>0x560e9</run_address>
         <size>0x173</size>
         <input_file_ref idref="fl-43"/>
      </object_component>
      <object_component id="oc-185">
         <name>.debug_info</name>
         <load_address>0x5625c</load_address>
         <run_address>0x5625c</run_address>
         <size>0x1a5</size>
         <input_file_ref idref="fl-44"/>
      </object_component>
      <object_component id="oc-189">
         <name>.debug_info</name>
         <load_address>0x56401</load_address>
         <run_address>0x56401</run_address>
         <size>0x561</size>
         <input_file_ref idref="fl-45"/>
      </object_component>
      <object_component id="oc-18e">
         <name>.debug_info</name>
         <load_address>0x56962</load_address>
         <run_address>0x56962</run_address>
         <size>0x43a</size>
         <input_file_ref idref="fl-46"/>
      </object_component>
      <object_component id="oc-193">
         <name>.debug_info</name>
         <load_address>0x56d9c</load_address>
         <run_address>0x56d9c</run_address>
         <size>0x3ad</size>
         <input_file_ref idref="fl-47"/>
      </object_component>
      <object_component id="oc-198">
         <name>.debug_info</name>
         <load_address>0x57149</load_address>
         <run_address>0x57149</run_address>
         <size>0x3aa</size>
         <input_file_ref idref="fl-48"/>
      </object_component>
      <object_component id="oc-19d">
         <name>.debug_info</name>
         <load_address>0x574f3</load_address>
         <run_address>0x574f3</run_address>
         <size>0x544</size>
         <input_file_ref idref="fl-49"/>
      </object_component>
      <object_component id="oc-1a4">
         <name>.debug_info</name>
         <load_address>0x57a37</load_address>
         <run_address>0x57a37</run_address>
         <size>0x4cc</size>
         <input_file_ref idref="fl-4a"/>
      </object_component>
      <object_component id="oc-1a9">
         <name>.debug_info</name>
         <load_address>0x57f03</load_address>
         <run_address>0x57f03</run_address>
         <size>0x467</size>
         <input_file_ref idref="fl-4b"/>
      </object_component>
      <object_component id="oc-23b">
         <name>.debug_info</name>
         <load_address>0x5836a</load_address>
         <run_address>0x5836a</run_address>
         <size>0xa7</size>
      </object_component>
      <object_component id="oc-50">
         <name>.debug_frame</name>
         <load_address>0x0</load_address>
         <run_address>0x0</run_address>
         <size>0xe0</size>
         <input_file_ref idref="fl-2"/>
      </object_component>
      <object_component id="oc-56">
         <name>.debug_frame</name>
         <load_address>0xe0</load_address>
         <run_address>0xe0</run_address>
         <size>0x7c</size>
         <input_file_ref idref="fl-3"/>
      </object_component>
      <object_component id="oc-5b">
         <name>.debug_frame</name>
         <load_address>0x15c</load_address>
         <run_address>0x15c</run_address>
         <size>0xb4</size>
         <input_file_ref idref="fl-4"/>
      </object_component>
      <object_component id="oc-63">
         <name>.debug_frame</name>
         <load_address>0x210</load_address>
         <run_address>0x210</run_address>
         <size>0xd0</size>
         <input_file_ref idref="fl-5"/>
      </object_component>
      <object_component id="oc-69">
         <name>.debug_frame</name>
         <load_address>0x2e0</load_address>
         <run_address>0x2e0</run_address>
         <size>0x68</size>
         <input_file_ref idref="fl-6"/>
      </object_component>
      <object_component id="oc-73">
         <name>.debug_frame</name>
         <load_address>0x348</load_address>
         <run_address>0x348</run_address>
         <size>0x40</size>
         <input_file_ref idref="fl-8"/>
      </object_component>
      <object_component id="oc-81">
         <name>.debug_frame</name>
         <load_address>0x388</load_address>
         <run_address>0x388</run_address>
         <size>0x5c</size>
         <input_file_ref idref="fl-b"/>
      </object_component>
      <object_component id="oc-8b">
         <name>.debug_frame</name>
         <load_address>0x3e4</load_address>
         <run_address>0x3e4</run_address>
         <size>0x28</size>
         <input_file_ref idref="fl-d"/>
      </object_component>
      <object_component id="oc-91">
         <name>.debug_frame</name>
         <load_address>0x40c</load_address>
         <run_address>0x40c</run_address>
         <size>0x9e8</size>
         <input_file_ref idref="fl-e"/>
      </object_component>
      <object_component id="oc-9b">
         <name>.debug_frame</name>
         <load_address>0xdf4</load_address>
         <run_address>0xdf4</run_address>
         <size>0x28</size>
         <input_file_ref idref="fl-10"/>
      </object_component>
      <object_component id="oc-a0">
         <name>.debug_frame</name>
         <load_address>0xe1c</load_address>
         <run_address>0xe1c</run_address>
         <size>0x28</size>
         <input_file_ref idref="fl-11"/>
      </object_component>
      <object_component id="oc-a5">
         <name>.debug_frame</name>
         <load_address>0xe44</load_address>
         <run_address>0xe44</run_address>
         <size>0x118</size>
         <input_file_ref idref="fl-12"/>
      </object_component>
      <object_component id="oc-aa">
         <name>.debug_frame</name>
         <load_address>0xf5c</load_address>
         <run_address>0xf5c</run_address>
         <size>0x28</size>
         <input_file_ref idref="fl-13"/>
      </object_component>
      <object_component id="oc-e3">
         <name>.debug_frame</name>
         <load_address>0xf84</load_address>
         <run_address>0xf84</run_address>
         <size>0x28</size>
         <input_file_ref idref="fl-15"/>
      </object_component>
      <object_component id="oc-e8">
         <name>.debug_frame</name>
         <load_address>0xfac</load_address>
         <run_address>0xfac</run_address>
         <size>0x28</size>
         <input_file_ref idref="fl-16"/>
      </object_component>
      <object_component id="oc-ed">
         <name>.debug_frame</name>
         <load_address>0xfd4</load_address>
         <run_address>0xfd4</run_address>
         <size>0x28</size>
         <input_file_ref idref="fl-17"/>
      </object_component>
      <object_component id="oc-f2">
         <name>.debug_frame</name>
         <load_address>0xffc</load_address>
         <run_address>0xffc</run_address>
         <size>0x28</size>
         <input_file_ref idref="fl-18"/>
      </object_component>
      <object_component id="oc-f7">
         <name>.debug_frame</name>
         <load_address>0x1024</load_address>
         <run_address>0x1024</run_address>
         <size>0x58</size>
         <input_file_ref idref="fl-19"/>
      </object_component>
      <object_component id="oc-fc">
         <name>.debug_frame</name>
         <load_address>0x107c</load_address>
         <run_address>0x107c</run_address>
         <size>0x44</size>
         <input_file_ref idref="fl-1a"/>
      </object_component>
      <object_component id="oc-101">
         <name>.debug_frame</name>
         <load_address>0x10c0</load_address>
         <run_address>0x10c0</run_address>
         <size>0xa0</size>
         <input_file_ref idref="fl-1b"/>
      </object_component>
      <object_component id="oc-106">
         <name>.debug_frame</name>
         <load_address>0x1160</load_address>
         <run_address>0x1160</run_address>
         <size>0x28</size>
         <input_file_ref idref="fl-1c"/>
      </object_component>
      <object_component id="oc-10b">
         <name>.debug_frame</name>
         <load_address>0x1188</load_address>
         <run_address>0x1188</run_address>
         <size>0xc0</size>
         <input_file_ref idref="fl-1d"/>
      </object_component>
      <object_component id="oc-110">
         <name>.debug_frame</name>
         <load_address>0x1248</load_address>
         <run_address>0x1248</run_address>
         <size>0x28</size>
         <input_file_ref idref="fl-1e"/>
      </object_component>
      <object_component id="oc-11c">
         <name>.debug_frame</name>
         <load_address>0x1270</load_address>
         <run_address>0x1270</run_address>
         <size>0x140</size>
         <input_file_ref idref="fl-20"/>
      </object_component>
      <object_component id="oc-122">
         <name>.debug_frame</name>
         <load_address>0x13b0</load_address>
         <run_address>0x13b0</run_address>
         <size>0x40</size>
         <input_file_ref idref="fl-21"/>
      </object_component>
      <object_component id="oc-12c">
         <name>.debug_frame</name>
         <load_address>0x13f0</load_address>
         <run_address>0x13f0</run_address>
         <size>0x28</size>
         <input_file_ref idref="fl-23"/>
      </object_component>
      <object_component id="oc-132">
         <name>.debug_frame</name>
         <load_address>0x1418</load_address>
         <run_address>0x1418</run_address>
         <size>0x28</size>
         <input_file_ref idref="fl-24"/>
      </object_component>
      <object_component id="oc-13c">
         <name>.debug_frame</name>
         <load_address>0x1440</load_address>
         <run_address>0x1440</run_address>
         <size>0x144</size>
         <input_file_ref idref="fl-26"/>
      </object_component>
      <object_component id="oc-142">
         <name>.debug_frame</name>
         <load_address>0x1584</load_address>
         <run_address>0x1584</run_address>
         <size>0x44</size>
         <input_file_ref idref="fl-28"/>
      </object_component>
      <object_component id="oc-149">
         <name>.debug_frame</name>
         <load_address>0x15c8</load_address>
         <run_address>0x15c8</run_address>
         <size>0x3c8</size>
         <input_file_ref idref="fl-29"/>
      </object_component>
      <object_component id="oc-14f">
         <name>.debug_frame</name>
         <load_address>0x1990</load_address>
         <run_address>0x1990</run_address>
         <size>0x198</size>
         <input_file_ref idref="fl-2a"/>
      </object_component>
      <object_component id="oc-155">
         <name>.debug_frame</name>
         <load_address>0x1b28</load_address>
         <run_address>0x1b28</run_address>
         <size>0x28</size>
         <input_file_ref idref="fl-2b"/>
      </object_component>
      <object_component id="oc-15b">
         <name>.debug_frame</name>
         <load_address>0x1b50</load_address>
         <run_address>0x1b50</run_address>
         <size>0xec</size>
         <input_file_ref idref="fl-2c"/>
      </object_component>
      <object_component id="oc-161">
         <name>.debug_frame</name>
         <load_address>0x1c3c</load_address>
         <run_address>0x1c3c</run_address>
         <size>0x28</size>
         <input_file_ref idref="fl-2d"/>
      </object_component>
      <object_component id="oc-167">
         <name>.debug_frame</name>
         <load_address>0x1c64</load_address>
         <run_address>0x1c64</run_address>
         <size>0x15c</size>
         <input_file_ref idref="fl-2e"/>
      </object_component>
      <object_component id="oc-16d">
         <name>.debug_frame</name>
         <load_address>0x1dc0</load_address>
         <run_address>0x1dc0</run_address>
         <size>0x28</size>
         <input_file_ref idref="fl-2f"/>
      </object_component>
      <object_component id="oc-173">
         <name>.debug_frame</name>
         <load_address>0x1de8</load_address>
         <run_address>0x1de8</run_address>
         <size>0x1f4</size>
         <input_file_ref idref="fl-30"/>
      </object_component>
      <object_component id="oc-178">
         <name>.debug_frame</name>
         <load_address>0x1fdc</load_address>
         <run_address>0x1fdc</run_address>
         <size>0xb4</size>
         <input_file_ref idref="fl-31"/>
      </object_component>
      <object_component id="oc-18a">
         <name>.debug_frame</name>
         <load_address>0x2090</load_address>
         <run_address>0x2090</run_address>
         <size>0x60</size>
         <input_file_ref idref="fl-45"/>
      </object_component>
      <object_component id="oc-18f">
         <name>.debug_frame</name>
         <load_address>0x20f0</load_address>
         <run_address>0x20f0</run_address>
         <size>0x40</size>
         <input_file_ref idref="fl-46"/>
      </object_component>
      <object_component id="oc-194">
         <name>.debug_frame</name>
         <load_address>0x2130</load_address>
         <run_address>0x2130</run_address>
         <size>0x40</size>
         <input_file_ref idref="fl-47"/>
      </object_component>
      <object_component id="oc-199">
         <name>.debug_frame</name>
         <load_address>0x2170</load_address>
         <run_address>0x2170</run_address>
         <size>0x40</size>
         <input_file_ref idref="fl-48"/>
      </object_component>
      <object_component id="oc-1a0">
         <name>.debug_frame</name>
         <load_address>0x21b0</load_address>
         <run_address>0x21b0</run_address>
         <size>0x60</size>
         <input_file_ref idref="fl-49"/>
      </object_component>
      <object_component id="oc-1a5">
         <name>.debug_frame</name>
         <load_address>0x2210</load_address>
         <run_address>0x2210</run_address>
         <size>0x70</size>
         <input_file_ref idref="fl-4a"/>
      </object_component>
      <object_component id="oc-1aa">
         <name>.debug_frame</name>
         <load_address>0x2280</load_address>
         <run_address>0x2280</run_address>
         <size>0x40</size>
         <input_file_ref idref="fl-4b"/>
      </object_component>
      <object_component id="oc-51">
         <name>.debug_line</name>
         <load_address>0x0</load_address>
         <run_address>0x0</run_address>
         <size>0x163</size>
         <input_file_ref idref="fl-2"/>
      </object_component>
      <object_component id="oc-57">
         <name>.debug_line</name>
         <load_address>0x163</load_address>
         <run_address>0x163</run_address>
         <size>0xba</size>
         <input_file_ref idref="fl-3"/>
      </object_component>
      <object_component id="oc-5c">
         <name>.debug_line</name>
         <load_address>0x21d</load_address>
         <run_address>0x21d</run_address>
         <size>0x130</size>
         <input_file_ref idref="fl-4"/>
      </object_component>
      <object_component id="oc-64">
         <name>.debug_line</name>
         <load_address>0x34d</load_address>
         <run_address>0x34d</run_address>
         <size>0xe4</size>
         <input_file_ref idref="fl-5"/>
      </object_component>
      <object_component id="oc-6a">
         <name>.debug_line</name>
         <load_address>0x431</load_address>
         <run_address>0x431</run_address>
         <size>0xa4</size>
         <input_file_ref idref="fl-6"/>
      </object_component>
      <object_component id="oc-6e">
         <name>.debug_line</name>
         <load_address>0x4d5</load_address>
         <run_address>0x4d5</run_address>
         <size>0x54</size>
         <input_file_ref idref="fl-7"/>
      </object_component>
      <object_component id="oc-74">
         <name>.debug_line</name>
         <load_address>0x529</load_address>
         <run_address>0x529</run_address>
         <size>0x5a</size>
         <input_file_ref idref="fl-8"/>
      </object_component>
      <object_component id="oc-7b">
         <name>.debug_line</name>
         <load_address>0x583</load_address>
         <run_address>0x583</run_address>
         <size>0x72</size>
         <input_file_ref idref="fl-a"/>
      </object_component>
      <object_component id="oc-82">
         <name>.debug_line</name>
         <load_address>0x5f5</load_address>
         <run_address>0x5f5</run_address>
         <size>0x90</size>
         <input_file_ref idref="fl-b"/>
      </object_component>
      <object_component id="oc-86">
         <name>.debug_line</name>
         <load_address>0x685</load_address>
         <run_address>0x685</run_address>
         <size>0x52</size>
         <input_file_ref idref="fl-c"/>
      </object_component>
      <object_component id="oc-8c">
         <name>.debug_line</name>
         <load_address>0x6d7</load_address>
         <run_address>0x6d7</run_address>
         <size>0x3d</size>
         <input_file_ref idref="fl-d"/>
      </object_component>
      <object_component id="oc-92">
         <name>.debug_line</name>
         <load_address>0x714</load_address>
         <run_address>0x714</run_address>
         <size>0x746</size>
         <input_file_ref idref="fl-e"/>
      </object_component>
      <object_component id="oc-96">
         <name>.debug_line</name>
         <load_address>0xe5a</load_address>
         <run_address>0xe5a</run_address>
         <size>0x56</size>
         <input_file_ref idref="fl-f"/>
      </object_component>
      <object_component id="oc-9c">
         <name>.debug_line</name>
         <load_address>0xeb0</load_address>
         <run_address>0xeb0</run_address>
         <size>0x3e</size>
         <input_file_ref idref="fl-10"/>
      </object_component>
      <object_component id="oc-a1">
         <name>.debug_line</name>
         <load_address>0xeee</load_address>
         <run_address>0xeee</run_address>
         <size>0x3e</size>
         <input_file_ref idref="fl-11"/>
      </object_component>
      <object_component id="oc-a6">
         <name>.debug_line</name>
         <load_address>0xf2c</load_address>
         <run_address>0xf2c</run_address>
         <size>0x16d</size>
         <input_file_ref idref="fl-12"/>
      </object_component>
      <object_component id="oc-ab">
         <name>.debug_line</name>
         <load_address>0x1099</load_address>
         <run_address>0x1099</run_address>
         <size>0x3e</size>
         <input_file_ref idref="fl-13"/>
      </object_component>
      <object_component id="oc-e4">
         <name>.debug_line</name>
         <load_address>0x10d7</load_address>
         <run_address>0x10d7</run_address>
         <size>0x3e</size>
         <input_file_ref idref="fl-15"/>
      </object_component>
      <object_component id="oc-e9">
         <name>.debug_line</name>
         <load_address>0x1115</load_address>
         <run_address>0x1115</run_address>
         <size>0x3d</size>
         <input_file_ref idref="fl-16"/>
      </object_component>
      <object_component id="oc-ee">
         <name>.debug_line</name>
         <load_address>0x1152</load_address>
         <run_address>0x1152</run_address>
         <size>0x3f</size>
         <input_file_ref idref="fl-17"/>
      </object_component>
      <object_component id="oc-f3">
         <name>.debug_line</name>
         <load_address>0x1191</load_address>
         <run_address>0x1191</run_address>
         <size>0x41</size>
         <input_file_ref idref="fl-18"/>
      </object_component>
      <object_component id="oc-f8">
         <name>.debug_line</name>
         <load_address>0x11d2</load_address>
         <run_address>0x11d2</run_address>
         <size>0x91</size>
         <input_file_ref idref="fl-19"/>
      </object_component>
      <object_component id="oc-fd">
         <name>.debug_line</name>
         <load_address>0x1263</load_address>
         <run_address>0x1263</run_address>
         <size>0x73</size>
         <input_file_ref idref="fl-1a"/>
      </object_component>
      <object_component id="oc-102">
         <name>.debug_line</name>
         <load_address>0x12d6</load_address>
         <run_address>0x12d6</run_address>
         <size>0xc8</size>
         <input_file_ref idref="fl-1b"/>
      </object_component>
      <object_component id="oc-107">
         <name>.debug_line</name>
[...]
         <name>_OSUnMapTbl</name>
         <value>0xe000</value>
         <object_component_ref idref="oc-1c1"/>
      </symbol>
      <symbol id="sm-5bf">
         <name>_OSSchedLock</name>
         <value>0x9283</value>
         <object_component_ref idref="oc-1b4"/>
      </symbol>
      <symbol id="sm-5c1">
         <name>_OSStart</name>
         <value>0x92c0</value>
         <object_component_ref idref="oc-1b4"/>
      </symbol>
      <symbol id="sm-5c3">
         <name>_OSFlagTbl</name>
         <value>0xd000</value>
         <object_component_ref idref="oc-1d5"/>
      </symbol>
      <symbol id="sm-5c4">
         <name>_OSVersion</name>
         <value>0x9377</value>
         <object_component_ref idref="oc-1b4"/>
      </symbol>
      <symbol id="sm-5c6">
         <name>_OSEventTbl</name>
         <value>0xce40</value>
         <object_component_ref idref="oc-1c2"/>
      </symbol>
      <symbol id="sm-5c7">
         <name>_OS_TCBInit</name>
         <value>0x96be</value>
         <object_component_ref idref="oc-1b4"/>
      </symbol>
      <symbol id="sm-5c9">
         <name>_OSQTbl</name>
         <value>0xcfc0</value>
         <object_component_ref idref="oc-1d7"/>
      </symbol>
      <symbol id="sm-5ca">
         <name>_OS_TaskStat</name>
         <value>0x9648</value>
         <object_component_ref idref="oc-1b4"/>
      </symbol>
      <symbol id="sm-5cc">
         <name>_OS_MemClr</name>
         <value>0x95c4</value>
         <object_component_ref idref="oc-1b4"/>
      </symbol>
      <symbol id="sm-5ce">
         <name>_OSTCBCur</name>
         <value>0xd058</value>
         <object_component_ref idref="oc-147"/>
      </symbol>
      <symbol id="sm-5cf">
         <name>_OSRunning</name>
         <value>0xd047</value>
         <object_component_ref idref="oc-147"/>
      </symbol>
      <symbol id="sm-5d0">
         <name>_OSCtxSwCtr</name>
         <value>0xd04c</value>
         <object_component_ref idref="oc-147"/>
      </symbol>
      <symbol id="sm-5d1">
         <name>_OSTCBFreeList</name>
         <value>0xd05a</value>
         <object_component_ref idref="oc-147"/>
      </symbol>
      <symbol id="sm-5d2">
         <name>_OSStatRdy</name>
         <value>0xd041</value>
         <object_component_ref idref="oc-147"/>
      </symbol>
      <symbol id="sm-5d3">
         <name>_OSCPUUsage</name>
         <value>0xd040</value>
         <object_component_ref idref="oc-147"/>
      </symbol>
      <symbol id="sm-5d4">
         <name>_OSFlagFreeList</name>
         <value>0xd050</value>
         <object_component_ref idref="oc-147"/>
      </symbol>
      <symbol id="sm-5d5">
         <name>_OSEventNameSet</name>
         <value>0x903f</value>
         <object_component_ref idref="oc-1b4"/>
      </symbol>
      <symbol id="sm-5d7">
         <name>_OSIntEnter</name>
         <value>0x9246</value>
         <object_component_ref idref="oc-1b4"/>
      </symbol>
      <symbol id="sm-5d9">
         <name>_OSIdleCtrRun</name>
         <value>0xd054</value>
         <object_component_ref idref="oc-147"/>
      </symbol>
      <symbol id="sm-5da">
         <name>_OSTimeTick</name>
         <value>0x92f7</value>
         <object_component_ref idref="oc-1b4"/>
      </symbol>
      <symbol id="sm-5dc">
         <name>_OSTCBTbl</name>
         <value>0xc000</value>
         <object_component_ref idref="oc-1c6"/>
      </symbol>
      <symbol id="sm-5dd">
         <name>_OS_EventWaitListInit</name>
         <value>0x94bc</value>
         <object_component_ref idref="oc-1b4"/>
      </symbol>
      <symbol id="sm-5df">
         <name>_OSIntNesting</name>
         <value>0xd042</value>
         <object_component_ref idref="oc-147"/>
      </symbol>
      <symbol id="sm-5e0">
         <name>_OSTCBHighRdy</name>
         <value>0xd05c</value>
         <object_component_ref idref="oc-147"/>
      </symbol>
      <symbol id="sm-5e1">
         <name>_OSIdleCtr</name>
         <value>0xd056</value>
         <object_component_ref idref="oc-147"/>
      </symbol>
      <symbol id="sm-5e2">
         <name>_OSTaskIdleStk</name>
         <value>0xca40</value>
         <object_component_ref idref="oc-1c3"/>
      </symbol>
      <symbol id="sm-5e3">
         <name>_OSTCBPrioTbl</name>
         <value>0xcf00</value>
         <object_component_ref idref="oc-1be"/>
      </symbol>
      <symbol id="sm-5e4">
         <name>_OSTime</name>
         <value>0xd064</value>
         <object_component_ref idref="oc-147"/>
      </symbol>
      <symbol id="sm-5e5">
         <name>_OS_EventTaskRemoveMulti</name>
         <value>0x9488</value>
         <object_component_ref idref="oc-1b4"/>
      </symbol>
      <symbol id="sm-5e7">
         <name>_OSIdleCtrMax</name>
         <value>0xd052</value>
         <object_component_ref idref="oc-147"/>
      </symbol>
      <symbol id="sm-5e8">
         <name>_OS_EventTaskWait</name>
         <value>0x93de</value>
         <object_component_ref idref="oc-1b4"/>
      </symbol>
      <symbol id="sm-5ea">
         <name>_OS_Sched</name>
         <value>0x95e6</value>
         <object_component_ref idref="oc-1b4"/>
      </symbol>
      <symbol id="sm-5ec">
         <name>_OSTaskRegNextAvailID</name>
         <value>0xd04a</value>
         <object_component_ref idref="oc-147"/>
      </symbol>
      <symbol id="sm-5ed">
         <name>_OS_Dummy</name>
         <value>0x937a</value>
         <object_component_ref idref="oc-1b4"/>
      </symbol>
      <symbol id="sm-5ef">
         <name>_OS_StrLen</name>
         <value>0x9625</value>
         <object_component_ref idref="oc-1b4"/>
      </symbol>
      <symbol id="sm-5f1">
         <name>_OS_TaskIdle</name>
         <value>0x9637</value>
         <object_component_ref idref="oc-1b4"/>
      </symbol>
      <symbol id="sm-5f3">
         <name>_OSQFreeList</name>
         <value>0xd062</value>
         <object_component_ref idref="oc-147"/>
      </symbol>
      <symbol id="sm-5f4">
         <name>_OS_EventTaskRemove</name>
         <value>0x9462</value>
         <object_component_ref idref="oc-1b4"/>
      </symbol>
      <symbol id="sm-5f6">
         <name>_OSInit</name>
         <value>0x922d</value>
         <object_component_ref idref="oc-1b4"/>
      </symbol>
      <symbol id="sm-5f8">
         <name>_OSIntExit</name>
         <value>0x9250</value>
         <object_component_ref idref="oc-1b4"/>
      </symbol>
      <symbol id="sm-5fa">
         <name>_OSTickStepState</name>
         <value>0xd049</value>
         <object_component_ref idref="oc-147"/>
      </symbol>
      <symbol id="sm-5fb">
         <name>_OSLockNesting</name>
         <value>0xd043</value>
         <object_component_ref idref="oc-147"/>
      </symbol>
      <symbol id="sm-5fc">
         <name>_OSStatInit</name>
         <value>0x92d7</value>
         <object_component_ref idref="oc-1b4"/>
      </symbol>
      <symbol id="sm-5fe">
         <name>_OSPrioHighRdy</name>
         <value>0xd045</value>
         <object_component_ref idref="oc-147"/>
      </symbol>
      <symbol id="sm-5ff">
         <name>_OSEventNameGet</name>
         <value>0x9000</value>
         <object_component_ref idref="oc-1b4"/>
      </symbol>
      <symbol id="sm-601">
         <name>_OSRdyGrp</name>
         <value>0xd046</value>
         <object_component_ref idref="oc-147"/>
      </symbol>
      <symbol id="sm-602">
         <name>_OSTaskStatStk</name>
         <value>0xcb40</value>
         <object_component_ref idref="oc-1c5"/>
      </symbol>
      <symbol id="sm-603">
         <name>_OSEventPendMulti</name>
         <value>0x9073</value>
         <object_component_ref idref="oc-1b4"/>
      </symbol>
      <symbol id="sm-605">
         <name>_OSMemTbl</name>
         <value>0xcf80</value>
         <object_component_ref idref="oc-1d6"/>
      </symbol>
      <symbol id="sm-606">
         <name>_OSMemFreeList</name>
         <value>0xd060</value>
         <object_component_ref idref="oc-147"/>
      </symbol>
      <symbol id="sm-607">
         <name>_OSPrioCur</name>
         <value>0xd044</value>
         <object_component_ref idref="oc-147"/>
      </symbol>
      <symbol id="sm-608">
         <name>_OSTCBList</name>
         <value>0xd05e</value>
         <object_component_ref idref="oc-147"/>
      </symbol>
      <symbol id="sm-609">
         <name>_OSSchedUnlock</name>
         <value>0x929a</value>
         <object_component_ref idref="oc-1b4"/>
      </symbol>
      <symbol id="sm-60b">
         <name>_OSEventFreeList</name>
         <value>0xd04e</value>
         <object_component_ref idref="oc-147"/>
      </symbol>
      <symbol id="sm-688">
         <name>_OSFlagNameSet</name>
         <value>0xa17d</value>
         <object_component_ref idref="oc-1ba"/>
      </symbol>
      <symbol id="sm-68a">
         <name>_OSFlagAccept</name>
         <value>0xa000</value>
         <object_component_ref idref="oc-1ba"/>
      </symbol>
      <symbol id="sm-68c">
         <name>_OS_FlagUnlink</name>
         <value>0xa4ce</value>
         <object_component_ref idref="oc-1ba"/>
      </symbol>
      <symbol id="sm-68e">
         <name>_OSFlagPendGetFlagsRdy</name>
         <value>0xa305</value>
         <object_component_ref idref="oc-1ba"/>
      </symbol>
      <symbol id="sm-690">
         <name>_OS_FlagInit</name>
         <value>0xa452</value>
         <object_component_ref idref="oc-1ba"/>
      </symbol>
      <symbol id="sm-692">
         <name>_OSFlagDel</name>
         <value>0xa0be</value>
         <object_component_ref idref="oc-1ba"/>
      </symbol>
      <symbol id="sm-694">
         <name>_OSFlagNameGet</name>
         <value>0xa143</value>
         <object_component_ref idref="oc-1ba"/>
      </symbol>
      <symbol id="sm-696">
         <name>_OSFlagPost</name>
         <value>0xa317</value>
         <object_component_ref idref="oc-1ba"/>
      </symbol>
      <symbol id="sm-698">
         <name>_OSFlagCreate</name>
         <value>0xa08b</value>
         <object_component_ref idref="oc-1ba"/>
      </symbol>
      <symbol id="sm-69a">
         <name>_OSFlagQuery</name>
         <value>0xa3d7</value>
         <object_component_ref idref="oc-1ba"/>
      </symbol>
      <symbol id="sm-69c">
         <name>_OSFlagPend</name>
         <value>0xa1ac</value>
         <object_component_ref idref="oc-1ba"/>
      </symbol>
      <symbol id="sm-6d5">
         <name>_OSMemCreate</name>
         <value>0x9d72</value>
         <object_component_ref idref="oc-1bb"/>
      </symbol>
      <symbol id="sm-6d7">
         <name>_OSMemPut</name>
         <value>0x9e63</value>
         <object_component_ref idref="oc-1bb"/>
      </symbol>
      <symbol id="sm-6d9">
         <name>_OSMemGet</name>
         <value>0x9ddb</value>
         <object_component_ref idref="oc-1bb"/>
      </symbol>
      <symbol id="sm-6db">
         <name>_OS_MemInit</name>
         <value>0x9eca</value>
         <object_component_ref idref="oc-1bb"/>
      </symbol>
      <symbol id="sm-6dd">
         <name>_OSMemNameSet</name>
         <value>0x9e3c</value>
         <object_component_ref idref="oc-1bb"/>
      </symbol>
      <symbol id="sm-6df">
         <name>_OSMemNameGet</name>
         <value>0x9e0b</value>
         <object_component_ref idref="oc-1bb"/>
      </symbol>
      <symbol id="sm-6e1">
         <name>_OSMemQuery</name>
         <value>0x9e92</value>
         <object_component_ref idref="oc-1bb"/>
      </symbol>
      <symbol id="sm-750">
         <name>_OS_QInit</name>
         <value>0xa8bd</value>
         <object_component_ref idref="oc-1bc"/>
      </symbol>
      <symbol id="sm-752">
         <name>_OSQCreate</name>
         <value>0xa53b</value>
         <object_component_ref idref="oc-1bc"/>
      </symbol>
      <symbol id="sm-754">
         <name>_OSQAccept</name>
         <value>0xa4f3</value>
         <object_component_ref idref="oc-1bc"/>
      </symbol>
      <symbol id="sm-756">
         <name>_OSQPostOpt</name>
         <value>0xa7f4</value>
         <object_component_ref idref="oc-1bc"/>
      </symbol>
      <symbol id="sm-758">
         <name>_OSQPost</name>
         <value>0xa758</value>
         <object_component_ref idref="oc-1bc"/>
      </symbol>
      <symbol id="sm-75a">
         <name>_OSQDel</name>
         <value>0xa5a0</value>
         <object_component_ref idref="oc-1bc"/>
      </symbol>
      <symbol id="sm-75c">
         <name>_OSQQuery</name>
         <value>0xa868</value>
         <object_component_ref idref="oc-1bc"/>
      </symbol>
      <symbol id="sm-75e">
         <name>_OSQFlush</name>
         <value>0xa639</value>
         <object_component_ref idref="oc-1bc"/>
      </symbol>
      <symbol id="sm-760">
         <name>_OSQPostFront</name>
         <value>0xa7a0</value>
         <object_component_ref idref="oc-1bc"/>
      </symbol>
      <symbol id="sm-762">
         <name>_OSQPend</name>
         <value>0xa65f</value>
         <object_component_ref idref="oc-1bc"/>
      </symbol>
      <symbol id="sm-764">
         <name>_OSQPendAbort</name>
         <value>0xa714</value>
         <object_component_ref idref="oc-1bc"/>
      </symbol>
      <symbol id="sm-7ee">
         <name>_OSTaskChangePrio</name>
         <value>0x97a6</value>
         <object_component_ref idref="oc-1c4"/>
      </symbol>
      <symbol id="sm-7f0">
         <name>_OSTaskSuspend</name>
         <value>0x9c1e</value>
         <object_component_ref idref="oc-1c4"/>
      </symbol>
      <symbol id="sm-7f2">
         <name>_OSTaskCreate</name>
         <value>0x98af</value>
         <object_component_ref idref="oc-1c4"/>
      </symbol>
      <symbol id="sm-7f4">
         <name>_OSTaskDelReq</name>
         <value>0x9a6a</value>
         <object_component_ref idref="oc-1c4"/>
      </symbol>
      <symbol id="sm-7f6">
         <name>_OSTaskNameGet</name>
         <value>0x9aae</value>
         <object_component_ref idref="oc-1c4"/>
      </symbol>
      <symbol id="sm-7f8">
         <name>_OSTaskResume</name>
         <value>0x9b5a</value>
         <object_component_ref idref="oc-1c4"/>
      </symbol>
      <symbol id="sm-7fa">
         <name>_OSTaskRegSet</name>
         <value>0x9d1e</value>
         <object_component_ref idref="oc-1c4"/>
      </symbol>
      <symbol id="sm-7fc">
         <name>_OS_TaskReturn</name>
         <value>0x9d53</value>
         <object_component_ref idref="oc-1c4"/>
      </symbol>
      <symbol id="sm-7fe">
         <name>_OS_TaskStkClr</name>
         <value>0x9d5c</value>
         <object_component_ref idref="oc-1c4"/>
      </symbol>
      <symbol id="sm-800">
         <name>_OSTaskQuery</name>
         <value>0x9c8d</value>
         <object_component_ref idref="oc-1c4"/>
      </symbol>
      <symbol id="sm-802">
         <name>_OSTaskNameSet</name>
         <value>0x9b0a</value>
         <object_component_ref idref="oc-1c4"/>
      </symbol>
      <symbol id="sm-804">
         <name>_OSTaskDel</name>
         <value>0x9975</value>
         <object_component_ref idref="oc-1c4"/>
      </symbol>
      <symbol id="sm-806">
         <name>_OSTaskStkChk</name>
         <value>0x9bbf</value>
         <object_component_ref idref="oc-1c4"/>
      </symbol>
      <symbol id="sm-808">
         <name>_OSTaskRegGet</name>
         <value>0x9ccb</value>
         <object_component_ref idref="oc-1c4"/>
      </symbol>
      <symbol id="sm-80a">
         <name>_OSTaskCreateExt</name>
         <value>0x990d</value>
         <object_component_ref idref="oc-1c4"/>
      </symbol>
      <symbol id="sm-80c">
         <name>_OSTaskRegGetID</name>
         <value>0x9d02</value>
         <object_component_ref idref="oc-1c4"/>
      </symbol>
      <symbol id="sm-82b">
         <name>_OSTimeSet</name>
         <value>0xafbf</value>
         <object_component_ref idref="oc-1bf"/>
      </symbol>
      <symbol id="sm-82d">
         <name>_OSTimeDlyResume</name>
         <value>0xaf45</value>
         <object_component_ref idref="oc-1bf"/>
      </symbol>
      <symbol id="sm-82f">
         <name>_OSTimeDlyHMSM</name>
         <value>0xaefd</value>
         <object_component_ref idref="oc-1bf"/>
      </symbol>
      <symbol id="sm-831">
         <name>_OSTimeGet</name>
         <value>0xafb0</value>
         <object_component_ref idref="oc-1bf"/>
      </symbol>
      <symbol id="sm-833">
         <name>_OSTimeDly</name>
         <value>0xaec0</value>
         <object_component_ref idref="oc-1bf"/>
      </symbol>
      <symbol id="sm-852">
         <name>_c_int00</name>
         <value>0xb636</value>
         <object_component_ref idref="oc-4c"/>
      </symbol>
      <symbol id="sm-853">
         <name>__stack</name>
         <value>0x400</value>
         <object_component_ref idref="oc-17e"/>
      </symbol>
      <symbol id="sm-85f">
         <name>UL$$MOD</name>
         <value>0xaff2</value>
         <object_component_ref idref="oc-184"/>
      </symbol>
      <symbol id="sm-860">
         <name>L$$MOD</name>
         <value>0xafdd</value>
         <object_component_ref idref="oc-184"/>
      </symbol>
      <symbol id="sm-861">
         <name>L$$DIV</name>
         <value>0xafce</value>
         <object_component_ref idref="oc-184"/>
      </symbol>
      <symbol id="sm-862">
         <name>UL$$DIV</name>
         <value>0xafeb</value>
         <object_component_ref idref="oc-184"/>
      </symbol>
      <symbol id="sm-871">
         <name>_copy_in</name>
         <value>0xb79a</value>
         <object_component_ref idref="oc-1af"/>
      </symbol>
      <symbol id="sm-883">
         <name>_memcpy</name>
         <value>0xb7fd</value>
         <object_component_ref idref="oc-1b6"/>
      </symbol>
      <symbol id="sm-890">
         <name>__system_pre_init</name>
         <value>0xb862</value>
         <object_component_ref idref="oc-1ae"/>
      </symbol>
      <symbol id="sm-89e">
         <name>__system_post_cinit</name>
         <value>0xb864</value>
         <object_component_ref idref="oc-1b0"/>
      </symbol>
      <symbol id="sm-8b3">
         <name>C$$EXIT</name>
         <value>0xb749</value>
         <object_component_ref idref="oc-1b2"/>
      </symbol>
      <symbol id="sm-8b4">
         <name>_exit</name>
         <value>0xb74b</value>
         <object_component_ref idref="oc-1b2"/>
      </symbol>
      <symbol id="sm-8b6">
         <name>___TI_cleanup_ptr</name>
         <value>0xd030</value>
         <object_component_ref idref="oc-19f"/>
      </symbol>
      <symbol id="sm-8b7">
         <name>___TI_enable_exit_profile_output</name>
         <value>0xd02e</value>
         <object_component_ref idref="oc-19f"/>
      </symbol>
      <symbol id="sm-8b8">
         <name>_abort</name>
         <value>0xb749</value>
         <object_component_ref idref="oc-1b2"/>
      </symbol>
      <symbol id="sm-8ba">
         <name>___TI_dtors_ptr</name>
         <value>0xd032</value>
         <object_component_ref idref="oc-19f"/>
      </symbol>
      <symbol id="sm-8ce">
         <name>__unlock</name>
         <value>0xd034</value>
         <object_component_ref idref="oc-1e1"/>
      </symbol>
      <symbol id="sm-8cf">
         <name>__lock</name>
         <value>0xcfbe</value>
         <object_component_ref idref="oc-1b8"/>
      </symbol>
      <symbol id="sm-8d0">
         <name>__register_lock</name>
         <value>0xb856</value>
         <object_component_ref idref="oc-1d3"/>
      </symbol>
      <symbol id="sm-8d2">
         <name>__nop</name>
         <value>0xb85a</value>
         <object_component_ref idref="oc-1d3"/>
      </symbol>
      <symbol id="sm-8d4">
         <name>__register_unlock</name>
         <value>0xb852</value>
         <object_component_ref idref="oc-1d3"/>
      </symbol>
      <symbol id="sm-8e4">
         <name>__args_main</name>
         <value>0xb840</value>
         <object_component_ref idref="oc-1b1"/>
      </symbol>
   </symbol_table>
   <title>Link successful</title>
</link_info>
