******************************************************************************
             TMS320C2000 Linker PC v22.6.1                     
******************************************************************************
>> Linked Wed Feb 19 12:53:06 2025

OUTPUT FILE NAME:   <BuckPower.out>
ENTRY POINT SYMBOL: "_c_int00"  address: 0000b636


MEMORY CONFIGURATION

         name            origin    length      used     unused   attr    fill
----------------------  --------  ---------  --------  --------  ----  --------
PAGE 0:
  BEGIN                 00000000   00000002  00000002  00000000  RWIX
  RAMM0                 00000050   000003b0  00000000  000003b0  RWIX
  RAML0                 00008000   00001000  0000002a  00000fd6  RWIX
  RAML1                 00009000   00001000  00001000  00000000  RWIX
  RAML2                 0000a000   00001000  00001000  00000000  RWIX
  RAML3                 0000b000   00001000  00000865  0000079b  RWIX
  ZONE7A                00200000   0000fc00  00000000  0000fc00  RWIX
  CSM_RSVD              0033ff80   00000076  00000000  00000076  RWIX
  CSM_PWL               0033fff8   00000008  00000000  00000008  RWIX
  ADC_CAL               00380080   00000009  00000007  00000002  RWIX
  IQTABLES              003fe000   00000b50  00000000  00000b50  RWIX
  IQTABLES2             003feb50   0000008c  00000000  0000008c  RWIX
  FPUTABLES             003febdc   000006a0  00000000  000006a0  RWIX
  BOOTROM               003ff27c   00000d44  00000000  00000d44  RWIX
  RESET                 003fffc0   00000002  00000000  00000002  RWIX

PAGE 1:
  BOOT_RSVD             00000002   0000004e  00000000  0000004e  RWIX
  RAMM1                 00000400   00000400  00000300  00000100  RWIX
  DEV_EMU               00000880   00000180  000000d0  000000b0  RWIX
  FLASH_REGS            00000a80   00000060  00000008  00000058  RWIX
  CSM                   00000ae0   00000010  00000010  00000000  RWIX
  ADC_MIRROR            00000b00   00000010  00000010  00000000  RWIX
  XINTF                 00000b20   00000020  0000001e  00000002  RWIX
  CPU_TIMER0            00000c00   00000008  00000008  00000000  RWIX
  CPU_TIMER1            00000c08   00000008  00000008  00000000  RWIX
  CPU_TIMER2            00000c10   00000008  00000008  00000000  RWIX
  PIE_CTRL              00000ce0   00000020  0000001a  00000006  RWIX
  PIE_VECT              00000d00   00000100  00000100  00000000  RWIX
  DMA                   00001000   00000200  000000e0  00000120  RWIX
  MCBSPA                00005000   00000040  00000025  0000001b  RWIX
  MCBSPB                00005040   00000040  00000025  0000001b  RWIX
  ECANA                 00006000   00000040  00000034  0000000c  RWIX
  ECANA_LAM             00006040   00000040  00000040  00000000  RWIX
  ECANA_MOTS            00006080   00000040  00000040  00000000  RWIX
  ECANA_MOTO            000060c0   00000040  00000040  00000000  RWIX
  ECANA_MBOX            00006100   00000100  00000100  00000000  RWIX
  ECANB                 00006200   00000040  00000034  0000000c  RWIX
  ECANB_LAM             00006240   00000040  00000040  00000000  RWIX
  ECANB_MOTS            00006280   00000040  00000040  00000000  RWIX
  ECANB_MOTO            000062c0   00000040  00000040  00000000  RWIX
  ECANB_MBOX            00006300   00000100  00000100  00000000  RWIX
  EPWM1                 00006800   00000022  00000022  00000000  RWIX
  EPWM2                 00006840   00000022  00000022  00000000  RWIX
  EPWM3                 00006880   00000022  00000022  00000000  RWIX
  EPWM4                 000068c0   00000022  00000022  00000000  RWIX
  EPWM5                 00006900   00000022  00000022  00000000  RWIX
  EPWM6                 00006940   00000022  00000022  00000000  RWIX
  ECAP1                 00006a00   00000020  00000020  00000000  RWIX
  ECAP2                 00006a20   00000020  00000020  00000000  RWIX
  ECAP3                 00006a40   00000020  00000020  00000000  RWIX
  ECAP4                 00006a60   00000020  00000020  00000000  RWIX
  ECAP5                 00006a80   00000020  00000020  00000000  RWIX
  ECAP6                 00006aa0   00000020  00000020  00000000  RWIX
  EQEP1                 00006b00   00000040  00000040  00000000  RWIX
  EQEP2                 00006b40   00000040  00000040  00000000  RWIX
  GPIOCTRL              00006f80   00000040  0000002e  00000012  RWIX
  GPIODAT               00006fc0   00000020  00000020  00000000  RWIX
  GPIOINT               00006fe0   00000020  0000000a  00000016  RWIX
  SYSTEM                00007010   00000020  00000020  00000000  RWIX
  SPIA                  00007040   00000010  00000010  00000000  RWIX
  SCIA                  00007050   00000010  00000010  00000000  RWIX
  XINTRUPT              00007070   00000010  00000010  00000000  RWIX
  ADC                   00007100   00000020  0000001e  00000002  RWIX
  SCIB                  00007750   00000010  00000010  00000000  RWIX
  SCIC                  00007770   00000010  00000010  00000000  RWIX
  I2CA                  00007900   00000040  00000022  0000001e  RWIX
  RAML4                 0000c000   00002000  00001066  00000f9a  RWIX
  RAML5                 0000e000   00001000  000002b4  00000d4c  RWIX
  RAML6                 0000f000   00001000  00000000  00001000  RWIX
  RAML7                 00010000   00001000  00000000  00001000  RWIX
  ZONE7B                0020fc00   00000400  00000000  00000400  RWIX
  CSM_PWL               0033fff8   00000008  00000008  00000000  RWIX
  PARTID                00380090   00000001  00000001  00000000  RWIX


SECTION ALLOCATION MAP

 output                                  attributes/
section   page    origin      length       input sections
--------  ----  ----------  ----------   ----------------
codestart 
*          0    00000000    00000002     
                  00000000    00000002     DSP2833x_CodeStartBranch.obj (codestart)

.TI.ramfunc 
*          0    00008026    00000004     
                  00008026    00000004     DSP2833x_usDelay.obj (.TI.ramfunc)

.cinit     0    00008000    00000026     
                  00008000    0000000e     rts2800_fpu32.lib : exit.c.obj (.cinit)
                  0000800e    00000008     ADC.obj (.cinit)
                  00008016    00000005     rts2800_fpu32.lib : _lock.c.obj (.cinit:__lock)
                  0000801b    00000005                       : _lock.c.obj (.cinit:__unlock)
                  00008020    00000004     Uart.obj (.cinit)
                  00008024    00000002     --HOLE-- [fill = 0]

.pinit     0    00008000    00000000     UNINITIALIZED

.stack     1    00000400    00000300     UNINITIALIZED
                  00000400    00000300     --HOLE--

DevEmuRegsFile 
*          1    00000880    000000d0     UNINITIALIZED
                  00000880    000000d0     DSP2833x_GlobalVariableDefs.obj (DevEmuRegsFile)

FlashRegsFile 
*          1    00000a80    00000008     UNINITIALIZED
                  00000a80    00000008     DSP2833x_GlobalVariableDefs.obj (FlashRegsFile)

CsmRegsFile 
*          1    00000ae0    00000010     UNINITIALIZED
                  00000ae0    00000010     DSP2833x_GlobalVariableDefs.obj (CsmRegsFile)

AdcMirrorFile 
*          1    00000b00    00000010     UNINITIALIZED
                  00000b00    00000010     DSP2833x_GlobalVariableDefs.obj (AdcMirrorFile)

XintfRegsFile 
*          1    00000b20    0000001e     UNINITIALIZED
                  00000b20    0000001e     DSP2833x_GlobalVariableDefs.obj (XintfRegsFile)

CpuTimer0RegsFile 
*          1    00000c00    00000008     UNINITIALIZED
                  00000c00    00000008     DSP2833x_GlobalVariableDefs.obj (CpuTimer0RegsFile)

CpuTimer1RegsFile 
*          1    00000c08    00000008     UNINITIALIZED
                  00000c08    00000008     DSP2833x_GlobalVariableDefs.obj (CpuTimer1RegsFile)

CpuTimer2RegsFile 
*          1    00000c10    00000008     UNINITIALIZED
                  00000c10    00000008     DSP2833x_GlobalVariableDefs.obj (CpuTimer2RegsFile)

PieCtrlRegsFile 
*          1    00000ce0    0000001a     UNINITIALIZED
                  00000ce0    0000001a     DSP2833x_GlobalVariableDefs.obj (PieCtrlRegsFile)

ECanaMOTSRegsFile 
*          1    00006080    00000040     UNINITIALIZED
                  00006080    00000040     DSP2833x_GlobalVariableDefs.obj (ECanaMOTSRegsFile)

ECanaMOTORegsFile 
*          1    000060c0    00000040     UNINITIALIZED
                  000060c0    00000040     DSP2833x_GlobalVariableDefs.obj (ECanaMOTORegsFile)

ECanbMOTSRegsFile 
*          1    00006280    00000040     UNINITIALIZED
                  00006280    00000040     DSP2833x_GlobalVariableDefs.obj (ECanbMOTSRegsFile)

ECanbMOTORegsFile 
*          1    000062c0    00000040     UNINITIALIZED
                  000062c0    00000040     DSP2833x_GlobalVariableDefs.obj (ECanbMOTORegsFile)

.ebss      1    0000c000    00001066     UNINITIALIZED
                  0000c000    00000420     os_core.obj (.ebss:_OSTCBTbl)
                  0000c420    00000018     DSP2833x_CpuTimers.obj (.ebss)
                  0000c438    00000008     os_core.obj (.ebss:_OSRdyTbl)
                  0000c440    00000200     main.obj (.ebss:_communication_task_stk)
                  0000c640    00000200     main.obj (.ebss:_create_task_stk)
                  0000c840    00000200     main.obj (.ebss:_measure_task_stk)
                  0000ca40    00000100     os_core.obj (.ebss:_OSTaskIdleStk)
                  0000cb40    00000100     os_core.obj (.ebss:_OSTaskStatStk)
                  0000cc40    00000100     os_var.obj (.ebss:_receiveBuffer)
                  0000cd40    00000100     os_var.obj (.ebss:_sendBuffer)
                  0000ce40    000000a0     os_core.obj (.ebss:_OSEventTbl)
                  0000cee0    00000018     os_var.obj (.ebss)
                  0000cef8    00000008     ADC.obj (.ebss:_samplingValue)
                  0000cf00    00000080     os_core.obj (.ebss:_OSTCBPrioTbl)
                  0000cf80    0000003c     os_core.obj (.ebss:_OSMemTbl)
                  0000cfbc    00000002     UserSet.obj (.ebss)
                  0000cfbe    00000002     rts2800_fpu32.lib : _lock.c.obj (.ebss:__lock)
                  0000cfc0    00000030     os_core.obj (.ebss:_OSQTbl)
                  0000cff0    0000000a     PWM.obj (.ebss)
                  0000cffa    00000006     ADC.obj (.ebss)
                  0000d000    00000028     os_core.obj (.ebss:_OSFlagTbl)
                  0000d028    00000006     UserSet.obj (.ebss:_parameterTemp)
                  0000d02e    00000006     rts2800_fpu32.lib : exit.c.obj (.ebss)
                  0000d034    00000002                       : _lock.c.obj (.ebss:__unlock)
                  0000d036    00000002     main.obj (.ebss)
                  0000d038    00000001     Uart.obj (.ebss)
                  0000d039    00000007     --HOLE--
                  0000d040    00000026     os_core.obj (.ebss)

.econst    1    0000e000    000002b4     
                  0000e000    00000100     os_core.obj (.econst:.string:_OSUnMapTbl)
                  0000e100    00000100     DSP2833x_PieVect.obj (.econst:_PieVectTableInit)
                  0000e200    0000004c     ADC.obj (.econst:_tempTable)
                  0000e24c    0000003a     os_dbg.obj (.econst)
                  0000e286    0000001e     os_core.obj (.econst:.string)
                  0000e2a4    00000002     os_flag.obj (.econst:.string)
                  0000e2a6    00000002     os_mbox.obj (.econst:.string)
                  0000e2a8    00000002     os_mem.obj (.econst:.string)
                  0000e2aa    00000002     os_mutex.obj (.econst:.string)
                  0000e2ac    00000002     os_q.obj (.econst:.string)
                  0000e2ae    00000002     os_sem.obj (.econst:.string)
                  0000e2b0    00000002     os_task.obj (.econst:.string)
                  0000e2b2    00000002     cpu_core.obj (.econst)

.reset     0    003fffc0    00000002     DSECT
                  003fffc0    00000002     rts2800_fpu32.lib : boot28.asm.obj (.reset)

csm_rsvd   0    0033ff80    00000076     DSECT
                  0033ff80    00000076     DSP2833x_CSMPasswords.obj (csm_rsvd)

csmpasswds 
*          0    0033fff8    00000008     DSECT
                  0033fff8    00000008     DSP2833x_CSMPasswords.obj (csmpasswds)

.adc_cal   0    00380080    00000007     NOLOAD SECTION
                  00380080    00000007     DSP2833x_ADC_cal.obj (.adc_cal)

PieVectTableFile 
*          1    00000d00    00000100     UNINITIALIZED
                  00000d00    00000100     DSP2833x_GlobalVariableDefs.obj (PieVectTableFile)

DmaRegsFile 
*          1    00001000    000000e0     UNINITIALIZED
                  00001000    000000e0     DSP2833x_GlobalVariableDefs.obj (DmaRegsFile)

McbspaRegsFile 
*          1    00005000    00000025     UNINITIALIZED
                  00005000    00000025     DSP2833x_GlobalVariableDefs.obj (McbspaRegsFile)

McbspbRegsFile 
*          1    00005040    00000025     UNINITIALIZED
                  00005040    00000025     DSP2833x_GlobalVariableDefs.obj (McbspbRegsFile)

ECanaRegsFile 
*          1    00006000    00000034     UNINITIALIZED
                  00006000    00000034     DSP2833x_GlobalVariableDefs.obj (ECanaRegsFile)

ECanaLAMRegsFile 
*          1    00006040    00000040     UNINITIALIZED
                  00006040    00000040     DSP2833x_GlobalVariableDefs.obj (ECanaLAMRegsFile)

ECanaMboxesFile 
*          1    00006100    00000100     UNINITIALIZED
                  00006100    00000100     DSP2833x_GlobalVariableDefs.obj (ECanaMboxesFile)

ECanbRegsFile 
*          1    00006200    00000034     UNINITIALIZED
                  00006200    00000034     DSP2833x_GlobalVariableDefs.obj (ECanbRegsFile)

ECanbLAMRegsFile 
*          1    00006240    00000040     UNINITIALIZED
                  00006240    00000040     DSP2833x_GlobalVariableDefs.obj (ECanbLAMRegsFile)

ECanbMboxesFile 
*          1    00006300    00000100     UNINITIALIZED
                  00006300    00000100     DSP2833x_GlobalVariableDefs.obj (ECanbMboxesFile)

EPwm1RegsFile 
*          1    00006800    00000022     UNINITIALIZED
                  00006800    00000022     DSP2833x_GlobalVariableDefs.obj (EPwm1RegsFile)

EPwm2RegsFile 
*          1    00006840    00000022     UNINITIALIZED
                  00006840    00000022     DSP2833x_GlobalVariableDefs.obj (EPwm2RegsFile)

EPwm3RegsFile 
*          1    00006880    00000022     UNINITIALIZED
                  00006880    00000022     DSP2833x_GlobalVariableDefs.obj (EPwm3RegsFile)

EPwm4RegsFile 
*          1    000068c0    00000022     UNINITIALIZED
                  000068c0    00000022     DSP2833x_GlobalVariableDefs.obj (EPwm4RegsFile)

EPwm5RegsFile 
*          1    00006900    00000022     UNINITIALIZED
                  00006900    00000022     DSP2833x_GlobalVariableDefs.obj (EPwm5RegsFile)

EPwm6RegsFile 
*          1    00006940    00000022     UNINITIALIZED
                  00006940    00000022     DSP2833x_GlobalVariableDefs.obj (EPwm6RegsFile)

ECap1RegsFile 
*          1    00006a00    00000020     UNINITIALIZED
                  00006a00    00000020     DSP2833x_GlobalVariableDefs.obj (ECap1RegsFile)

ECap2RegsFile 
*          1    00006a20    00000020     UNINITIALIZED
                  00006a20    00000020     DSP2833x_GlobalVariableDefs.obj (ECap2RegsFile)

ECap3RegsFile 
*          1    00006a40    00000020     UNINITIALIZED
                  00006a40    00000020     DSP2833x_GlobalVariableDefs.obj (ECap3RegsFile)

ECap4RegsFile 
*          1    00006a60    00000020     UNINITIALIZED
                  00006a60    00000020     DSP2833x_GlobalVariableDefs.obj (ECap4RegsFile)

ECap5RegsFile 
*          1    00006a80    00000020     UNINITIALIZED
                  00006a80    00000020     DSP2833x_GlobalVariableDefs.obj (ECap5RegsFile)

ECap6RegsFile 
*          1    00006aa0    00000020     UNINITIALIZED
                  00006aa0    00000020     DSP2833x_GlobalVariableDefs.obj (ECap6RegsFile)

EQep1RegsFile 
*          1    00006b00    00000040     UNINITIALIZED
                  00006b00    00000040     DSP2833x_GlobalVariableDefs.obj (EQep1RegsFile)

EQep2RegsFile 
*          1    00006b40    00000040     UNINITIALIZED
                  00006b40    00000040     DSP2833x_GlobalVariableDefs.obj (EQep2RegsFile)

GpioCtrlRegsFile 
*          1    00006f80    0000002e     UNINITIALIZED
                  00006f80    0000002e     DSP2833x_GlobalVariableDefs.obj (GpioCtrlRegsFile)

GpioDataRegsFile 
*          1    00006fc0    00000020     UNINITIALIZED
                  00006fc0    00000020     DSP2833x_GlobalVariableDefs.obj (GpioDataRegsFile)

GpioIntRegsFile 
*          1    00006fe0    0000000a     UNINITIALIZED
                  00006fe0    0000000a     DSP2833x_GlobalVariableDefs.obj (GpioIntRegsFile)

SysCtrlRegsFile 
*          1    00007010    00000020     UNINITIALIZED
                  00007010    00000020     DSP2833x_GlobalVariableDefs.obj (SysCtrlRegsFile)

SpiaRegsFile 
*          1    00007040    00000010     UNINITIALIZED
                  00007040    00000010     DSP2833x_GlobalVariableDefs.obj (SpiaRegsFile)

SciaRegsFile 
*          1    00007050    00000010     UNINITIALIZED
                  00007050    00000010     DSP2833x_GlobalVariableDefs.obj (SciaRegsFile)

XIntruptRegsFile 
*          1    00007070    00000010     UNINITIALIZED
                  00007070    00000010     DSP2833x_GlobalVariableDefs.obj (XIntruptRegsFile)

AdcRegsFile 
*          1    00007100    0000001e     UNINITIALIZED
                  00007100    0000001e     DSP2833x_GlobalVariableDefs.obj (AdcRegsFile)

ScibRegsFile 
*          1    00007750    00000010     UNINITIALIZED
                  00007750    00000010     DSP2833x_GlobalVariableDefs.obj (ScibRegsFile)

ScicRegsFile 
*          1    00007770    00000010     UNINITIALIZED
                  00007770    00000010     DSP2833x_GlobalVariableDefs.obj (ScicRegsFile)

I2caRegsFile 
*          1    00007900    00000022     UNINITIALIZED
                  00007900    00000022     DSP2833x_GlobalVariableDefs.obj (I2caRegsFile)

CsmPwlFile 
*          1    0033fff8    00000008     UNINITIALIZED
                  0033fff8    00000008     DSP2833x_GlobalVariableDefs.obj (CsmPwlFile)

PartIdRegsFile 
*          1    00380090    00000001     UNINITIALIZED
                  00380090    00000001     DSP2833x_GlobalVariableDefs.obj (PartIdRegsFile)

.text.1    0    00009000    00001000     
                  00009000    000007a6     os_core.obj (.text)
                  000097a6    000005cc     os_task.obj (.text)
                  00009d72    00000194     os_mem.obj (.text)
                  00009f06    000000f7     DSP2833x_SysCtrl.obj (.text)
                  00009ffd    00000003     DSP2833x_DBGIER.obj (.text)

.text.2    0    0000a000    00001000     
                  0000a000    000004f3     os_flag.obj (.text)
                  0000a4f3    000003fc     os_q.obj (.text)
                  0000a8ef    0000030c     DSP2833x_DefaultIsr.obj (.text:retain)
                  0000abfb    00000186     ADC.obj (.text)
                  0000ad81    0000013f     os_cpu_c.obj (.text)
                  0000aec0    0000010e     os_time.obj (.text)
                  0000afce    0000002a     rts2800_fpu32.lib : l_div28.asm.obj (.text)
                  0000aff8    00000008     DSP2833x_CodeStartBranch.obj (.text)

.text.3    0    0000b000    00000865     
                  0000b000    000000f4     main.obj (.text)
                  0000b0f4    000000ec     UserSet.obj (.text)
                  0000b1e0    000000d3     Tool.obj (.text)
                  0000b2b3    000000c8     DSP2833x_EPwm.obj (.text)
                  0000b37b    000000b5     PWM.obj (.text)
                  0000b430    000000a4     os_cpu_a.obj (.text)
                  0000b4d4    0000008d     os_dbg.obj (.text)
                  0000b561    00000074     DSP2833x_CpuTimers.obj (.text)
                  0000b5d5    00000061     Uart.obj (.text)
                  0000b636    00000056     rts2800_fpu32.lib : boot28.asm.obj (.text)
                  0000b68c    00000047     DSP2833x_Sci.obj (.text)
                  0000b6d3    0000003e     Uart.obj (.text:retain)
                  0000b711    00000038     main.obj (.text:retain)
                  0000b749    00000029     rts2800_fpu32.lib : exit.c.obj (.text)
                  0000b772    00000028     DSP2833x_PieCtrl.obj (.text)
                  0000b79a    00000024     rts2800_fpu32.lib : cpy_tbl.c.obj (.text)
                  0000b7be    00000020     DSP2833x_PieVect.obj (.text)
                  0000b7de    0000001f     cpu_a.obj (.text)
                  0000b7fd    0000001d     rts2800_fpu32.lib : memcpy.c.obj (.text)
                  0000b81a    00000014     DSP2833x_Adc.obj (.text)
                  0000b82e    00000012     os_var.obj (.text)
                  0000b840    00000012     rts2800_fpu32.lib : args_main.c.obj (.text)
                  0000b852    00000009                       : _lock.c.obj (.text)
                  0000b85b    00000007     DSP2833x_DisInt.obj (.text)
                  0000b862    00000002     rts2800_fpu32.lib : pre_init.c.obj (.text)
                  0000b864    00000001                       : startup.c.obj (.text)

MODULE SUMMARY

       Module                            code    initialized data   uninitialized data
       ------                            ----    ----------------   ------------------
    .\Hardware\
       ADC.obj                           390     84                 14                
       UserSet.obj                       236     0                  8                 
       Tool.obj                          211     0                  0                 
       PWM.obj                           181     0                  10                
       Uart.obj                          159     4                  1                 
    +--+---------------------------------+-------+------------------+--------------------+
       Total:                            1177    88                 33                
                                                                                      
    .\Stdlib\src\
       DSP2833x_GlobalVariableDefs.obj   0       0                  2679              
       DSP2833x_DefaultIsr.obj           780     0                  0                 
       DSP2833x_PieVect.obj              32      256                0                 
       DSP2833x_SysCtrl.obj              247     0                  0                 
       DSP2833x_EPwm.obj                 200     0                  0                 
       DSP2833x_CpuTimers.obj            116     0                  24                
       DSP2833x_Sci.obj                  71      0                  0                 
       DSP2833x_PieCtrl.obj              40      0                  0                 
       DSP2833x_Adc.obj                  20      0                  0                 
       DSP2833x_CodeStartBranch.obj      10      0                  0                 
       DSP2833x_ADC_cal.obj              7       0                  0                 
       DSP2833x_DisInt.obj               7       0                  0                 
       DSP2833x_usDelay.obj              4       0                  0                 
       DSP2833x_DBGIER.obj               3       0                  0                 
    +--+---------------------------------+-------+------------------+--------------------+
       Total:                            1537    256                2703              
                                                                                      
    .\User\
       main.obj                          300     0                  1538              
       os_var.obj                        18      0                  536               
    +--+---------------------------------+-------+------------------+--------------------+
       Total:                            318     0                  2074              
                                                                                      
    .\uCOS\uC-CPU\
       cpu_core.obj                      0       2                  0                 
    +--+---------------------------------+-------+------------------+--------------------+
       Total:                            0       2                  0                 
                                                                                      
    .\uCOS\uC-CPU\C28x\CCS\
       cpu_a.obj                         31      0                  0                 
    +--+---------------------------------+-------+------------------+--------------------+
       Total:                            31      0                  0                 
                                                                                      
    .\uCOS\uCOS-II\Ports\C28x\Generic\CCS\
       os_cpu_c.obj                      319     0                  0                 
       os_dbg.obj                        141     58                 0                 
       os_cpu_a.obj                      164     0                  0                 
    +--+---------------------------------+-------+------------------+--------------------+
       Total:                            624     58                 0                 
                                                                                      
    .\uCOS\uCOS-II\Source\
       os_core.obj                       1958    286                2050              
       os_task.obj                       1484    2                  0                 
       os_flag.obj                       1267    2                  0                 
       os_q.obj                          1020    2                  0                 
       os_mem.obj                        404     2                  0                 
       os_time.obj                       270     0                  0                 
       os_mbox.obj                       0       2                  0                 
       os_mutex.obj                      0       2                  0                 
       os_sem.obj                        0       2                  0                 
    +--+---------------------------------+-------+------------------+--------------------+
       Total:                            6403    300                2050              
                                                                                      
    D:\TI\ccs\tools\compiler\ti-cgt-c2000_22.6.1.LTS\lib\rts2800_fpu32.lib
       boot28.asm.obj                    86      0                  0                 
       exit.c.obj                        41      14                 6                 
       l_div28.asm.obj                   42      0                  0                 
       cpy_tbl.c.obj                     36      0                  0                 
       memcpy.c.obj                      29      0                  0                 
       _lock.c.obj                       9       10                 4                 
       args_main.c.obj                   18      0                  0                 
       pre_init.c.obj                    2       0                  0                 
       startup.c.obj                     1       0                  0                 
    +--+---------------------------------+-------+------------------+--------------------+
       Total:                            264     24                 10                
                                                                                      
       Stack:                            0       0                  768               
    +--+---------------------------------+-------+------------------+--------------------+
       Grand Total:                      10354   728                7638              


GLOBAL DATA SYMBOLS: SORTED BY DATA PAGE

address     data page           name
--------    ----------------    ----
00000400      10 (00000400)     __stack

00000880      22 (00000880)     _DevEmuRegs

00000a80      2a (00000a80)     _FlashRegs

00000ae0      2b (00000ac0)     _CsmRegs

00000b00      2c (00000b00)     _AdcMirror
00000b20      2c (00000b00)     _XintfRegs

00000c00      30 (00000c00)     _CpuTimer0Regs
00000c08      30 (00000c00)     _CpuTimer1Regs
00000c10      30 (00000c00)     _CpuTimer2Regs

00000ce0      33 (00000cc0)     _PieCtrlRegs

00000d00      34 (00000d00)     _PieVectTable

00001000      40 (00001000)     _DmaRegs

00005000     140 (00005000)     _McbspaRegs

00005040     141 (00005040)     _McbspbRegs

00006000     180 (00006000)     _ECanaRegs

00006040     181 (00006040)     _ECanaLAMRegs

00006080     182 (00006080)     _ECanaMOTSRegs

000060c0     183 (000060c0)     _ECanaMOTORegs

00006100     184 (00006100)     _ECanaMboxes

00006200     188 (00006200)     _ECanbRegs

00006240     189 (00006240)     _ECanbLAMRegs

00006280     18a (00006280)     _ECanbMOTSRegs

000062c0     18b (000062c0)     _ECanbMOTORegs

00006300     18c (00006300)     _ECanbMboxes

00006800     1a0 (00006800)     _EPwm1Regs

00006840     1a1 (00006840)     _EPwm2Regs

00006880     1a2 (00006880)     _EPwm3Regs

000068c0     1a3 (000068c0)     _EPwm4Regs

00006900     1a4 (00006900)     _EPwm5Regs

00006940     1a5 (00006940)     _EPwm6Regs

00006a00     1a8 (00006a00)     _ECap1Regs
00006a20     1a8 (00006a00)     _ECap2Regs

00006a40     1a9 (00006a40)     _ECap3Regs
00006a60     1a9 (00006a40)     _ECap4Regs

00006a80     1aa (00006a80)     _ECap5Regs
00006aa0     1aa (00006a80)     _ECap6Regs

00006b00     1ac (00006b00)     _EQep1Regs

00006b40     1ad (00006b40)     _EQep2Regs

00006f80     1be (00006f80)     _GpioCtrlRegs

00006fc0     1bf (00006fc0)     _GpioDataRegs
00006fe0     1bf (00006fc0)     _GpioIntRegs

00007010     1c0 (00007000)     _SysCtrlRegs

00007040     1c1 (00007040)     _SpiaRegs
00007050     1c1 (00007040)     _SciaRegs
00007070     1c1 (00007040)     _XIntruptRegs

00007100     1c4 (00007100)     _AdcRegs

00007750     1dd (00007740)     _ScibRegs
00007770     1dd (00007740)     _ScicRegs

00007900     1e4 (00007900)     _I2caRegs

0000c000     300 (0000c000)     _OSTCBTbl

0000c420     310 (0000c400)     _CpuTimer0
0000c428     310 (0000c400)     _CpuTimer1
0000c430     310 (0000c400)     _CpuTimer2
0000c438     310 (0000c400)     _OSRdyTbl

0000c440     311 (0000c440)     _communication_task_stk

0000c640     319 (0000c640)     _create_task_stk

0000c840     321 (0000c840)     _measure_task_stk

0000ca40     329 (0000ca40)     _OSTaskIdleStk

0000cb40     32d (0000cb40)     _OSTaskStatStk

0000cc40     331 (0000cc40)     _receiveBuffer

0000cd40     335 (0000cd40)     _sendBuffer

0000ce40     339 (0000ce40)     _OSEventTbl

0000cee0     33b (0000cec0)     _receiveOKFlag
0000cee2     33b (0000cec0)     _power
0000cee4     33b (0000cec0)     _useData
0000cee8     33b (0000cec0)     _elecCalData
0000cef0     33b (0000cec0)     _elecData

0000cf00     33c (0000cf00)     _OSTCBPrioTbl

0000cf80     33e (0000cf80)     _OSMemTbl
0000cfbc     33e (0000cf80)     _crc32Code
0000cfbe     33e (0000cf80)     __lock

0000cfc0     33f (0000cfc0)     _OSQTbl

0000d000     340 (0000d000)     _OSFlagTbl
0000d02e     340 (0000d000)     ___TI_enable_exit_profile_output
0000d030     340 (0000d000)     ___TI_cleanup_ptr
0000d032     340 (0000d000)     ___TI_dtors_ptr
0000d034     340 (0000d000)     __unlock
0000d036     340 (0000d000)     _elecDatatFlag

0000d040     341 (0000d040)     _OSCPUUsage
0000d041     341 (0000d040)     _OSStatRdy
0000d042     341 (0000d040)     _OSIntNesting
0000d043     341 (0000d040)     _OSLockNesting
0000d044     341 (0000d040)     _OSPrioCur
0000d045     341 (0000d040)     _OSPrioHighRdy
0000d046     341 (0000d040)     _OSRdyGrp
0000d047     341 (0000d040)     _OSRunning
0000d048     341 (0000d040)     _OSTaskCtr
0000d049     341 (0000d040)     _OSTickStepState
0000d04a     341 (0000d040)     _OSTaskRegNextAvailID
0000d04c     341 (0000d040)     _OSCtxSwCtr
0000d04e     341 (0000d040)     _OSEventFreeList
0000d050     341 (0000d040)     _OSFlagFreeList
0000d052     341 (0000d040)     _OSIdleCtrMax
0000d054     341 (0000d040)     _OSIdleCtrRun
0000d056     341 (0000d040)     _OSIdleCtr
0000d058     341 (0000d040)     _OSTCBCur
0000d05a     341 (0000d040)     _OSTCBFreeList
0000d05c     341 (0000d040)     _OSTCBHighRdy
0000d05e     341 (0000d040)     _OSTCBList
0000d060     341 (0000d040)     _OSMemFreeList
0000d062     341 (0000d040)     _OSQFreeList
0000d064     341 (0000d040)     _OSTime

0000e000     380 (0000e000)     _OSUnMapTbl

0000e100     384 (0000e100)     _PieVectTableInit

0000e200     388 (0000e200)     _tempTable

0000e24c     389 (0000e240)     _OSDebugEn
0000e24d     389 (0000e240)     _OSEventEn
0000e24e     389 (0000e240)     _OSEventMax
0000e24f     389 (0000e240)     _OSEventNameEn
0000e250     389 (0000e240)     _OSEventSize
0000e251     389 (0000e240)     _OSEventTblSize
0000e252     389 (0000e240)     _OSEventMultiEn
0000e253     389 (0000e240)     _OSFlagEn
0000e254     389 (0000e240)     _OSFlagGrpSize
0000e255     389 (0000e240)     _OSFlagNodeSize
0000e256     389 (0000e240)     _OSFlagWidth
0000e257     389 (0000e240)     _OSFlagMax
0000e258     389 (0000e240)     _OSFlagNameEn
0000e259     389 (0000e240)     _OSLowestPrio
0000e25a     389 (0000e240)     _OSMboxEn
0000e25b     389 (0000e240)     _OSMemEn
0000e25c     389 (0000e240)     _OSMemMax
0000e25d     389 (0000e240)     _OSMemNameEn
0000e25e     389 (0000e240)     _OSMemSize
0000e25f     389 (0000e240)     _OSMemTblSize
0000e260     389 (0000e240)     _OSMutexEn
0000e261     389 (0000e240)     _OSPtrSize
0000e262     389 (0000e240)     _OSQEn
0000e263     389 (0000e240)     _OSQMax
0000e264     389 (0000e240)     _OSQSize
0000e265     389 (0000e240)     _OSRdyTblSize
0000e266     389 (0000e240)     _OSSemEn
0000e267     389 (0000e240)     _OSStkWidth
0000e268     389 (0000e240)     _OSTaskCreateEn
0000e269     389 (0000e240)     _OSTaskCreateExtEn
0000e26a     389 (0000e240)     _OSTaskDelEn
0000e26b     389 (0000e240)     _OSTaskIdleStkSize
0000e26c     389 (0000e240)     _OSTaskProfileEn
0000e26d     389 (0000e240)     _OSTaskMax
0000e26e     389 (0000e240)     _OSTaskNameEn
0000e26f     389 (0000e240)     _OSTaskStatEn
0000e270     389 (0000e240)     _OSTaskStatStkSize
0000e271     389 (0000e240)     _OSTaskStatStkChkEn
0000e272     389 (0000e240)     _OSTaskSwHookEn
0000e273     389 (0000e240)     _OSTaskRegTblSize
0000e274     389 (0000e240)     _OSTCBPrioTblMax
0000e275     389 (0000e240)     _OSTCBSize
0000e276     389 (0000e240)     _OSTicksPerSec
0000e277     389 (0000e240)     _OSTimeTickHookEn
0000e278     389 (0000e240)     _OSVersionNbr
0000e279     389 (0000e240)     _OSTmrEn
0000e27a     389 (0000e240)     _OSTmrCfgMax
0000e27b     389 (0000e240)     _OSTmrCfgNameEn
0000e27c     389 (0000e240)     _OSTmrCfgWheelSize
0000e27d     389 (0000e240)     _OSTmrCfgTicksPerSec
0000e27e     389 (0000e240)     _OSTmrSize
0000e27f     389 (0000e240)     _OSTmrTblSize

0000e280     38a (0000e280)     _OSTmrWheelSize
0000e281     38a (0000e280)     _OSTmrWheelTblSize
0000e282     38a (0000e280)     _OSDataSize
0000e284     38a (0000e280)     _OSEndiannessTest
0000e2b2     38a (0000e280)     _CPU_EndiannessTest

0033fff8    cfff (0033ffc0)     _CsmPwl

00380090    e002 (00380080)     _PartIdRegs


GLOBAL SYMBOLS: SORTED ALPHABETICALLY BY Name 

page  address   name                            
----  -------   ----                            
abs   ffffffff  .text                           
0     0000b749  C$$EXIT                         
0     0000afce  L$$DIV                          
0     0000afdd  L$$MOD                          
0     0000afeb  UL$$DIV                         
0     0000aff2  UL$$MOD                         
0     0000aca2  _ADCConvertCalData              
0     0000a9cb  _ADCINT_ISR                     
0     0000abfb  _ADCInit                        
0     0000ac2b  _ADCReadValue                   
0     00380080  _ADC_cal                        
1     00000b00  _AdcMirror                      
1     00007100  _AdcRegs                        
0     0000b7ef  _CPU_CntLeadZeros               
1     0000e2b2  _CPU_EndiannessTest             
0     0000b7de  _CPU_IntDis                     
0     0000b7e0  _CPU_IntEn                      
0     0000b7fb  _CPU_RevBits                    
0     0000b7e7  _CPU_SR_Restore                 
0     0000b7e2  _CPU_SR_Save                    
0     0000b59a  _ConfigCpuTimer                 
1     0000c420  _CpuTimer0                      
1     00000c00  _CpuTimer0Regs                  
1     0000c428  _CpuTimer1                      
1     00000c08  _CpuTimer1Regs                  
1     0000c430  _CpuTimer2                      
1     00000c10  _CpuTimer2Regs                  
1     0033fff8  _CsmPwl                         
1     00000ae0  _CsmRegs                        
0     00009fcc  _CsmUnlock                      
0     0000a903  _DATALOG_ISR                    
0     0000aaed  _DINTCH1_ISR                    
0     0000aaf7  _DINTCH2_ISR                    
0     0000ab01  _DINTCH3_ISR                    
0     0000ab0b  _DINTCH4_ISR                    
0     0000ab15  _DINTCH5_ISR                    
0     0000ab1f  _DINTCH6_ISR                    
0     0000b85b  _DSP28x_DisableInt              
0     0000b85f  _DSP28x_RestoreInt              
0     00008026  _DSP28x_usDelay                 
1     00000880  _DevEmuRegs                     
0     00009f19  _DisableDog                     
1     00001000  _DmaRegs                        
0     0000ab79  _ECAN0INTA_ISR                  
0     0000ab8d  _ECAN0INTB_ISR                  
0     0000ab83  _ECAN1INTA_ISR                  
0     0000ab97  _ECAN1INTB_ISR                  
0     0000aa61  _ECAP1_INT_ISR                  
0     0000aa6b  _ECAP2_INT_ISR                  
0     0000aa75  _ECAP3_INT_ISR                  
0     0000aa7f  _ECAP4_INT_ISR                  
0     0000aa89  _ECAP5_INT_ISR                  
0     0000aa93  _ECAP6_INT_ISR                  
1     00006040  _ECanaLAMRegs                   
1     000060c0  _ECanaMOTORegs                  
1     00006080  _ECanaMOTSRegs                  
1     00006100  _ECanaMboxes                    
1     00006000  _ECanaRegs                      
1     00006240  _ECanbLAMRegs                   
1     000062c0  _ECanbMOTORegs                  
1     00006280  _ECanbMOTSRegs                  
1     00006300  _ECanbMboxes                    
1     00006200  _ECanbRegs                      
1     00006a00  _ECap1Regs                      
1     00006a20  _ECap2Regs                      
1     00006a40  _ECap3Regs                      
1     00006a60  _ECap4Regs                      
1     00006a80  _ECap5Regs                      
1     00006aa0  _ECap6Regs                      
0     0000a90d  _EMUINT_ISR                     
0     0000aa25  _EPWM1_INT_ISR                  
0     0000a9e9  _EPWM1_TZINT_ISR                
0     0000aa2f  _EPWM2_INT_ISR                  
0     0000a9f3  _EPWM2_TZINT_ISR                
0     0000aa39  _EPWM3_INT_ISR                  
0     0000a9fd  _EPWM3_TZINT_ISR                
0     0000aa43  _EPWM4_INT_ISR                  
0     0000aa07  _EPWM4_TZINT_ISR                
0     0000aa4d  _EPWM5_INT_ISR                  
0     0000aa11  _EPWM5_TZINT_ISR                
0     0000aa57  _EPWM6_INT_ISR                  
0     0000aa1b  _EPWM6_TZINT_ISR                
1     00006800  _EPwm1Regs                      
1     00006840  _EPwm2Regs                      
1     00006880  _EPwm3Regs                      
1     000068c0  _EPwm4Regs                      
1     00006900  _EPwm5Regs                      
1     00006940  _EPwm6Regs                      
0     0000aa9d  _EQEP1_INT_ISR                  
0     0000aaa7  _EQEP2_INT_ISR                  
1     00006b00  _EQep1Regs                      
1     00006b40  _EQep2Regs                      
0     0000b791  _EnableInterrupts               
1     00000a80  _FlashRegs                      
1     00006f80  _GpioCtrlRegs                   
1     00006fc0  _GpioDataRegs                   
1     00006fe0  _GpioIntRegs                    
0     0000ab29  _I2CINT1A_ISR                   
0     0000ab33  _I2CINT2A_ISR                   
1     00007900  _I2caRegs                       
0     0000a921  _ILLEGAL_ISR                    
0     0000a8ef  _INT13_ISR                      
0     0000a8f9  _INT14_ISR                      
0     0000b81a  _InitAdc                        
0     0000b561  _InitCpuTimers                  
0     0000b2b3  _InitEPwm                       
0     0000b2c1  _InitEPwm1Gpio                  
0     0000b2d3  _InitEPwm2Gpio                  
0     0000b2e5  _InitEPwm3Gpio                  
0     0000b2f9  _InitEPwm4Gpio                  
0     0000b30d  _InitEPwm5Gpio                  
0     0000b31f  _InitEPwm6Gpio                  
0     0000b2b4  _InitEPwmGpio                   
0     0000b331  _InitEPwmSyncGpio               
0     00009f71  _InitPeripheralClocks           
0     0000b772  _InitPieCtrl                    
0     0000b7be  _InitPieVectTable               
0     00009f21  _InitPll                        
0     0000b68c  _InitSci                        
0     0000b68d  _InitSciGpio                    
0     0000b694  _InitSciaGpio                   
0     0000b6a9  _InitScibGpio                   
0     0000b6bd  _InitScicGpio                   
0     00009f06  _InitSysCtrl                    
0     0000b345  _InitTzGpio                     
0     0000abdd  _LUF_ISR                        
0     0000abd3  _LVF_ISR                        
0     0000aad9  _MRINTA_ISR                     
0     0000aac5  _MRINTB_ISR                     
0     0000aae3  _MXINTA_ISR                     
0     0000aacf  _MXINTB_ISR                     
1     00005000  _McbspaRegs                     
1     00005040  _McbspbRegs                     
0     0000a917  _NMI_ISR                        
1     0000d040  _OSCPUUsage                     
1     0000d04c  _OSCtxSwCtr                     
1     0000e282  _OSDataSize                     
1     0000e24c  _OSDebugEn                      
0     0000b4d4  _OSDebugInit                    
1     0000e284  _OSEndiannessTest               
1     0000e24d  _OSEventEn                      
1     0000d04e  _OSEventFreeList                
1     0000e24e  _OSEventMax                     
1     0000e252  _OSEventMultiEn                 
1     0000e24f  _OSEventNameEn                  
0     00009000  _OSEventNameGet                 
0     0000903f  _OSEventNameSet                 
0     00009073  _OSEventPendMulti               
1     0000e250  _OSEventSize                    
1     0000ce40  _OSEventTbl                     
1     0000e251  _OSEventTblSize                 
0     0000a000  _OSFlagAccept                   
0     0000a08b  _OSFlagCreate                   
0     0000a0be  _OSFlagDel                      
1     0000e253  _OSFlagEn                       
1     0000d050  _OSFlagFreeList                 
1     0000e254  _OSFlagGrpSize                  
1     0000e257  _OSFlagMax                      
1     0000e258  _OSFlagNameEn                   
0     0000a143  _OSFlagNameGet                  
0     0000a17d  _OSFlagNameSet                  
1     0000e255  _OSFlagNodeSize                 
0     0000a1ac  _OSFlagPend                     
0     0000a305  _OSFlagPendGetFlagsRdy          
0     0000a317  _OSFlagPost                     
0     0000a3d7  _OSFlagQuery                    
1     0000d000  _OSFlagTbl                      
1     0000e256  _OSFlagWidth                    
1     0000d056  _OSIdleCtr                      
1     0000d052  _OSIdleCtrMax                   
1     0000d054  _OSIdleCtrRun                   
0     0000922d  _OSInit                         
0     0000ad81  _OSInitHookBegin                
0     0000adcb  _OSInitHookEnd                  
0     00009246  _OSIntEnter                     
0     00009250  _OSIntExit                      
1     0000d042  _OSIntNesting                   
1     0000d043  _OSLockNesting                  
1     0000e259  _OSLowestPrio                   
1     0000e25a  _OSMboxEn                       
0     00009d72  _OSMemCreate                    
1     0000e25b  _OSMemEn                        
1     0000d060  _OSMemFreeList                  
0     00009ddb  _OSMemGet                       
1     0000e25c  _OSMemMax                       
1     0000e25d  _OSMemNameEn                    
0     00009e0b  _OSMemNameGet                   
0     00009e3c  _OSMemNameSet                   
0     00009e63  _OSMemPut                       
0     00009e92  _OSMemQuery                     
1     0000e25e  _OSMemSize                      
1     0000cf80  _OSMemTbl                       
1     0000e25f  _OSMemTblSize                   
1     0000e260  _OSMutexEn                      
1     0000d044  _OSPrioCur                      
1     0000d045  _OSPrioHighRdy                  
1     0000e261  _OSPtrSize                      
0     0000a4f3  _OSQAccept                      
0     0000a53b  _OSQCreate                      
0     0000a5a0  _OSQDel                         
1     0000e262  _OSQEn                          
0     0000a639  _OSQFlush                       
1     0000d062  _OSQFreeList                    
1     0000e263  _OSQMax                         
0     0000a65f  _OSQPend                        
0     0000a714  _OSQPendAbort                   
0     0000a758  _OSQPost                        
0     0000a7a0  _OSQPostFront                   
0     0000a7f4  _OSQPostOpt                     
0     0000a868  _OSQQuery                       
1     0000e264  _OSQSize                        
1     0000cfc0  _OSQTbl                         
1     0000d046  _OSRdyGrp                       
1     0000c438  _OSRdyTbl                       
1     0000e265  _OSRdyTblSize                   
1     0000d047  _OSRunning                      
0     00009283  _OSSchedLock                    
0     0000929a  _OSSchedUnlock                  
1     0000e266  _OSSemEn                        
0     000092c0  _OSStart                        
0     0000b443  _OSStartHighRdy                 
0     000092d7  _OSStatInit                     
1     0000d041  _OSStatRdy                      
1     0000e267  _OSStkWidth                     
1     0000d058  _OSTCBCur                       
1     0000d05a  _OSTCBFreeList                  
1     0000d05c  _OSTCBHighRdy                   
0     0000aebb  _OSTCBInitHook                  
1     0000d05e  _OSTCBList                      
1     0000cf00  _OSTCBPrioTbl                   
1     0000e274  _OSTCBPrioTblMax                
1     0000e275  _OSTCBSize                      
1     0000c000  _OSTCBTbl                       
0     000097a6  _OSTaskChangePrio               
0     000098af  _OSTaskCreate                   
1     0000e268  _OSTaskCreateEn                 
0     0000990d  _OSTaskCreateExt                
1     0000e269  _OSTaskCreateExtEn              
0     0000adcc  _OSTaskCreateHook               
1     0000d048  _OSTaskCtr                      
0     00009975  _OSTaskDel                      
1     0000e26a  _OSTaskDelEn                    
0     0000add0  _OSTaskDelHook                  
0     00009a6a  _OSTaskDelReq                   
0     0000add4  _OSTaskIdleHook                 
1     0000ca40  _OSTaskIdleStk                  
1     0000e26b  _OSTaskIdleStkSize              
1     0000e26d  _OSTaskMax                      
1     0000e26e  _OSTaskNameEn                   
0     00009aae  _OSTaskNameGet                  
0     00009b0a  _OSTaskNameSet                  
1     0000e26c  _OSTaskProfileEn                
0     00009c8d  _OSTaskQuery                    
0     00009ccb  _OSTaskRegGet                   
0     00009d02  _OSTaskRegGetID                 
1     0000d04a  _OSTaskRegNextAvailID           
0     00009d1e  _OSTaskRegSet                   
1     0000e273  _OSTaskRegTblSize               
0     00009b5a  _OSTaskResume                   
0     0000add5  _OSTaskReturnHook               
1     0000e26f  _OSTaskStatEn                   
0     0000add9  _OSTaskStatHook                 
1     0000cb40  _OSTaskStatStk                  
1     0000e271  _OSTaskStatStkChkEn             
1     0000e270  _OSTaskStatStkSize              
0     00009bbf  _OSTaskStkChk                   
0     0000adda  _OSTaskStkInit                  
0     00009c1e  _OSTaskSuspend                  
0     0000aeba  _OSTaskSwHook                   
1     0000e272  _OSTaskSwHookEn                 
1     0000d049  _OSTickStepState                
1     0000e276  _OSTicksPerSec                  
1     0000d064  _OSTime                         
0     0000aec0  _OSTimeDly                      
0     0000aefd  _OSTimeDlyHMSM                  
0     0000af45  _OSTimeDlyResume                
0     0000afb0  _OSTimeGet                      
0     0000afbf  _OSTimeSet                      
0     000092f7  _OSTimeTick                     
0     0000aebf  _OSTimeTickHook                 
1     0000e277  _OSTimeTickHookEn               
1     0000e27a  _OSTmrCfgMax                    
1     0000e27b  _OSTmrCfgNameEn                 
1     0000e27d  _OSTmrCfgTicksPerSec            
1     0000e27c  _OSTmrCfgWheelSize              
1     0000e279  _OSTmrEn                        
1     0000e27e  _OSTmrSize                      
1     0000e27f  _OSTmrTblSize                   
1     0000e280  _OSTmrWheelSize                 
1     0000e281  _OSTmrWheelTblSize              
1     0000e000  _OSUnMapTbl                     
0     00009377  _OSVersion                      
1     0000e278  _OSVersionNbr                   
0     0000b430  _OS_CPU_GetST0                  
0     0000b433  _OS_CPU_GetST1                  
0     0000b476  _OS_CPU_RTOSINT_Handler         
0     0000b43b  _OS_CPU_SR_Restore              
0     0000b436  _OS_CPU_SR_Save                 
0     0000937a  _OS_Dummy                       
0     0000937b  _OS_EventTaskRdy                
0     00009462  _OS_EventTaskRemove             
0     00009488  _OS_EventTaskRemoveMulti        
0     000093de  _OS_EventTaskWait               
0     00009416  _OS_EventTaskWaitMulti          
0     000094bc  _OS_EventWaitListInit           
0     0000a452  _OS_FlagInit                    
0     0000a4ce  _OS_FlagUnlink                  
0     000095c4  _OS_MemClr                      
0     000095d3  _OS_MemCopy                     
0     00009eca  _OS_MemInit                     
0     0000a8bd  _OS_QInit                       
0     000095e6  _OS_Sched                       
0     00009625  _OS_StrLen                      
0     000096be  _OS_TCBInit                     
0     00009637  _OS_TaskIdle                    
0     00009d53  _OS_TaskReturn                  
0     00009648  _OS_TaskStat                    
0     0000968f  _OS_TaskStatStkChk              
0     00009d5c  _OS_TaskStkClr                  
0     0000abe7  _PIE_RESERVED                   
1     00380090  _PartIdRegs                     
1     00000ce0  _PieCtrlRegs                    
1     00000d00  _PieVectTable                   
1     0000e100  _PieVectTableInit               
0     0000b6d3  _SCIRXINTA_IRQn                 
0     0000ab51  _SCIRXINTA_ISR                  
0     0000ab65  _SCIRXINTB_ISR                  
0     0000ab3d  _SCIRXINTC_ISR                  
0     0000ab5b  _SCITXINTA_ISR                  
0     0000ab6f  _SCITXINTB_ISR                  
0     0000ab47  _SCITXINTC_ISR                  
0     0000a9a3  _SEQ1INT_ISR                    
0     0000a9ad  _SEQ2INT_ISR                    
0     0000aab1  _SPIRXINTA_ISR                  
0     0000aabb  _SPITXINTA_ISR                  
1     00007050  _SciaRegs                       
1     00007750  _ScibRegs                       
1     00007770  _ScicRegs                       
0     00009f0f  _ServiceDog                     
0     00009ffd  _SetDBGIER                      
1     00007040  _SpiaRegs                       
1     00007010  _SysCtrlRegs                    
0     0000a9d5  _TINT0_ISR                      
0     0000a985  _USER10_ISR                     
0     0000a98f  _USER11_ISR                     
0     0000a999  _USER12_ISR                     
0     0000a92b  _USER1_ISR                      
0     0000a935  _USER2_ISR                      
0     0000a93f  _USER3_ISR                      
0     0000a949  _USER4_ISR                      
0     0000a953  _USER5_ISR                      
0     0000a95d  _USER6_ISR                      
0     0000a967  _USER7_ISR                      
0     0000a971  _USER8_ISR                      
0     0000a97b  _USER9_ISR                      
0     0000a9df  _WAKEINT_ISR                    
0     0000a9b7  _XINT1_ISR                      
0     0000a9c1  _XINT2_ISR                      
0     0000aba1  _XINT3_ISR                      
0     0000abab  _XINT4_ISR                      
0     0000abb5  _XINT5_ISR                      
0     0000abbf  _XINT6_ISR                      
0     0000abc9  _XINT7_ISR                      
1     00007070  _XIntruptRegs                   
1     00000b20  _XintfRegs                      
1     00000700  __STACK_END                     
abs   00000300  __STACK_SIZE                    
1     0000d030  ___TI_cleanup_ptr               
1     0000d032  ___TI_dtors_ptr                 
1     0000d02e  ___TI_enable_exit_profile_output
abs   ffffffff  ___TI_pprof_out_hndl            
abs   ffffffff  ___TI_prof_data_size            
abs   ffffffff  ___TI_prof_data_start           
abs   ffffffff  ___binit__                      
abs   ffffffff  ___c_args__                     
0     00008000  ___cinit__                      
abs   ffffffff  ___etext__                      
abs   ffffffff  ___pinit__                      
abs   ffffffff  ___text__                       
0     0000b840  __args_main                     
1     0000cfbe  __lock                          
0     0000b85a  __nop                           
0     0000b856  __register_lock                 
0     0000b852  __register_unlock               
1     00000400  __stack                         
0     0000b864  __system_post_cinit             
0     0000b862  __system_pre_init               
1     0000d034  __unlock                        
0     0000b749  _abort                          
0     0000b3e2  _adjustVoltage                  
0     0000b636  _c_int00                        
1     0000c440  _communication_task_stk         
0     0000b79a  _copy_in                        
0     0000b711  _cpu_timer0_isr                 
0     0000b285  _crc32                          
1     0000cfbc  _crc32Code                      
1     0000c640  _create_task_stk                
1     0000cee8  _elecCalData                    
1     0000cef0  _elecData                       
1     0000d036  _elecDatatFlag                  
0     0000b74b  _exit                           
0     0000b27b  _getAbsValue                    
0     0000b26d  _getStringLength                
0     0000b82e  _initGlobalVar                  
0     0000b000  _main                           
1     0000c840  _measure_task_stk               
0     0000b7fd  _memcpy                         
0     0000b1e0  _numToStr                       
1     0000cee2  _power                          
0     0000b37b  _pwmInit                        
1     0000cc40  _receiveBuffer                  
1     0000cee0  _receiveOKFlag                  
0     0000abf1  _rsvd_ISR                       
1     0000cd40  _sendBuffer                     
0     0000b137  _sendElecData                   
0     0000b245  _strToNum                       
1     0000e200  _tempTable                      
0     0000b5d5  _uartInit                       
0     0000b62d  _uartReceiveByte                
0     0000b615  _uartSendByte                   
0     0000b621  _uartSendString                 
0     0000b0f4  _updateUserSettingParamater     
1     0000cee4  _useData                        
abs   ffffffff  binit                           
0     00008000  cinit                           
0     00000000  code_start                      
abs   ffffffff  etext                           
abs   ffffffff  pinit                           


GLOBAL SYMBOLS: SORTED BY Symbol Address 

page  address   name                            
----  -------   ----                            
0     00000000  code_start                      
0     00008000  ___cinit__                      
0     00008000  cinit                           
0     00008026  _DSP28x_usDelay                 
0     00009000  _OSEventNameGet                 
0     0000903f  _OSEventNameSet                 
0     00009073  _OSEventPendMulti               
0     0000922d  _OSInit                         
0     00009246  _OSIntEnter                     
0     00009250  _OSIntExit                      
0     00009283  _OSSchedLock                    
0     0000929a  _OSSchedUnlock                  
0     000092c0  _OSStart                        
0     000092d7  _OSStatInit                     
0     000092f7  _OSTimeTick                     
0     00009377  _OSVersion                      
0     0000937a  _OS_Dummy                       
0     0000937b  _OS_EventTaskRdy                
0     000093de  _OS_EventTaskWait               
0     00009416  _OS_EventTaskWaitMulti          
0     00009462  _OS_EventTaskRemove             
0     00009488  _OS_EventTaskRemoveMulti        
0     000094bc  _OS_EventWaitListInit           
0     000095c4  _OS_MemClr                      
0     000095d3  _OS_MemCopy                     
0     000095e6  _OS_Sched                       
0     00009625  _OS_StrLen                      
0     00009637  _OS_TaskIdle                    
0     00009648  _OS_TaskStat                    
0     0000968f  _OS_TaskStatStkChk              
0     000096be  _OS_TCBInit                     
0     000097a6  _OSTaskChangePrio               
0     000098af  _OSTaskCreate                   
0     0000990d  _OSTaskCreateExt                
0     00009975  _OSTaskDel                      
0     00009a6a  _OSTaskDelReq                   
0     00009aae  _OSTaskNameGet                  
0     00009b0a  _OSTaskNameSet                  
0     00009b5a  _OSTaskResume                   
0     00009bbf  _OSTaskStkChk                   
0     00009c1e  _OSTaskSuspend                  
0     00009c8d  _OSTaskQuery                    
0     00009ccb  _OSTaskRegGet                   
0     00009d02  _OSTaskRegGetID                 
0     00009d1e  _OSTaskRegSet                   
0     00009d53  _OS_TaskReturn                  
0     00009d5c  _OS_TaskStkClr                  
0     00009d72  _OSMemCreate                    
0     00009ddb  _OSMemGet                       
0     00009e0b  _OSMemNameGet                   
0     00009e3c  _OSMemNameSet                   
0     00009e63  _OSMemPut                       
0     00009e92  _OSMemQuery                     
0     00009eca  _OS_MemInit                     
0     00009f06  _InitSysCtrl                    
0     00009f0f  _ServiceDog                     
0     00009f19  _DisableDog                     
0     00009f21  _InitPll                        
0     00009f71  _InitPeripheralClocks           
0     00009fcc  _CsmUnlock                      
0     00009ffd  _SetDBGIER                      
0     0000a000  _OSFlagAccept                   
0     0000a08b  _OSFlagCreate                   
0     0000a0be  _OSFlagDel                      
0     0000a143  _OSFlagNameGet                  
0     0000a17d  _OSFlagNameSet                  
0     0000a1ac  _OSFlagPend                     
0     0000a305  _OSFlagPendGetFlagsRdy          
0     0000a317  _OSFlagPost                     
0     0000a3d7  _OSFlagQuery                    
0     0000a452  _OS_FlagInit                    
0     0000a4ce  _OS_FlagUnlink                  
0     0000a4f3  _OSQAccept                      
0     0000a53b  _OSQCreate                      
0     0000a5a0  _OSQDel                         
0     0000a639  _OSQFlush                       
0     0000a65f  _OSQPend                        
0     0000a714  _OSQPendAbort                   
0     0000a758  _OSQPost                        
0     0000a7a0  _OSQPostFront                   
0     0000a7f4  _OSQPostOpt                     
0     0000a868  _OSQQuery                       
0     0000a8bd  _OS_QInit                       
0     0000a8ef  _INT13_ISR                      
0     0000a8f9  _INT14_ISR                      
0     0000a903  _DATALOG_ISR                    
0     0000a90d  _EMUINT_ISR                     
0     0000a917  _NMI_ISR                        
0     0000a921  _ILLEGAL_ISR                    
0     0000a92b  _USER1_ISR                      
0     0000a935  _USER2_ISR                      
0     0000a93f  _USER3_ISR                      
0     0000a949  _USER4_ISR                      
0     0000a953  _USER5_ISR                      
0     0000a95d  _USER6_ISR                      
0     0000a967  _USER7_ISR                      
0     0000a971  _USER8_ISR                      
0     0000a97b  _USER9_ISR                      
0     0000a985  _USER10_ISR                     
0     0000a98f  _USER11_ISR                     
0     0000a999  _USER12_ISR                     
0     0000a9a3  _SEQ1INT_ISR                    
0     0000a9ad  _SEQ2INT_ISR                    
0     0000a9b7  _XINT1_ISR                      
0     0000a9c1  _XINT2_ISR                      
0     0000a9cb  _ADCINT_ISR                     
0     0000a9d5  _TINT0_ISR                      
0     0000a9df  _WAKEINT_ISR                    
0     0000a9e9  _EPWM1_TZINT_ISR                
0     0000a9f3  _EPWM2_TZINT_ISR                
0     0000a9fd  _EPWM3_TZINT_ISR                
0     0000aa07  _EPWM4_TZINT_ISR                
0     0000aa11  _EPWM5_TZINT_ISR                
0     0000aa1b  _EPWM6_TZINT_ISR                
0     0000aa25  _EPWM1_INT_ISR                  
0     0000aa2f  _EPWM2_INT_ISR                  
0     0000aa39  _EPWM3_INT_ISR                  
0     0000aa43  _EPWM4_INT_ISR                  
0     0000aa4d  _EPWM5_INT_ISR                  
0     0000aa57  _EPWM6_INT_ISR                  
0     0000aa61  _ECAP1_INT_ISR                  
0     0000aa6b  _ECAP2_INT_ISR                  
0     0000aa75  _ECAP3_INT_ISR                  
0     0000aa7f  _ECAP4_INT_ISR                  
0     0000aa89  _ECAP5_INT_ISR                  
0     0000aa93  _ECAP6_INT_ISR                  
0     0000aa9d  _EQEP1_INT_ISR                  
0     0000aaa7  _EQEP2_INT_ISR                  
0     0000aab1  _SPIRXINTA_ISR                  
0     0000aabb  _SPITXINTA_ISR                  
0     0000aac5  _MRINTB_ISR                     
0     0000aacf  _MXINTB_ISR                     
0     0000aad9  _MRINTA_ISR                     
0     0000aae3  _MXINTA_ISR                     
0     0000aaed  _DINTCH1_ISR                    
0     0000aaf7  _DINTCH2_ISR                    
0     0000ab01  _DINTCH3_ISR                    
0     0000ab0b  _DINTCH4_ISR                    
0     0000ab15  _DINTCH5_ISR                    
0     0000ab1f  _DINTCH6_ISR                    
0     0000ab29  _I2CINT1A_ISR                   
0     0000ab33  _I2CINT2A_ISR                   
0     0000ab3d  _SCIRXINTC_ISR                  
0     0000ab47  _SCITXINTC_ISR                  
0     0000ab51  _SCIRXINTA_ISR                  
0     0000ab5b  _SCITXINTA_ISR                  
0     0000ab65  _SCIRXINTB_ISR                  
0     0000ab6f  _SCITXINTB_ISR                  
0     0000ab79  _ECAN0INTA_ISR                  
0     0000ab83  _ECAN1INTA_ISR                  
0     0000ab8d  _ECAN0INTB_ISR                  
0     0000ab97  _ECAN1INTB_ISR                  
0     0000aba1  _XINT3_ISR                      
0     0000abab  _XINT4_ISR                      
0     0000abb5  _XINT5_ISR                      
0     0000abbf  _XINT6_ISR                      
0     0000abc9  _XINT7_ISR                      
0     0000abd3  _LVF_ISR                        
0     0000abdd  _LUF_ISR                        
0     0000abe7  _PIE_RESERVED                   
0     0000abf1  _rsvd_ISR                       
0     0000abfb  _ADCInit                        
0     0000ac2b  _ADCReadValue                   
0     0000aca2  _ADCConvertCalData              
0     0000ad81  _OSInitHookBegin                
0     0000adcb  _OSInitHookEnd                  
0     0000adcc  _OSTaskCreateHook               
0     0000add0  _OSTaskDelHook                  
0     0000add4  _OSTaskIdleHook                 
0     0000add5  _OSTaskReturnHook               
0     0000add9  _OSTaskStatHook                 
0     0000adda  _OSTaskStkInit                  
0     0000aeba  _OSTaskSwHook                   
0     0000aebb  _OSTCBInitHook                  
0     0000aebf  _OSTimeTickHook                 
0     0000aec0  _OSTimeDly                      
0     0000aefd  _OSTimeDlyHMSM                  
0     0000af45  _OSTimeDlyResume                
0     0000afb0  _OSTimeGet                      
0     0000afbf  _OSTimeSet                      
0     0000afce  L$$DIV                          
0     0000afdd  L$$MOD                          
0     0000afeb  UL$$DIV                         
0     0000aff2  UL$$MOD                         
0     0000b000  _main                           
0     0000b0f4  _updateUserSettingParamater     
0     0000b137  _sendElecData                   
0     0000b1e0  _numToStr                       
0     0000b245  _strToNum                       
0     0000b26d  _getStringLength                
0     0000b27b  _getAbsValue                    
0     0000b285  _crc32                          
0     0000b2b3  _InitEPwm                       
0     0000b2b4  _InitEPwmGpio                   
0     0000b2c1  _InitEPwm1Gpio                  
0     0000b2d3  _InitEPwm2Gpio                  
0     0000b2e5  _InitEPwm3Gpio                  
0     0000b2f9  _InitEPwm4Gpio                  
0     0000b30d  _InitEPwm5Gpio                  
0     0000b31f  _InitEPwm6Gpio                  
0     0000b331  _InitEPwmSyncGpio               
0     0000b345  _InitTzGpio                     
0     0000b37b  _pwmInit                        
0     0000b3e2  _adjustVoltage                  
0     0000b430  _OS_CPU_GetST0                  
0     0000b433  _OS_CPU_GetST1                  
0     0000b436  _OS_CPU_SR_Save                 
0     0000b43b  _OS_CPU_SR_Restore              
0     0000b443  _OSStartHighRdy                 
0     0000b476  _OS_CPU_RTOSINT_Handler         
0     0000b4d4  _OSDebugInit                    
0     0000b561  _InitCpuTimers                  
0     0000b59a  _ConfigCpuTimer                 
0     0000b5d5  _uartInit                       
0     0000b615  _uartSendByte                   
0     0000b621  _uartSendString                 
0     0000b62d  _uartReceiveByte                
0     0000b636  _c_int00                        
0     0000b68c  _InitSci                        
0     0000b68d  _InitSciGpio                    
0     0000b694  _InitSciaGpio                   
0     0000b6a9  _InitScibGpio                   
0     0000b6bd  _InitScicGpio                   
0     0000b6d3  _SCIRXINTA_IRQn                 
0     0000b711  _cpu_timer0_isr                 
0     0000b749  C$$EXIT                         
0     0000b749  _abort                          
0     0000b74b  _exit                           
0     0000b772  _InitPieCtrl                    
0     0000b791  _EnableInterrupts               
0     0000b79a  _copy_in                        
0     0000b7be  _InitPieVectTable               
0     0000b7de  _CPU_IntDis                     
0     0000b7e0  _CPU_IntEn                      
0     0000b7e2  _CPU_SR_Save                    
0     0000b7e7  _CPU_SR_Restore                 
0     0000b7ef  _CPU_CntLeadZeros               
0     0000b7fb  _CPU_RevBits                    
0     0000b7fd  _memcpy                         
0     0000b81a  _InitAdc                        
0     0000b82e  _initGlobalVar                  
0     0000b840  __args_main                     
0     0000b852  __register_unlock               
0     0000b856  __register_lock                 
0     0000b85a  __nop                           
0     0000b85b  _DSP28x_DisableInt              
0     0000b85f  _DSP28x_RestoreInt              
0     0000b862  __system_pre_init               
0     0000b864  __system_post_cinit             
0     00380080  _ADC_cal                        
1     00000400  __stack                         
1     00000700  __STACK_END                     
1     00000880  _DevEmuRegs                     
1     00000a80  _FlashRegs                      
1     00000ae0  _CsmRegs                        
1     00000b00  _AdcMirror                      
1     00000b20  _XintfRegs                      
1     00000c00  _CpuTimer0Regs                  
1     00000c08  _CpuTimer1Regs                  
1     00000c10  _CpuTimer2Regs                  
1     00000ce0  _PieCtrlRegs                    
1     00000d00  _PieVectTable                   
1     00001000  _DmaRegs                        
1     00005000  _McbspaRegs                     
1     00005040  _McbspbRegs                     
1     00006000  _ECanaRegs                      
1     00006040  _ECanaLAMRegs                   
1     00006080  _ECanaMOTSRegs                  
1     000060c0  _ECanaMOTORegs                  
1     00006100  _ECanaMboxes                    
1     00006200  _ECanbRegs                      
1     00006240  _ECanbLAMRegs                   
1     00006280  _ECanbMOTSRegs                  
1     000062c0  _ECanbMOTORegs                  
1     00006300  _ECanbMboxes                    
1     00006800  _EPwm1Regs                      
1     00006840  _EPwm2Regs                      
1     00006880  _EPwm3Regs                      
1     000068c0  _EPwm4Regs                      
1     00006900  _EPwm5Regs                      
1     00006940  _EPwm6Regs                      
1     00006a00  _ECap1Regs                      
1     00006a20  _ECap2Regs                      
1     00006a40  _ECap3Regs                      
1     00006a60  _ECap4Regs                      
1     00006a80  _ECap5Regs                      
1     00006aa0  _ECap6Regs                      
1     00006b00  _EQep1Regs                      
1     00006b40  _EQep2Regs                      
1     00006f80  _GpioCtrlRegs                   
1     00006fc0  _GpioDataRegs                   
1     00006fe0  _GpioIntRegs                    
1     00007010  _SysCtrlRegs                    
1     00007040  _SpiaRegs                       
1     00007050  _SciaRegs                       
1     00007070  _XIntruptRegs                   
1     00007100  _AdcRegs                        
1     00007750  _ScibRegs                       
1     00007770  _ScicRegs                       
1     00007900  _I2caRegs                       
1     0000c000  _OSTCBTbl                       
1     0000c420  _CpuTimer0                      
1     0000c428  _CpuTimer1                      
1     0000c430  _CpuTimer2                      
1     0000c438  _OSRdyTbl                       
1     0000c440  _communication_task_stk         
1     0000c640  _create_task_stk                
1     0000c840  _measure_task_stk               
1     0000ca40  _OSTaskIdleStk                  
1     0000cb40  _OSTaskStatStk                  
1     0000cc40  _receiveBuffer                  
1     0000cd40  _sendBuffer                     
1     0000ce40  _OSEventTbl                     
1     0000cee0  _receiveOKFlag                  
1     0000cee2  _power                          
1     0000cee4  _useData                        
1     0000cee8  _elecCalData                    
1     0000cef0  _elecData                       
1     0000cf00  _OSTCBPrioTbl                   
1     0000cf80  _OSMemTbl                       
1     0000cfbc  _crc32Code                      
1     0000cfbe  __lock                          
1     0000cfc0  _OSQTbl                         
1     0000d000  _OSFlagTbl                      
1     0000d02e  ___TI_enable_exit_profile_output
1     0000d030  ___TI_cleanup_ptr               
1     0000d032  ___TI_dtors_ptr                 
1     0000d034  __unlock                        
1     0000d036  _elecDatatFlag                  
1     0000d040  _OSCPUUsage                     
1     0000d041  _OSStatRdy                      
1     0000d042  _OSIntNesting                   
1     0000d043  _OSLockNesting                  
1     0000d044  _OSPrioCur                      
1     0000d045  _OSPrioHighRdy                  
1     0000d046  _OSRdyGrp                       
1     0000d047  _OSRunning                      
1     0000d048  _OSTaskCtr                      
1     0000d049  _OSTickStepState                
1     0000d04a  _OSTaskRegNextAvailID           
1     0000d04c  _OSCtxSwCtr                     
1     0000d04e  _OSEventFreeList                
1     0000d050  _OSFlagFreeList                 
1     0000d052  _OSIdleCtrMax                   
1     0000d054  _OSIdleCtrRun                   
1     0000d056  _OSIdleCtr                      
1     0000d058  _OSTCBCur                       
1     0000d05a  _OSTCBFreeList                  
1     0000d05c  _OSTCBHighRdy                   
1     0000d05e  _OSTCBList                      
1     0000d060  _OSMemFreeList                  
1     0000d062  _OSQFreeList                    
1     0000d064  _OSTime                         
1     0000e000  _OSUnMapTbl                     
1     0000e100  _PieVectTableInit               
1     0000e200  _tempTable                      
1     0000e24c  _OSDebugEn                      
1     0000e24d  _OSEventEn                      
1     0000e24e  _OSEventMax                     
1     0000e24f  _OSEventNameEn                  
1     0000e250  _OSEventSize                    
1     0000e251  _OSEventTblSize                 
1     0000e252  _OSEventMultiEn                 
1     0000e253  _OSFlagEn                       
1     0000e254  _OSFlagGrpSize                  
1     0000e255  _OSFlagNodeSize                 
1     0000e256  _OSFlagWidth                    
1     0000e257  _OSFlagMax                      
1     0000e258  _OSFlagNameEn                   
1     0000e259  _OSLowestPrio                   
1     0000e25a  _OSMboxEn                       
1     0000e25b  _OSMemEn                        
1     0000e25c  _OSMemMax                       
1     0000e25d  _OSMemNameEn                    
1     0000e25e  _OSMemSize                      
1     0000e25f  _OSMemTblSize                   
1     0000e260  _OSMutexEn                      
1     0000e261  _OSPtrSize                      
1     0000e262  _OSQEn                          
1     0000e263  _OSQMax                         
1     0000e264  _OSQSize                        
1     0000e265  _OSRdyTblSize                   
1     0000e266  _OSSemEn                        
1     0000e267  _OSStkWidth                     
1     0000e268  _OSTaskCreateEn                 
1     0000e269  _OSTaskCreateExtEn              
1     0000e26a  _OSTaskDelEn                    
1     0000e26b  _OSTaskIdleStkSize              
1     0000e26c  _OSTaskProfileEn                
1     0000e26d  _OSTaskMax                      
1     0000e26e  _OSTaskNameEn                   
1     0000e26f  _OSTaskStatEn                   
1     0000e270  _OSTaskStatStkSize              
1     0000e271  _OSTaskStatStkChkEn             
1     0000e272  _OSTaskSwHookEn                 
1     0000e273  _OSTaskRegTblSize               
1     0000e274  _OSTCBPrioTblMax                
1     0000e275  _OSTCBSize                      
1     0000e276  _OSTicksPerSec                  
1     0000e277  _OSTimeTickHookEn               
1     0000e278  _OSVersionNbr                   
1     0000e279  _OSTmrEn                        
1     0000e27a  _OSTmrCfgMax                    
1     0000e27b  _OSTmrCfgNameEn                 
1     0000e27c  _OSTmrCfgWheelSize              
1     0000e27d  _OSTmrCfgTicksPerSec            
1     0000e27e  _OSTmrSize                      
1     0000e27f  _OSTmrTblSize                   
1     0000e280  _OSTmrWheelSize                 
1     0000e281  _OSTmrWheelTblSize              
1     0000e282  _OSDataSize                     
1     0000e284  _OSEndiannessTest               
1     0000e2b2  _CPU_EndiannessTest             
1     0033fff8  _CsmPwl                         
1     00380090  _PartIdRegs                     
abs   00000300  __STACK_SIZE                    
abs   ffffffff  .text                           
abs   ffffffff  ___TI_pprof_out_hndl            
abs   ffffffff  ___TI_prof_data_size            
abs   ffffffff  ___TI_prof_data_start           
abs   ffffffff  ___binit__                      
abs   ffffffff  ___c_args__                     
abs   ffffffff  ___etext__                      
abs   ffffffff  ___pinit__                      
abs   ffffffff  ___text__                       
abs   ffffffff  binit                           
abs   ffffffff  etext                           
abs   ffffffff  pinit                           

[428 symbols]
