<html>
<body>
<pre>
<h1>µVision Build Log</h1>
<h2>Tool Versions:</h2>
IDE-Version: ¦ÌVision V5.40.0.0
Copyright (C) 2024 ARM Ltd and ARM Germany GmbH. All rights reserved.
License Information: Hcw Hcw, Hcw, LIC=SDA0P-MEAG3-74YS0-B06LI-KYDSC-8ZVJJ
 
Tool Versions:
Toolchain:       MDK-ARM Plus  Version: 5.40.0.3
Toolchain Path:  D:\Keil\ARM\ARM_Compiler_5.06u7\Bin
C Compiler:      Armcc.exe V5.06 update 7 (build 960)
Assembler:       Armasm.exe V5.06 update 7 (build 960)
Linker/Locator:  ArmLink.exe V5.06 update 7 (build 960)
Library Manager: ArmAr.exe V5.06 update 7 (build 960)
Hex Converter:   FromElf.exe V5.06 update 7 (build 960)
CPU DLL:         SARMCM3.DLL V5.40.0.3
Dialog DLL:      DCM.DLL V1.17.5.0
Target DLL:      CMSIS_AGDI.dll V1.33.18.0
Dialog DLL:      TCM.DLL V1.56.4.0
 
<h2>Project:</h2>
F:\MyProjects\DigitalPower\HMI_Code\User\BuckPowerHMI.uvprojx
Project File Date:  01/10/2025

<h2>Output:</h2>
*** Using Compiler 'V5.06 update 7 (build 960)', folder: 'D:\Keil\ARM\ARM_Compiler_5.06u7\Bin'
Rebuild target 'BuckPowerHMI'
assembling startup_stm32f10x_ld.s...
compiling core_cm3.c...
compiling stm32f10x_gpio.c...
compiling stm32f10x_crc.c...
compiling stm32f10x_dbgmcu.c...
compiling stm32f10x_exti.c...
compiling stm32f10x_bkp.c...
compiling stm32f10x_dac.c...
compiling misc.c...
compiling stm32f10x_cec.c...
compiling stm32f10x_adc.c...
compiling stm32f10x_can.c...
compiling stm32f10x_dma.c...
compiling stm32f10x_fsmc.c...
compiling stm32f10x_flash.c...
compiling stm32f10x_i2c.c...
compiling stm32f10x_iwdg.c...
compiling stm32f10x_pwr.c...
compiling stm32f10x_rcc.c...
compiling stm32f10x_rtc.c...
compiling stm32f10x_sdio.c...
compiling stm32f10x_spi.c...
compiling stm32f10x_wwdg.c...
compiling stm32f10x_usart.c...
compiling sys.c...
compiling stm32f10x_tim.c...
compiling AHT20.c...
compiling Button.c...
compiling Buzzer.c...
compiling CAN.c...
compiling DMA.c...
compiling Flash.c...
compiling IIC.c...
compiling Interface.c...
assembling context_rvds.S...
compiling PID.c...
compiling Lcd.c...
..\Hardware\Lcd.c(723): warning:  #167-D: argument of type "rt_uint8_t *" is incompatible with parameter of type "const char *"
  		lcdShowString(122, 90, dataString, BLUE, GREEN, 16);
..\Hardware\Lcd.c(725): warning:  #167-D: argument of type "rt_uint8_t *" is incompatible with parameter of type "const char *"
  		lcdShowString(130, 130, dataString, BLUE, GREEN, 16);
..\Hardware\Lcd.c(727): warning:  #167-D: argument of type "rt_uint8_t *" is incompatible with parameter of type "const char *"
  		lcdShowString(130, 170, dataString, BLUE, GREEN, 16);
..\Hardware\Lcd.c(733): warning:  #167-D: argument of type "rt_uint8_t *" is incompatible with parameter of type "const char *"
  	lcdShowString(42, 250, dataString, BLUE, GREEN, 16);
..\Hardware\Lcd.c(735): warning:  #167-D: argument of type "rt_uint8_t *" is incompatible with parameter of type "const char *"
  	lcdShowString(138, 250, dataString, BLUE, GREEN, 16);
..\Hardware\Lcd.c(745): warning:  #167-D: argument of type "const rt_uint8_t *" is incompatible with parameter of type "const char *"
  		lcdShowString(105, 54, setting_item_string[0][pageNum], BLUE, GREEN, 32); // ID number
..\Hardware\Lcd.c(746): warning:  #167-D: argument of type "const rt_uint8_t *" is incompatible with parameter of type "const char *"
  		lcdShowString(40, 180, setting_item_string[1][pageNum], BLUE, GREEN, 32); // ID name
..\Hardware\Lcd.c(747): warning:  #167-D: argument of type "rt_uint8_t *" is incompatible with parameter of type "const char *"
  		lcdShowString(128, 180, parameterString, BLUE, GREEN, 32);				  // ID parameter
..\Hardware\Lcd.c(754): warning:  #167-D: argument of type "const rt_uint8_t *" is incompatible with parameter of type "const char *"
  		lcdShowString(105, 54, setting_item_string[0][pageNum], BLUE, GREEN, 32);
..\Hardware\Lcd.c(759): warning:  #167-D: argument of type "rt_uint8_t *" is incompatible with parameter of type "const char *"
  		lcdShowString(128, 180, parameterString, BLUE, GREEN, 32);
..\Hardware\Lcd.c(770): warning:  #167-D: argument of type "const rt_uint8_t *" is incompatible with parameter of type "const char *"
  			lcdShowString(105, 54, setting_item_string[0][pageNum], BLUE, GREEN, 32);
..\Hardware\Lcd.c(781): warning:  #167-D: argument of type "rt_uint8_t *" is incompatible with parameter of type "const char *"
  			lcdShowString(128, 180, parameterString, BLUE, GREEN, 32);
..\Hardware\Lcd.c(835): warning:  #167-D: argument of type "rt_uint8_t *" is incompatible with parameter of type "const char *"
  		lcdShowString(138, 120, dataString, GREEN, BLUE, 16);
..\Hardware\Lcd.c: 13 warnings, 0 errors
compiling PWM.c...
compiling Tool.c...
..\Hardware\Tool.c(145): warning:  #1-D: last line of file ends without a newline
  }
..\Hardware\Tool.c: 1 warning, 0 errors
compiling var.c...
compiling Usart.c...
compiling board.c...
compiling components.c...
compiling clock.c...
compiling cpu.c...
compiling idle.c...
compiling irq.c...
compiling ipc.c...
compiling memheap.c...
compiling mem.c...
compiling kservice.c...
compiling mempool.c...
compiling object.c...
compiling scheduler.c...
compiling slab.c...
compiling thread.c...
compiling timer.c...
compiling cpuport.c...
..\RT_Thread_Nano\libcpu\arm\cortex-m3\cpuport.c(295): warning:  #177-D: variable "context"  was declared but never referenced
      struct stack_frame* context = &exception_info->stack_frame;
..\RT_Thread_Nano\libcpu\arm\cortex-m3\cpuport.c: 1 warning, 0 errors
compiling stm32f10x_it.c...
compiling system_stm32f10x.c...
compiling main.c...
linking...
Program Size: Code=18756 RO-data=8792 RW-data=428 ZI-data=7988  
FromELF: creating hex file...
After Build - User command #1: D:\Keil\ARM\ARM_Compiler_5.06u7\bin\fromelf.exe --bin -o F:\MyProjects\DigitalPower\HMI\User\Objects\BuckPowerHMI.bin  F:\MyProjects\DigitalPower\HMI_Code\User\Objects\BuckPowerHMI.axf
".\Objects\BuckPowerHMI.axf" - 0 Error(s), 15 Warning(s).

<h2>Software Packages used:</h2>

Package Vendor: Keil
                https://www.keil.com/pack/Keil.STM32F1xx_DFP.2.4.1.pack
                Keil::STM32F1xx_DFP@2.4.1
                STMicroelectronics STM32F1 Series Device Support, Drivers and Examples

<h2>Collection of Component include folders:</h2>
  D:/Keil/ARM/PACK/Keil/STM32F1xx_DFP/2.4.1/Device/Include

<h2>Collection of Component Files used:</h2>
Build Time Elapsed:  00:00:02
</pre>
</body>
</html>
