Component: ARM Compiler 5.06 update 7 (build 960) Tool: armlink [4d3601]

==============================================================================

Section Cross References

    startup_stm32f10x_ld.o(RESET) refers to startup_stm32f10x_ld.o(STACK) for __initial_sp
    startup_stm32f10x_ld.o(RESET) refers to startup_stm32f10x_ld.o(.text) for Reset_Handler
    startup_stm32f10x_ld.o(RESET) refers to stm32f10x_it.o(i.NMI_Handler) for NMI_Handler
    startup_stm32f10x_ld.o(RESET) refers to context_rvds.o(.text) for HardFault_Handler
    startup_stm32f10x_ld.o(RESET) refers to stm32f10x_it.o(i.MemManage_Handler) for MemManage_Handler
    startup_stm32f10x_ld.o(RESET) refers to stm32f10x_it.o(i.BusFault_Handler) for BusFault_Handler
    startup_stm32f10x_ld.o(RESET) refers to stm32f10x_it.o(i.UsageFault_Handler) for UsageFault_Handler
    startup_stm32f10x_ld.o(RESET) refers to stm32f10x_it.o(i.SVC_Handler) for SVC_Handler
    startup_stm32f10x_ld.o(RESET) refers to stm32f10x_it.o(i.DebugMon_Handler) for DebugMon_Handler
    startup_stm32f10x_ld.o(RESET) refers to board.o(i.SysTick_Handler) for SysTick_Handler
    startup_stm32f10x_ld.o(RESET) refers to can.o(i.USB_LP_CAN1_RX0_IRQHandler) for USB_LP_CAN1_RX0_IRQHandler
    startup_stm32f10x_ld.o(RESET) refers to usart.o(i.USART1_IRQHandler) for USART1_IRQHandler
    startup_stm32f10x_ld.o(.text) refers to system_stm32f10x.o(i.SystemInit) for SystemInit
    startup_stm32f10x_ld.o(.text) refers to entry.o(.ARM.Collect$$$$00000000) for __main
    stm32f10x_adc.o(i.ADC_DeInit) refers to stm32f10x_rcc.o(i.RCC_APB2PeriphResetCmd) for RCC_APB2PeriphResetCmd
    stm32f10x_bkp.o(i.BKP_DeInit) refers to stm32f10x_rcc.o(i.RCC_BackupResetCmd) for RCC_BackupResetCmd
    stm32f10x_can.o(i.CAN_DeInit) refers to stm32f10x_rcc.o(i.RCC_APB1PeriphResetCmd) for RCC_APB1PeriphResetCmd
    stm32f10x_can.o(i.CAN_GetITStatus) refers to stm32f10x_can.o(i.CheckITStatus) for CheckITStatus
    stm32f10x_cec.o(i.CEC_DeInit) refers to stm32f10x_rcc.o(i.RCC_APB1PeriphResetCmd) for RCC_APB1PeriphResetCmd
    stm32f10x_dac.o(i.DAC_DeInit) refers to stm32f10x_rcc.o(i.RCC_APB1PeriphResetCmd) for RCC_APB1PeriphResetCmd
    stm32f10x_flash.o(i.FLASH_EnableWriteProtection) refers to stm32f10x_flash.o(i.FLASH_WaitForLastOperation) for FLASH_WaitForLastOperation
    stm32f10x_flash.o(i.FLASH_EraseAllBank1Pages) refers to stm32f10x_flash.o(i.FLASH_WaitForLastBank1Operation) for FLASH_WaitForLastBank1Operation
    stm32f10x_flash.o(i.FLASH_EraseAllPages) refers to stm32f10x_flash.o(i.FLASH_WaitForLastOperation) for FLASH_WaitForLastOperation
    stm32f10x_flash.o(i.FLASH_EraseOptionBytes) refers to stm32f10x_flash.o(i.FLASH_GetReadOutProtectionStatus) for FLASH_GetReadOutProtectionStatus
    stm32f10x_flash.o(i.FLASH_EraseOptionBytes) refers to stm32f10x_flash.o(i.FLASH_WaitForLastOperation) for FLASH_WaitForLastOperation
    stm32f10x_flash.o(i.FLASH_ErasePage) refers to stm32f10x_flash.o(i.FLASH_WaitForLastOperation) for FLASH_WaitForLastOperation
    stm32f10x_flash.o(i.FLASH_ProgramHalfWord) refers to stm32f10x_flash.o(i.FLASH_WaitForLastOperation) for FLASH_WaitForLastOperation
    stm32f10x_flash.o(i.FLASH_ProgramOptionByteData) refers to stm32f10x_flash.o(i.FLASH_WaitForLastOperation) for FLASH_WaitForLastOperation
    stm32f10x_flash.o(i.FLASH_ProgramWord) refers to stm32f10x_flash.o(i.FLASH_WaitForLastOperation) for FLASH_WaitForLastOperation
    stm32f10x_flash.o(i.FLASH_ReadOutProtection) refers to stm32f10x_flash.o(i.FLASH_WaitForLastOperation) for FLASH_WaitForLastOperation
    stm32f10x_flash.o(i.FLASH_UserOptionByteConfig) refers to stm32f10x_flash.o(i.FLASH_WaitForLastOperation) for FLASH_WaitForLastOperation
    stm32f10x_flash.o(i.FLASH_WaitForLastBank1Operation) refers to stm32f10x_flash.o(i.FLASH_GetBank1Status) for FLASH_GetBank1Status
    stm32f10x_flash.o(i.FLASH_WaitForLastOperation) refers to stm32f10x_flash.o(i.FLASH_GetBank1Status) for FLASH_GetBank1Status
    stm32f10x_gpio.o(i.GPIO_AFIODeInit) refers to stm32f10x_rcc.o(i.RCC_APB2PeriphResetCmd) for RCC_APB2PeriphResetCmd
    stm32f10x_gpio.o(i.GPIO_DeInit) refers to stm32f10x_rcc.o(i.RCC_APB2PeriphResetCmd) for RCC_APB2PeriphResetCmd
    stm32f10x_i2c.o(i.I2C_DeInit) refers to stm32f10x_rcc.o(i.RCC_APB1PeriphResetCmd) for RCC_APB1PeriphResetCmd
    stm32f10x_i2c.o(i.I2C_Init) refers to stm32f10x_rcc.o(i.RCC_GetClocksFreq) for RCC_GetClocksFreq
    stm32f10x_pwr.o(i.PWR_DeInit) refers to stm32f10x_rcc.o(i.RCC_APB1PeriphResetCmd) for RCC_APB1PeriphResetCmd
    stm32f10x_rcc.o(i.RCC_GetClocksFreq) refers to stm32f10x_rcc.o(.data) for APBAHBPrescTable
    stm32f10x_rcc.o(i.RCC_WaitForHSEStartUp) refers to stm32f10x_rcc.o(i.RCC_GetFlagStatus) for RCC_GetFlagStatus
    stm32f10x_rtc.o(i.RTC_SetAlarm) refers to stm32f10x_rtc.o(i.RTC_EnterConfigMode) for RTC_EnterConfigMode
    stm32f10x_rtc.o(i.RTC_SetAlarm) refers to stm32f10x_rtc.o(i.RTC_ExitConfigMode) for RTC_ExitConfigMode
[...]
    i.fputc                                  0x08001d1c   Section        0  usart.o(i.fputc)
    i.getHumTempData                         0x08001d40   Section        0  aht20.o(i.getHumTempData)
    i.initGlobalVar                          0x08001da4   Section        0  var.o(i.initGlobalVar)
    i.init_string_bufffer                    0x08001dd0   Section        0  usart.o(i.init_string_bufffer)
    init_string_bufffer                      0x08001dd1   Thumb Code    16  usart.o(i.init_string_bufffer)
    i.lcdAddressSet                          0x08001dec   Section        0  lcd.o(i.lcdAddressSet)
    i.lcdConvertToString                     0x08001e30   Section        0  lcd.o(i.lcdConvertToString)
    lcdConvertToString                       0x08001e31   Thumb Code   100  lcd.o(i.lcdConvertToString)
    i.lcdDebugInfo                           0x08001e9c   Section        0  lcd.o(i.lcdDebugInfo)
    i.lcdFillColor                           0x08001ef8   Section        0  lcd.o(i.lcdFillColor)
    i.lcdGpioInit                            0x08001fe8   Section        0  lcd.o(i.lcdGpioInit)
    i.lcdInit                                0x08002034   Section        0  lcd.o(i.lcdInit)
    i.lcdPlusMinusParameter                  0x080021d4   Section        0  lcd.o(i.lcdPlusMinusParameter)
    i.lcdShowChar                            0x080022ac   Section        0  lcd.o(i.lcdShowChar)
    i.lcdShowChinese                         0x0800237c   Section        0  lcd.o(i.lcdShowChinese)
    i.lcdShowHomePage                        0x08002478   Section        0  lcd.o(i.lcdShowHomePage)
    lcdShowHomePage                          0x08002479   Thumb Code   476  lcd.o(i.lcdShowHomePage)
    i.lcdShowPage                            0x080026cc   Section        0  lcd.o(i.lcdShowPage)
    i.lcdShowSettingPage                     0x08002738   Section        0  lcd.o(i.lcdShowSettingPage)
    lcdShowSettingPage                       0x08002739   Thumb Code   316  lcd.o(i.lcdShowSettingPage)
    i.lcdShowString                          0x08002888   Section        0  lcd.o(i.lcdShowString)
    i.lcdShowVersion                         0x080028fc   Section        0  lcd.o(i.lcdShowVersion)
    lcdShowVersion                           0x080028fd   Thumb Code    86  lcd.o(i.lcdShowVersion)
    i.lcdSpiInit                             0x08002970   Section        0  lcd.o(i.lcdSpiInit)
    i.lcdWriteByte                           0x08002a1c   Section        0  lcd.o(i.lcdWriteByte)
    i.lcdWriteCommand                        0x08002a40   Section        0  lcd.o(i.lcdWriteCommand)
    i.lcdWriteDoubleByte                     0x08002a64   Section        0  lcd.o(i.lcdWriteDoubleByte)
    i.main                                   0x08002a78   Section        0  main.o(i.main)
    i.main_thread_entry                      0x08002b08   Section        0  components.o(i.main_thread_entry)
    i.measureData                            0x08002b18   Section        0  aht20.o(i.measureData)
    measureData                              0x08002b19   Thumb Code   112  aht20.o(i.measureData)
    i.measure_thread                         0x08002bb0   Section        0  main.o(i.measure_thread)
    measure_thread                           0x08002bb1   Thumb Code    62  main.o(i.measure_thread)
    i.numToStr                               0x08002c0c   Section        0  tool.o(i.numToStr)
    i.plug_holes                             0x08002ca4   Section        0  mem.o(i.plug_holes)
    plug_holes                               0x08002ca5   Thumb Code   108  mem.o(i.plug_holes)
    i.readData                               0x08002d1c   Section        0  aht20.o(i.readData)
    readData                                 0x08002d1d   Thumb Code   156  aht20.o(i.readData)
    i.rt_application_init                    0x08002de0   Section        0  components.o(i.rt_application_init)
    i.rt_components_board_init               0x08002e10   Section        0  components.o(i.rt_components_board_init)
    i.rt_components_init                     0x08002e2c   Section        0  components.o(i.rt_components_init)
    i.rt_enter_critical                      0x08002e48   Section        0  scheduler.o(i.rt_enter_critical)
    i.rt_event_create                        0x08002e68   Section        0  ipc.o(i.rt_event_create)
    i.rt_event_recv                          0x08002e90   Section        0  ipc.o(i.rt_event_recv)
    i.rt_event_send                          0x08002fac   Section        0  ipc.o(i.rt_event_send)
    i.rt_exit_critical                       0x08003084   Section        0  scheduler.o(i.rt_exit_critical)
    i.rt_free                                0x080030c8   Section        0  mem.o(i.rt_free)
    i.rt_heap_begin_get                      0x08003154   Section        0  board.o(i.rt_heap_begin_get)
    i.rt_heap_end_get                        0x0800315c   Section        0  board.o(i.rt_heap_end_get)
    i.rt_hw_board_init                       0x08003164   Section        0  board.o(i.rt_hw_board_init)
    i.rt_hw_hard_fault_exception             0x080031dc   Section        0  cpuport.o(i.rt_hw_hard_fault_exception)
    i.rt_hw_stack_init                       0x08003200   Section        0  cpuport.o(i.rt_hw_stack_init)
    i.rt_hw_us_delay                         0x0800324c   Section        0  board.o(i.rt_hw_us_delay)
    i.rt_interrupt_enter                     0x08003290   Section        0  irq.o(i.rt_interrupt_enter)
    i.rt_interrupt_leave                     0x080032c4   Section        0  irq.o(i.rt_interrupt_leave)
    i.rt_ipc_list_resume                     0x080032f8   Section        0  ipc.o(i.rt_ipc_list_resume)
    rt_ipc_list_resume                       0x080032f9   Thumb Code    20  ipc.o(i.rt_ipc_list_resume)
    i.rt_ipc_list_suspend                    0x0800330c   Section        0  ipc.o(i.rt_ipc_list_suspend)
    rt_ipc_list_suspend                      0x0800330d   Thumb Code   110  ipc.o(i.rt_ipc_list_suspend)
    i.rt_ipc_object_init                     0x0800337a   Section        0  ipc.o(i.rt_ipc_object_init)
    rt_ipc_object_init                       0x0800337b   Thumb Code    16  ipc.o(i.rt_ipc_object_init)
    i.rt_list_init                           0x0800338a   Section        0  ipc.o(i.rt_list_init)
    rt_list_init                             0x0800338b   Thumb Code     6  ipc.o(i.rt_list_init)
    i.rt_list_init                           0x08003390   Section        0  scheduler.o(i.rt_list_init)
    rt_list_init                             0x08003391   Thumb Code     6  scheduler.o(i.rt_list_init)
    i.rt_list_init                           0x08003396   Section        0  timer.o(i.rt_list_init)
    rt_list_init                             0x08003397   Thumb Code     6  timer.o(i.rt_list_init)
    i.rt_list_insert_after                   0x0800339c   Section        0  object.o(i.rt_list_insert_after)
    rt_list_insert_after                     0x0800339d   Thumb Code    14  object.o(i.rt_list_insert_after)
    i.rt_list_insert_after                   0x080033aa   Section        0  thread.o(i.rt_list_insert_after)
    rt_list_insert_after                     0x080033ab   Thumb Code    14  thread.o(i.rt_list_insert_after)
    i.rt_list_insert_after                   0x080033b8   Section        0  timer.o(i.rt_list_insert_after)
    rt_list_insert_after                     0x080033b9   Thumb Code    14  timer.o(i.rt_list_insert_after)
    i.rt_list_insert_before                  0x080033c6   Section        0  ipc.o(i.rt_list_insert_before)
    rt_list_insert_before                    0x080033c7   Thumb Code    14  ipc.o(i.rt_list_insert_before)
    i.rt_list_isempty                        0x080033d4   Section        0  ipc.o(i.rt_list_isempty)
    rt_list_isempty                          0x080033d5   Thumb Code    16  ipc.o(i.rt_list_isempty)
    i.rt_list_isempty                        0x080033e4   Section        0  timer.o(i.rt_list_isempty)
    rt_list_isempty                          0x080033e5   Thumb Code    16  timer.o(i.rt_list_isempty)
    i.rt_list_remove                         0x080033f4   Section        0  object.o(i.rt_list_remove)
    rt_list_remove                           0x080033f5   Thumb Code    18  object.o(i.rt_list_remove)
    i.rt_list_remove                         0x08003406   Section        0  thread.o(i.rt_list_remove)
    rt_list_remove                           0x08003407   Thumb Code    18  thread.o(i.rt_list_remove)
    i.rt_list_remove                         0x08003418   Section        0  timer.o(i.rt_list_remove)
    rt_list_remove                           0x08003419   Thumb Code    18  timer.o(i.rt_list_remove)
    i.rt_malloc                              0x0800342c   Section        0  mem.o(i.rt_malloc)
    i.rt_memset                              0x080035b4   Section        0  kservice.o(i.rt_memset)
    i.rt_object_allocate                     0x08003600   Section        0  object.o(i.rt_object_allocate)
    i.rt_object_delete                       0x0800366c   Section        0  object.o(i.rt_object_delete)
    i.rt_object_detach                       0x080036a8   Section        0  object.o(i.rt_object_detach)
    i.rt_object_get_information              0x080036dc   Section        0  object.o(i.rt_object_get_information)
    i.rt_object_init                         0x08003704   Section        0  object.o(i.rt_object_init)
    i.rt_object_is_systemobject              0x08003770   Section        0  object.o(i.rt_object_is_systemobject)
    i.rt_os_tick_callback                    0x08003782   Section        0  board.o(i.rt_os_tick_callback)
    i.rt_schedule                            0x08003794   Section        0  scheduler.o(i.rt_schedule)
    i.rt_schedule_insert_thread              0x08003830   Section        0  scheduler.o(i.rt_schedule_insert_thread)
    i.rt_schedule_remove_thread              0x08003880   Section        0  scheduler.o(i.rt_schedule_remove_thread)
    i.rt_sem_init                            0x080038d4   Section        0  ipc.o(i.rt_sem_init)
    i.rt_sem_release                         0x080038fc   Section        0  ipc.o(i.rt_sem_release)
    i.rt_sem_take                            0x08003964   Section        0  ipc.o(i.rt_sem_take)
    i.rt_show_version                        0x08003a04   Section        0  kservice.o(i.rt_show_version)
    i.rt_strncpy                             0x08003a06   Section        0  kservice.o(i.rt_strncpy)
    i.rt_system_heap_init                    0x08003a3c   Section        0  mem.o(i.rt_system_heap_init)
    i.rt_system_scheduler_init               0x08003aec   Section        0  scheduler.o(i.rt_system_scheduler_init)
    i.rt_system_scheduler_start              0x08003b38   Section        0  scheduler.o(i.rt_system_scheduler_start)
    i.rt_system_timer_init                   0x08003b68   Section        0  timer.o(i.rt_system_timer_init)
    i.rt_system_timer_thread_init            0x08003b84   Section        0  timer.o(i.rt_system_timer_thread_init)
    i.rt_thread_create                       0x08003b86   Section        0  thread.o(i.rt_thread_create)
    i.rt_thread_delete                       0x08003bd8   Section        0  thread.o(i.rt_thread_delete)
    i.rt_thread_exit                         0x08003c30   Section        0  thread.o(i.rt_thread_exit)
    i.rt_thread_idle_entry                   0x08003c88   Section        0  idle.o(i.rt_thread_idle_entry)
    rt_thread_idle_entry                     0x08003c89   Thumb Code    36  idle.o(i.rt_thread_idle_entry)
    i.rt_thread_idle_excute                  0x08003cb0   Section        0  idle.o(i.rt_thread_idle_excute)
    i.rt_thread_idle_init                    0x08003d10   Section        0  idle.o(i.rt_thread_idle_init)
    i.rt_thread_init                         0x08003d4c   Section        0  thread.o(i.rt_thread_init)
    i.rt_thread_mdelay                       0x08003d80   Section        0  thread.o(i.rt_thread_mdelay)
    i.rt_thread_resume                       0x08003d94   Section        0  thread.o(i.rt_thread_resume)
    i.rt_thread_self                         0x08003de8   Section        0  thread.o(i.rt_thread_self)
    i.rt_thread_sleep                        0x08003df4   Section        0  thread.o(i.rt_thread_sleep)
    i.rt_thread_startup                      0x08003e38   Section        0  thread.o(i.rt_thread_startup)
    i.rt_thread_suspend                      0x08003e64   Section        0  thread.o(i.rt_thread_suspend)
    i.rt_thread_timeout                      0x08003ec0   Section        0  thread.o(i.rt_thread_timeout)
    i.rt_thread_yield                        0x08003ee0   Section        0  thread.o(i.rt_thread_yield)
    i.rt_tick_from_millisecond               0x08003f44   Section        0  clock.o(i.rt_tick_from_millisecond)
    i.rt_tick_get                            0x08003f7c   Section        0  clock.o(i.rt_tick_get)
    i.rt_tick_increase                       0x08003f88   Section        0  clock.o(i.rt_tick_increase)
    i.rt_timer_check                         0x08003fb8   Section        0  timer.o(i.rt_timer_check)
    i.rt_timer_control                       0x08004088   Section        0  timer.o(i.rt_timer_control)
    i.rt_timer_create                        0x080040ea   Section        0  timer.o(i.rt_timer_create)
    i.rt_timer_detach                        0x08004120   Section        0  timer.o(i.rt_timer_detach)
    i.rt_timer_init                          0x08004148   Section        0  timer.o(i.rt_timer_init)
    i.rt_timer_start                         0x08004178   Section        0  timer.o(i.rt_timer_start)
    i.rt_timer_stop                          0x08004278   Section        0  timer.o(i.rt_timer_stop)
    i.rti_board_end                          0x080042c0   Section        0  components.o(i.rti_board_end)
    rti_board_end                            0x080042c1   Thumb Code     4  components.o(i.rti_board_end)
    i.rti_board_start                        0x080042c4   Section        0  components.o(i.rti_board_start)
    rti_board_start                          0x080042c5   Thumb Code     4  components.o(i.rti_board_start)
    i.rti_end                                0x080042c8   Section        0  components.o(i.rti_end)
    rti_end                                  0x080042c9   Thumb Code     4  components.o(i.rti_end)
    i.rti_start                              0x080042cc   Section        0  components.o(i.rti_start)
    rti_start                                0x080042cd   Thumb Code     4  components.o(i.rti_start)
    i.rtthread_startup                       0x080042d0   Section        0  components.o(i.rtthread_startup)
    i.scanButton                             0x080042fc   Section        0  button.o(i.scanButton)
    i.spiWriteByte                           0x08004378   Section        0  lcd.o(i.spiWriteByte)
    i.strToNum                               0x080043ac   Section        0  tool.o(i.strToNum)
    i.timerArrived                           0x080043e8   Section        0  main.o(i.timerArrived)
    timerArrived                             0x080043e9   Thumb Code    44  main.o(i.timerArrived)
    i.timer_base_10ms_out                    0x08004418   Section        0  main.o(i.timer_base_10ms_out)
    timer_base_10ms_out                      0x08004419   Thumb Code    30  main.o(i.timer_base_10ms_out)
    i.timer_uart_receive_data                0x08004440   Section        0  main.o(i.timer_uart_receive_data)
    timer_uart_receive_data                  0x08004441   Thumb Code    16  main.o(i.timer_uart_receive_data)
    i.ui_thread                              0x08004454   Section        0  main.o(i.ui_thread)
    ui_thread                                0x08004455   Thumb Code   538  main.o(i.ui_thread)
    i.usartInit                              0x0800467c   Section        0  usart.o(i.usartInit)
    i.usartReceiveCommand                    0x08004728   Section        0  usart.o(i.usartReceiveCommand)
    i.usartReceiveElecData                   0x0800481c   Section        0  usart.o(i.usartReceiveElecData)
    usartReceiveElecData                     0x0800481d   Thumb Code   240  usart.o(i.usartReceiveElecData)
    i.usartSendByte                          0x08004928   Section        0  usart.o(i.usartSendByte)
    i.usartSendSettingParameters             0x08004948   Section        0  usart.o(i.usartSendSettingParameters)
    i.usartSendString                        0x080049c8   Section        0  usart.o(i.usartSendString)
    i.usart_thread                           0x080049f0   Section        0  main.o(i.usart_thread)
    usart_thread                             0x080049f1   Thumb Code    58  main.o(i.usart_thread)
    .constdata                               0x08004a30   Section       72  buzzer.o(.constdata)
    .constdata                               0x08004a78   Section     8120  lcd.o(.constdata)
    .constdata                               0x08006a30   Section      290  kservice.o(.constdata)
    small_digits                             0x08006b30   Data          17  kservice.o(.constdata)
    large_digits                             0x08006b41   Data          17  kservice.o(.constdata)
    .conststring                             0x08006b54   Section       24  lcd.o(.conststring)
    .rti_fn.0                                0x08006b6c   Section        4  components.o(.rti_fn.0)
    __tagsym$$used                           0x08006b6c   Number         0  components.o(.rti_fn.0)
    .rti_fn.0.end                            0x08006b70   Section        4  components.o(.rti_fn.0.end)
    __tagsym$$used                           0x08006b70   Number         0  components.o(.rti_fn.0.end)
    .rti_fn.1.end                            0x08006b74   Section        4  components.o(.rti_fn.1.end)
    __tagsym$$used                           0x08006b74   Number         0  components.o(.rti_fn.1.end)
    .rti_fn.6.end                            0x08006b78   Section        4  components.o(.rti_fn.6.end)
    __tagsym$$used                           0x08006b78   Number         0  components.o(.rti_fn.6.end)
    .data                                    0x20000000   Section       20  stm32f10x_rcc.o(.data)
    APBAHBPrescTable                         0x20000000   Data          16  stm32f10x_rcc.o(.data)
    ADCPrescTable                            0x20000010   Data           4  stm32f10x_rcc.o(.data)
    .data                                    0x20000014   Section        9  aht20.o(.data)
    humData                                  0x20000014   Data           4  aht20.o(.data)
    tempData                                 0x20000018   Data           4  aht20.o(.data)
    crcData                                  0x2000001c   Data           1  aht20.o(.data)
    .data                                    0x2000001d   Section        2  button.o(.data)
    keyValue                                 0x2000001d   Data           1  button.o(.data)
    preKeyValue                              0x2000001e   Data           1  button.o(.data)
    .data                                    0x20000020   Section       17  buzzer.o(.data)
    musicIndex                               0x2000002e   Data           2  buzzer.o(.data)
    note                                     0x20000030   Data           1  buzzer.o(.data)
    .data                                    0x20000031   Section        1  can.o(.data)
    .data                                    0x20000034   Section       41  lcd.o(.data)
    prePageNum                               0x2000004c   Data           1  lcd.o(.data)
    parameterString                          0x2000004f   Data           4  lcd.o(.data)
    version                                  0x20000058   Data           2  lcd.o(.data)
    preEntrySet                              0x2000005b   Data           1  lcd.o(.data)
    preEntrySetData                          0x2000005c   Data           1  lcd.o(.data)
    .data                                    0x20000060   Section       16  usart.o(.data)
    head_queue_temp                          0x2000006c   Data           1  usart.o(.data)
    data_count_error                         0x2000006e   Data           2  usart.o(.data)
    .data                                    0x20000070   Section       13  var.o(.data)
    .data                                    0x20000080   Section        4  clock.o(.data)
    rt_tick                                  0x20000080   Data           4  clock.o(.data)
    .data                                    0x20000084   Section        9  irq.o(.data)
    rt_interrupt_enter_hook                  0x20000084   Data           4  irq.o(.data)
    rt_interrupt_leave_hook                  0x20000088   Data           4  irq.o(.data)
    .data                                    0x20000090   Section       32  mem.o(.data)
    rt_malloc_hook                           0x20000090   Data           4  mem.o(.data)
    rt_free_hook                             0x20000094   Data           4  mem.o(.data)
    heap_ptr                                 0x20000098   Data           4  mem.o(.data)
    heap_end                                 0x2000009c   Data           4  mem.o(.data)
    lfree                                    0x200000a0   Data           4  mem.o(.data)
    mem_size_aligned                         0x200000a4   Data           4  mem.o(.data)
    used_mem                                 0x200000a8   Data           4  mem.o(.data)
    max_mem                                  0x200000ac   Data           4  mem.o(.data)
    .data                                    0x200000b0   Section      116  object.o(.data)
    rt_object_container                      0x200000b0   Data          96  object.o(.data)
    rt_object_attach_hook                    0x20000110   Data           4  object.o(.data)
    rt_object_detach_hook                    0x20000114   Data           4  object.o(.data)
    .data                                    0x20000124   Section       28  scheduler.o(.data)
    rt_scheduler_lock_nest                   0x20000128   Data           2  scheduler.o(.data)
    rt_scheduler_hook                        0x2000013c   Data           4  scheduler.o(.data)
    .data                                    0x20000140   Section       12  thread.o(.data)
    rt_thread_suspend_hook                   0x20000140   Data           4  thread.o(.data)
    rt_thread_resume_hook                    0x20000144   Data           4  thread.o(.data)
    rt_thread_inited_hook                    0x20000148   Data           4  thread.o(.data)
    .data                                    0x2000014c   Section       20  timer.o(.data)
    rt_timer_list                            0x2000014c   Data           8  timer.o(.data)
    rt_timer_enter_hook                      0x20000154   Data           4  timer.o(.data)
    rt_timer_exit_hook                       0x20000158   Data           4  timer.o(.data)
    random_nr                                0x2000015c   Data           4  timer.o(.data)
    .data                                    0x20000160   Section       16  cpuport.o(.data)
    rt_exception_hook                        0x2000016c   Data           4  cpuport.o(.data)
    .data                                    0x20000170   Section       36  main.o(.data)
    create_tid                               0x20000170   Data           4  main.o(.data)
    usart_tid                                0x20000174   Data           4  main.o(.data)
    ui_tid                                   0x20000178   Data           4  main.o(.data)
    measure_tid                              0x2000017c   Data           4  main.o(.data)
    timer_base_10ms                          0x20000180   Data           4  main.o(.data)
    timerCount                               0x20000184   Data           4  main.o(.data)
    timer_uart_receive_1s                    0x20000188   Data           4  main.o(.data)
    .data                                    0x20000194   Section       20  system_stm32f10x.o(.data)
    .data                                    0x200001a8   Section        4  stdout.o(.data)
    .bss                                     0x200001ac   Section      256  can.o(.bss)
    .bss                                     0x200002ac   Section      384  usart.o(.bss)
    .bss                                     0x2000042c   Section      512  var.o(.bss)
    .bss                                     0x2000062c   Section     5120  board.o(.bss)
    rt_heap                                  0x2000062c   Data        5120  board.o(.bss)
    .bss                                     0x20001a2c   Section      400  idle.o(.bss)
    idle                                     0x20001a2c   Data         128  idle.o(.bss)
    rt_thread_stack                          0x20001aac   Data         256  idle.o(.bss)
    idle_hook_list                           0x20001bac   Data          16  idle.o(.bss)
    .bss                                     0x20001bbc   Section       32  mem.o(.bss)
    heap_sem                                 0x20001bbc   Data          32  mem.o(.bss)
    .bss                                     0x20001bdc   Section      256  scheduler.o(.bss)
    STACK                                    0x20001ce0   Section     1024  startup_stm32f10x_ld.o(STACK)

    Global Symbols

    Symbol Name                              Value     Ov Type        Size  Object(Section)

    BuildAttributes$$THM_ISAv4$P$D$K$B$S$PE$A:L22UL41UL21$X:L11$S22US41US21$IEEE1$IW$USESV6$~STKCKD$USESV7$~SHL$OTIME$ROPI$EBA8$MICROLIB$REQ8$PRES8$EABIv2 0x00000000   Number         0  anon$$obj.o ABSOLUTE
    __ARM_use_no_argv                        0x00000000   Number         0  main.o ABSOLUTE
    _printf_a                                0x00000000   Number         0  stubs.o ABSOLUTE
    _printf_c                                0x00000000   Number         0  stubs.o ABSOLUTE
    _printf_charcount                        0x00000000   Number         0  stubs.o ABSOLUTE
    _printf_d                                0x00000000   Number         0  stubs.o ABSOLUTE
    _printf_e                                0x00000000   Number         0  stubs.o ABSOLUTE
    _printf_f                                0x00000000   Number         0  stubs.o ABSOLUTE
    _printf_flags                            0x00000000   Number         0  stubs.o ABSOLUTE
    _printf_fp_dec                           0x00000000   Number         0  stubs.o ABSOLUTE
    _printf_fp_hex                           0x00000000   Number         0  stubs.o ABSOLUTE
    _printf_g                                0x00000000   Number         0  stubs.o ABSOLUTE
    _printf_i                                0x00000000   Number         0  stubs.o ABSOLUTE
    _printf_int_dec                          0x00000000   Number         0  stubs.o ABSOLUTE
    _printf_l                                0x00000000   Number         0  stubs.o ABSOLUTE
    _printf_lc                               0x00000000   Number         0  stubs.o ABSOLUTE
    _printf_ll                               0x00000000   Number         0  stubs.o ABSOLUTE
    _printf_lld                              0x00000000   Number         0  stubs.o ABSOLUTE
    _printf_lli                              0x00000000   Number         0  stubs.o ABSOLUTE
    _printf_llo                              0x00000000   Number         0  stubs.o ABSOLUTE
    _printf_llu                              0x00000000   Number         0  stubs.o ABSOLUTE
    _printf_llx                              0x00000000   Number         0  stubs.o ABSOLUTE
    _printf_longlong_dec                     0x00000000   Number         0  stubs.o ABSOLUTE
    _printf_longlong_hex                     0x00000000   Number         0  stubs.o ABSOLUTE
    _printf_longlong_oct                     0x00000000   Number         0  stubs.o ABSOLUTE
    _printf_ls                               0x00000000   Number         0  stubs.o ABSOLUTE
    _printf_mbtowc                           0x00000000   Number         0  stubs.o ABSOLUTE
    _printf_n                                0x00000000   Number         0  stubs.o ABSOLUTE
    _printf_o                                0x00000000   Number         0  stubs.o ABSOLUTE
    _printf_p                                0x00000000   Number         0  stubs.o ABSOLUTE
    _printf_percent                          0x00000000   Number         0  stubs.o ABSOLUTE
    _printf_pre_padding                      0x00000000   Number         0  stubs.o ABSOLUTE
    _printf_return_value                     0x00000000   Number         0  stubs.o ABSOLUTE
    _printf_s                                0x00000000   Number         0  stubs.o ABSOLUTE
    _printf_sizespec                         0x00000000   Number         0  stubs.o ABSOLUTE
    _printf_str                              0x00000000   Number         0  stubs.o ABSOLUTE
    _printf_truncate_signed                  0x00000000   Number         0  stubs.o ABSOLUTE
    _printf_truncate_unsigned                0x00000000   Number         0  stubs.o ABSOLUTE
    _printf_u                                0x00000000   Number         0  stubs.o ABSOLUTE
    _printf_wc                               0x00000000   Number         0  stubs.o ABSOLUTE
    _printf_wctomb                           0x00000000   Number         0  stubs.o ABSOLUTE
    _printf_widthprec                        0x00000000   Number         0  stubs.o ABSOLUTE
    _printf_x                                0x00000000   Number         0  stubs.o ABSOLUTE
    __arm_fini_                               - Undefined Weak Reference
    __cpp_initialize__aeabi_                  - Undefined Weak Reference
    __cxa_finalize                            - Undefined Weak Reference
    _clock_init                               - Undefined Weak Reference
    _microlib_exit                            - Undefined Weak Reference
    __Vectors_Size                           0x000000ec   Number         0  startup_stm32f10x_ld.o ABSOLUTE
    __Vectors                                0x08000000   Data           4  startup_stm32f10x_ld.o(RESET)
    __Vectors_End                            0x080000ec   Data           0  startup_stm32f10x_ld.o(RESET)
    __main                                   0x080000ed   Thumb Code     0  entry.o(.ARM.Collect$$$$00000000)
    _main_stk                                0x080000ed   Thumb Code     0  entry2.o(.ARM.Collect$$$$00000001)
    _main_scatterload                        0x080000f1   Thumb Code     0  entry5.o(.ARM.Collect$$$$00000004)
    __main_after_scatterload                 0x080000f5   Thumb Code     0  entry5.o(.ARM.Collect$$$$00000004)
    _main_clock                              0x080000f5   Thumb Code     0  entry7b.o(.ARM.Collect$$$$00000008)
    _main_cpp_init                           0x080000f5   Thumb Code     0  entry8b.o(.ARM.Collect$$$$0000000A)
    _main_init                               0x080000f5   Thumb Code     0  entry9a.o(.ARM.Collect$$$$0000000B)
    __rt_lib_shutdown_fini                   0x080000fd   Thumb Code     0  entry12b.o(.ARM.Collect$$$$0000000E)
    __rt_final_cpp                           0x08000101   Thumb Code     0  entry10a.o(.ARM.Collect$$$$0000000F)
    __rt_final_exit                          0x08000101   Thumb Code     0  entry11a.o(.ARM.Collect$$$$00000011)
    Reset_Handler                            0x08000105   Thumb Code     8  startup_stm32f10x_ld.o(.text)
    ADC1_2_IRQHandler                        0x0800011f   Thumb Code     0  startup_stm32f10x_ld.o(.text)
    CAN1_RX1_IRQHandler                      0x0800011f   Thumb Code     0  startup_stm32f10x_ld.o(.text)
    CAN1_SCE_IRQHandler                      0x0800011f   Thumb Code     0  startup_stm32f10x_ld.o(.text)
    DMA1_Channel1_IRQHandler                 0x0800011f   Thumb Code     0  startup_stm32f10x_ld.o(.text)
    DMA1_Channel2_IRQHandler                 0x0800011f   Thumb Code     0  startup_stm32f10x_ld.o(.text)
    DMA1_Channel3_IRQHandler                 0x0800011f   Thumb Code     0  startup_stm32f10x_ld.o(.text)
    DMA1_Channel4_IRQHandler                 0x0800011f   Thumb Code     0  startup_stm32f10x_ld.o(.text)
    DMA1_Channel5_IRQHandler                 0x0800011f   Thumb Code     0  startup_stm32f10x_ld.o(.text)
    DMA1_Channel6_IRQHandler                 0x0800011f   Thumb Code     0  startup_stm32f10x_ld.o(.text)
    DMA1_Channel7_IRQHandler                 0x0800011f   Thumb Code     0  startup_stm32f10x_ld.o(.text)
    EXTI0_IRQHandler                         0x0800011f   Thumb Code     0  startup_stm32f10x_ld.o(.text)
    EXTI15_10_IRQHandler                     0x0800011f   Thumb Code     0  startup_stm32f10x_ld.o(.text)
    EXTI1_IRQHandler                         0x0800011f   Thumb Code     0  startup_stm32f10x_ld.o(.text)
    EXTI2_IRQHandler                         0x0800011f   Thumb Code     0  startup_stm32f10x_ld.o(.text)
    EXTI3_IRQHandler                         0x0800011f   Thumb Code     0  startup_stm32f10x_ld.o(.text)
    EXTI4_IRQHandler                         0x0800011f   Thumb Code     0  startup_stm32f10x_ld.o(.text)
    EXTI9_5_IRQHandler                       0x0800011f   Thumb Code     0  startup_stm32f10x_ld.o(.text)
    FLASH_IRQHandler                         0x0800011f   Thumb Code     0  startup_stm32f10x_ld.o(.text)
    I2C1_ER_IRQHandler                       0x0800011f   Thumb Code     0  startup_stm32f10x_ld.o(.text)
    I2C1_EV_IRQHandler                       0x0800011f   Thumb Code     0  startup_stm32f10x_ld.o(.text)
    PVD_IRQHandler                           0x0800011f   Thumb Code     0  startup_stm32f10x_ld.o(.text)
    RCC_IRQHandler                           0x0800011f   Thumb Code     0  startup_stm32f10x_ld.o(.text)
    RTCAlarm_IRQHandler                      0x0800011f   Thumb Code     0  startup_stm32f10x_ld.o(.text)
    RTC_IRQHandler                           0x0800011f   Thumb Code     0  startup_stm32f10x_ld.o(.text)
    SPI1_IRQHandler                          0x0800011f   Thumb Code     0  startup_stm32f10x_ld.o(.text)
    TAMPER_IRQHandler                        0x0800011f   Thumb Code     0  startup_stm32f10x_ld.o(.text)
    TIM1_BRK_IRQHandler                      0x0800011f   Thumb Code     0  startup_stm32f10x_ld.o(.text)
    TIM1_CC_IRQHandler                       0x0800011f   Thumb Code     0  startup_stm32f10x_ld.o(.text)
    TIM1_TRG_COM_IRQHandler                  0x0800011f   Thumb Code     0  startup_stm32f10x_ld.o(.text)
    TIM1_UP_IRQHandler                       0x0800011f   Thumb Code     0  startup_stm32f10x_ld.o(.text)
    TIM2_IRQHandler                          0x0800011f   Thumb Code     0  startup_stm32f10x_ld.o(.text)
    TIM3_IRQHandler                          0x0800011f   Thumb Code     0  startup_stm32f10x_ld.o(.text)
    USART2_IRQHandler                        0x0800011f   Thumb Code     0  startup_stm32f10x_ld.o(.text)
    USBWakeUp_IRQHandler                     0x0800011f   Thumb Code     0  startup_stm32f10x_ld.o(.text)
    USB_HP_CAN1_TX_IRQHandler                0x0800011f   Thumb Code     0  startup_stm32f10x_ld.o(.text)
    WWDG_IRQHandler                          0x0800011f   Thumb Code     0  startup_stm32f10x_ld.o(.text)
    rt_hw_interrupt_disable                  0x08000129   Thumb Code     8  context_rvds.o(.text)
    rt_hw_interrupt_enable                   0x08000131   Thumb Code     6  context_rvds.o(.text)
    rt_hw_context_switch                     0x08000137   Thumb Code    32  context_rvds.o(.text)
    rt_hw_context_switch_interrupt           0x08000137   Thumb Code     0  context_rvds.o(.text)
    PendSV_Handler                           0x08000157   Thumb Code    60  context_rvds.o(.text)
    rt_hw_context_switch_to                  0x08000193   Thumb Code    56  context_rvds.o(.text)
    rt_hw_interrupt_thread_switch            0x080001cb   Thumb Code     2  context_rvds.o(.text)
    HardFault_Handler                        0x080001cd   Thumb Code    52  context_rvds.o(.text)
    __aeabi_fadd                             0x0800021d   Thumb Code   164  fadd.o(.text)
    __aeabi_fsub                             0x080002c1   Thumb Code     6  fadd.o(.text)
    __aeabi_frsub                            0x080002c7   Thumb Code     6  fadd.o(.text)
    __aeabi_fmul                             0x080002cd   Thumb Code   100  fmul.o(.text)
    __aeabi_fdiv                             0x08000331   Thumb Code   124  fdiv.o(.text)
    __aeabi_ui2f                             0x080003ad   Thumb Code    10  ffltui.o(.text)
    __aeabi_f2uiz                            0x080003b7   Thumb Code    40  ffixui.o(.text)
    __aeabi_uidiv                            0x080003df   Thumb Code     0  uidiv.o(.text)
    __aeabi_uidivmod                         0x080003df   Thumb Code    44  uidiv.o(.text)
    __I$use$fp                               0x0800040b   Thumb Code     0  iusefp.o(.text)
    _float_round                             0x0800040b   Thumb Code    18  fepilogue.o(.text)
    _float_epilogue                          0x0800041d   Thumb Code    92  fepilogue.o(.text)
    __scatterload                            0x08000479   Thumb Code    28  init.o(.text)
    __scatterload_rt2                        0x08000479   Thumb Code     0  init.o(.text)
    __decompress                             0x0800049d   Thumb Code     0  __dczerorl2.o(.text)
    __decompress1                            0x0800049d   Thumb Code    86  __dczerorl2.o(.text)
    main                                     0x080004f3   Thumb Code    10  components.o(i.$Sub$$main)
    BusFault_Handler                         0x080004fd   Thumb Code     4  stm32f10x_it.o(i.BusFault_Handler)
    CAN_Receive                              0x08000501   Thumb Code   240  stm32f10x_can.o(i.CAN_Receive)
    DMANormalEnable                          0x080005f1   Thumb Code    32  dma.o(i.DMANormalEnable)
    DMA_ClearFlag                            0x08000611   Thumb Code    18  stm32f10x_dma.o(i.DMA_ClearFlag)
    DMA_Cmd                                  0x0800062d   Thumb Code    24  stm32f10x_dma.o(i.DMA_Cmd)
    DMA_Config                               0x08000645   Thumb Code   120  dma.o(i.DMA_Config)
    DMA_DeInit                               0x080006bd   Thumb Code   324  stm32f10x_dma.o(i.DMA_DeInit)
    DMA_GetFlagStatus                        0x08000809   Thumb Code    36  stm32f10x_dma.o(i.DMA_GetFlagStatus)
    DMA_Init                                 0x08000835   Thumb Code    60  stm32f10x_dma.o(i.DMA_Init)
    DMA_SetCurrDataCounter                   0x08000871   Thumb Code     4  stm32f10x_dma.o(i.DMA_SetCurrDataCounter)
    DebugMon_Handler                         0x08000875   Thumb Code     2  stm32f10x_it.o(i.DebugMon_Handler)
    GPIO_Init                                0x08000877   Thumb Code   278  stm32f10x_gpio.o(i.GPIO_Init)
    IICACK                                   0x0800098d   Thumb Code    70  iic.o(i.IICACK)
    IICInit                                  0x080009e1   Thumb Code    50  iic.o(i.IICInit)
    IICNOACK                                 0x08000a21   Thumb Code    70  iic.o(i.IICNOACK)
    IICReadByte                              0x08000a75   Thumb Code    94  iic.o(i.IICReadByte)
    IICStart                                 0x08000ae1   Thumb Code    68  iic.o(i.IICStart)
    IICStop                                  0x08000b31   Thumb Code    68  iic.o(i.IICStop)
    IICWaitACK                               0x08000b81   Thumb Code    92  iic.o(i.IICWaitACK)
    IICWriteByte                             0x08000be9   Thumb Code   100  iic.o(i.IICWriteByte)
    MemManage_Handler                        0x08000c59   Thumb Code     4  stm32f10x_it.o(i.MemManage_Handler)
    NMI_Handler                              0x08000c5d   Thumb Code     2  stm32f10x_it.o(i.NMI_Handler)
    NVIC_Init                                0x08000c61   Thumb Code   100  misc.o(i.NVIC_Init)
    NVIC_PriorityGroupConfig                 0x08000cd1   Thumb Code    10  misc.o(i.NVIC_PriorityGroupConfig)
    RCC_AHBPeriphClockCmd                    0x08000ce5   Thumb Code    26  stm32f10x_rcc.o(i.RCC_AHBPeriphClockCmd)
    RCC_APB2PeriphClockCmd                   0x08000d05   Thumb Code    26  stm32f10x_rcc.o(i.RCC_APB2PeriphClockCmd)
    RCC_GetClocksFreq                        0x08000d25   Thumb Code   192  stm32f10x_rcc.o(i.RCC_GetClocksFreq)
    SPI_Cmd                                  0x08000e69   Thumb Code    24  stm32f10x_spi.o(i.SPI_Cmd)
    SPI_I2S_DMACmd                           0x08000e81   Thumb Code    18  stm32f10x_spi.o(i.SPI_I2S_DMACmd)
    SPI_I2S_GetFlagStatus                    0x08000e93   Thumb Code    18  stm32f10x_spi.o(i.SPI_I2S_GetFlagStatus)
    SPI_I2S_SendData                         0x08000ea5   Thumb Code     4  stm32f10x_spi.o(i.SPI_I2S_SendData)
    SPI_Init                                 0x08000ea9   Thumb Code    60  stm32f10x_spi.o(i.SPI_Init)
    SVC_Handler                              0x08000ee5   Thumb Code     2  stm32f10x_it.o(i.SVC_Handler)
    SysTick_Handler                          0x08000fd1   Thumb Code     8  board.o(i.SysTick_Handler)
    SystemInit                               0x08000fd9   Thumb Code    78  system_stm32f10x.o(i.SystemInit)
    TIM_Cmd                                  0x08001039   Thumb Code    24  stm32f10x_tim.o(i.TIM_Cmd)
    TIM_CtrlPWMOutputs                       0x08001051   Thumb Code    30  stm32f10x_tim.o(i.TIM_CtrlPWMOutputs)
    TIM_OC1Init                              0x08001071   Thumb Code   132  stm32f10x_tim.o(i.TIM_OC1Init)
    TIM_OC1PreloadConfig                     0x08001109   Thumb Code    18  stm32f10x_tim.o(i.TIM_OC1PreloadConfig)
    TIM_SetAutoreload                        0x0800111b   Thumb Code     4  stm32f10x_tim.o(i.TIM_SetAutoreload)
    TIM_SetCompare1                          0x0800111f   Thumb Code     4  stm32f10x_tim.o(i.TIM_SetCompare1)
    TIM_SetCounter                           0x08001123   Thumb Code     4  stm32f10x_tim.o(i.TIM_SetCounter)
    TIM_TimeBaseInit                         0x08001129   Thumb Code   122  stm32f10x_tim.o(i.TIM_TimeBaseInit)
    USART1_IRQHandler                        0x080011cd   Thumb Code    82  usart.o(i.USART1_IRQHandler)
    USART_Cmd                                0x08001231   Thumb Code    24  stm32f10x_usart.o(i.USART_Cmd)
    USART_GetFlagStatus                      0x08001249   Thumb Code    26  stm32f10x_usart.o(i.USART_GetFlagStatus)
    USART_GetITStatus                        0x08001263   Thumb Code    84  stm32f10x_usart.o(i.USART_GetITStatus)
    USART_ITConfig                           0x080012b7   Thumb Code    74  stm32f10x_usart.o(i.USART_ITConfig)
    USART_Init                               0x08001301   Thumb Code   210  stm32f10x_usart.o(i.USART_Init)
    USART_ReceiveData                        0x080013d9   Thumb Code    10  stm32f10x_usart.o(i.USART_ReceiveData)
    USART_SendData                           0x080013e3   Thumb Code     8  stm32f10x_usart.o(i.USART_SendData)
    USB_LP_CAN1_RX0_IRQHandler               0x080013ed   Thumb Code    90  can.o(i.USB_LP_CAN1_RX0_IRQHandler)
    UsageFault_Handler                       0x0800146d   Thumb Code     4  stm32f10x_it.o(i.UsageFault_Handler)
    __0printf$1                              0x08001471   Thumb Code    22  printf1.o(i.__0printf$1)
    __1printf$1                              0x08001471   Thumb Code     0  printf1.o(i.__0printf$1)
    __2printf                                0x08001471   Thumb Code     0  printf1.o(i.__0printf$1)
    __rt_ffs                                 0x08001491   Thumb Code    70  kservice.o(i.__rt_ffs)
    __scatterload_copy                       0x080014dd   Thumb Code    14  handlers.o(i.__scatterload_copy)
    __scatterload_null                       0x080014eb   Thumb Code     2  handlers.o(i.__scatterload_null)
    __scatterload_zeroinit                   0x080014ed   Thumb Code    14  handlers.o(i.__scatterload_zeroinit)
    allInit                                  0x08001767   Thumb Code    40  main.o(i.allInit)
    buttonInit                               0x08001791   Thumb Code    34  button.o(i.buttonInit)
    buttonMusic                              0x080017c1   Thumb Code    98  buzzer.o(i.buttonMusic)
    buzzerInit                               0x08001839   Thumb Code   144  buzzer.o(i.buzzerInit)
    crc32                                    0x080019cd   Thumb Code    60  tool.o(i.crc32)
    flashInit                                0x08001c59   Thumb Code    82  flash.o(i.flashInit)
    flashReadBuffer                          0x08001cb9   Thumb Code    74  flash.o(i.flashReadBuffer)
    flashRecoverParameter                    0x08001d09   Thumb Code    18  flash.o(i.flashRecoverParameter)
    fputc                                    0x08001d1d   Thumb Code    32  usart.o(i.fputc)
    getHumTempData                           0x08001d41   Thumb Code    80  aht20.o(i.getHumTempData)
    initGlobalVar                            0x08001da5   Thumb Code    30  var.o(i.initGlobalVar)
    lcdAddressSet                            0x08001ded   Thumb Code    66  lcd.o(i.lcdAddressSet)
    lcdDebugInfo                             0x08001e9d   Thumb Code    32  lcd.o(i.lcdDebugInfo)
    lcdFillColor                             0x08001ef9   Thumb Code   228  lcd.o(i.lcdFillColor)
    lcdGpioInit                              0x08001fe9   Thumb Code    62  lcd.o(i.lcdGpioInit)
    lcdInit                                  0x08002035   Thumb Code   406  lcd.o(i.lcdInit)
    lcdPlusMinusParameter                    0x080021d5   Thumb Code   210  lcd.o(i.lcdPlusMinusParameter)
    lcdShowChar                              0x080022ad   Thumb Code   198  lcd.o(i.lcdShowChar)
    lcdShowChinese                           0x0800237d   Thumb Code   246  lcd.o(i.lcdShowChinese)
    lcdShowPage                              0x080026cd   Thumb Code    94  lcd.o(i.lcdShowPage)
    lcdShowString                            0x08002889   Thumb Code   114  lcd.o(i.lcdShowString)
    lcdSpiInit                               0x08002971   Thumb Code   158  lcd.o(i.lcdSpiInit)
    lcdWriteByte                             0x08002a1d   Thumb Code    26  lcd.o(i.lcdWriteByte)
    lcdWriteCommand                          0x08002a41   Thumb Code    26  lcd.o(i.lcdWriteCommand)
    lcdWriteDoubleByte                       0x08002a65   Thumb Code    18  lcd.o(i.lcdWriteDoubleByte)
    $Super$$main                             0x08002a79   Thumb Code    70  main.o(i.main)
    main_thread_entry                        0x08002b09   Thumb Code    14  components.o(i.main_thread_entry)
    numToStr                                 0x08002c0d   Thumb Code   150  tool.o(i.numToStr)
    rt_application_init                      0x08002de1   Thumb Code    34  components.o(i.rt_application_init)
    rt_components_board_init                 0x08002e11   Thumb Code    20  components.o(i.rt_components_board_init)
    rt_components_init                       0x08002e2d   Thumb Code    20  components.o(i.rt_components_init)
    rt_enter_critical                        0x08002e49   Thumb Code    28  scheduler.o(i.rt_enter_critical)
    rt_event_create                          0x08002e69   Thumb Code    38  ipc.o(i.rt_event_create)
    rt_event_recv                            0x08002e91   Thumb Code   274  ipc.o(i.rt_event_recv)
    rt_event_send                            0x08002fad   Thumb Code   212  ipc.o(i.rt_event_send)
    rt_exit_critical                         0x08003085   Thumb Code    60  scheduler.o(i.rt_exit_critical)
    rt_free                                  0x080030c9   Thumb Code   116  mem.o(i.rt_free)
    rt_heap_begin_get                        0x08003155   Thumb Code     4  board.o(i.rt_heap_begin_get)
    rt_heap_end_get                          0x0800315d   Thumb Code     4  board.o(i.rt_heap_end_get)
    rt_hw_board_init                         0x08003165   Thumb Code   106  board.o(i.rt_hw_board_init)
    rt_hw_hard_fault_exception               0x080031dd   Thumb Code    32  cpuport.o(i.rt_hw_hard_fault_exception)
    rt_hw_stack_init                         0x08003201   Thumb Code    70  cpuport.o(i.rt_hw_stack_init)
    rt_hw_us_delay                           0x0800324d   Thumb Code    68  board.o(i.rt_hw_us_delay)
    rt_interrupt_enter                       0x08003291   Thumb Code    42  irq.o(i.rt_interrupt_enter)
    rt_interrupt_leave                       0x080032c5   Thumb Code    42  irq.o(i.rt_interrupt_leave)
    rt_malloc                                0x0800342d   Thumb Code   360  mem.o(i.rt_malloc)
    rt_memset                                0x080035b5   Thumb Code    74  kservice.o(i.rt_memset)
    rt_object_allocate                       0x08003601   Thumb Code   102  object.o(i.rt_object_allocate)
    rt_object_delete                         0x0800366d   Thumb Code    54  object.o(i.rt_object_delete)
    rt_object_detach                         0x080036a9   Thumb Code    48  object.o(i.rt_object_detach)
    rt_object_get_information                0x080036dd   Thumb Code    36  object.o(i.rt_object_get_information)
    rt_object_init                           0x08003705   Thumb Code   104  object.o(i.rt_object_init)
    rt_object_is_systemobject                0x08003771   Thumb Code    18  object.o(i.rt_object_is_systemobject)
    rt_os_tick_callback                      0x08003783   Thumb Code    16  board.o(i.rt_os_tick_callback)
    rt_schedule                              0x08003795   Thumb Code   126  scheduler.o(i.rt_schedule)
    rt_schedule_insert_thread                0x08003831   Thumb Code    72  scheduler.o(i.rt_schedule_insert_thread)
    rt_schedule_remove_thread                0x08003881   Thumb Code    76  scheduler.o(i.rt_schedule_remove_thread)
    rt_sem_init                              0x080038d5   Thumb Code    38  ipc.o(i.rt_sem_init)
    rt_sem_release                           0x080038fd   Thumb Code   100  ipc.o(i.rt_sem_release)
    rt_sem_take                              0x08003965   Thumb Code   152  ipc.o(i.rt_sem_take)
    rt_show_version                          0x08003a05   Thumb Code     2  kservice.o(i.rt_show_version)
    rt_strncpy                               0x08003a07   Thumb Code    52  kservice.o(i.rt_strncpy)
    rt_system_heap_init                      0x08003a3d   Thumb Code   146  mem.o(i.rt_system_heap_init)
    rt_system_scheduler_init                 0x08003aed   Thumb Code    52  scheduler.o(i.rt_system_scheduler_init)
    rt_system_scheduler_start                0x08003b39   Thumb Code    36  scheduler.o(i.rt_system_scheduler_start)
    rt_system_timer_init                     0x08003b69   Thumb Code    24  timer.o(i.rt_system_timer_init)
    rt_system_timer_thread_init              0x08003b85   Thumb Code     2  timer.o(i.rt_system_timer_thread_init)
    rt_thread_create                         0x08003b87   Thumb Code    80  thread.o(i.rt_thread_create)
    rt_thread_delete                         0x08003bd9   Thumb Code    82  thread.o(i.rt_thread_delete)
    rt_thread_exit                           0x08003c31   Thumb Code    78  thread.o(i.rt_thread_exit)
    rt_thread_idle_excute                    0x08003cb1   Thumb Code    92  idle.o(i.rt_thread_idle_excute)
    rt_thread_idle_init                      0x08003d11   Thumb Code    38  idle.o(i.rt_thread_idle_init)
    rt_thread_init                           0x08003d4d   Thumb Code    52  thread.o(i.rt_thread_init)
    rt_thread_mdelay                         0x08003d81   Thumb Code    20  thread.o(i.rt_thread_mdelay)
    rt_thread_resume                         0x08003d95   Thumb Code    78  thread.o(i.rt_thread_resume)
    rt_thread_self                           0x08003de9   Thumb Code     6  thread.o(i.rt_thread_self)
    rt_thread_sleep                          0x08003df5   Thumb Code    62  thread.o(i.rt_thread_sleep)
    rt_thread_startup                        0x08003e39   Thumb Code    44  thread.o(i.rt_thread_startup)
    rt_thread_suspend                        0x08003e65   Thumb Code    86  thread.o(i.rt_thread_suspend)
    rt_thread_timeout                        0x08003ec1   Thumb Code    32  thread.o(i.rt_thread_timeout)
    rt_thread_yield                          0x08003ee1   Thumb Code    92  thread.o(i.rt_thread_yield)
    rt_tick_from_millisecond                 0x08003f45   Thumb Code    56  clock.o(i.rt_tick_from_millisecond)
    rt_tick_get                              0x08003f7d   Thumb Code     6  clock.o(i.rt_tick_get)
    rt_tick_increase                         0x08003f89   Thumb Code    42  clock.o(i.rt_tick_increase)
    rt_timer_check                           0x08003fb9   Thumb Code   196  timer.o(i.rt_timer_check)
    rt_timer_control                         0x08004089   Thumb Code    98  timer.o(i.rt_timer_control)
    rt_timer_create                          0x080040eb   Thumb Code    54  timer.o(i.rt_timer_create)
    rt_timer_detach                          0x08004121   Thumb Code    40  timer.o(i.rt_timer_detach)
    rt_timer_init                            0x08004149   Thumb Code    46  timer.o(i.rt_timer_init)
    rt_timer_start                           0x08004179   Thumb Code   244  timer.o(i.rt_timer_start)
    rt_timer_stop                            0x08004279   Thumb Code    66  timer.o(i.rt_timer_stop)
    rtthread_startup                         0x080042d1   Thumb Code    42  components.o(i.rtthread_startup)
    scanButton                               0x080042fd   Thumb Code   106  button.o(i.scanButton)
    spiWriteByte                             0x08004379   Thumb Code    48  lcd.o(i.spiWriteByte)
    strToNum                                 0x080043ad   Thumb Code    58  tool.o(i.strToNum)
    usartInit                                0x0800467d   Thumb Code   164  usart.o(i.usartInit)
    usartReceiveCommand                      0x08004729   Thumb Code   224  usart.o(i.usartReceiveCommand)
    usartSendByte                            0x08004929   Thumb Code    30  usart.o(i.usartSendByte)
    usartSendSettingParameters               0x08004949   Thumb Code   114  usart.o(i.usartSendSettingParameters)
    usartSendString                          0x080049c9   Thumb Code    40  usart.o(i.usartSendString)
    musicTable                               0x08004a30   Data          72  buzzer.o(.constdata)
    ascii_1608                               0x08004a78   Data        1520  lcd.o(.constdata)
    ascii_3216                               0x08005068   Data        6080  lcd.o(.constdata)
    chinese16                                0x08006828   Data         510  lcd.o(.constdata)
    pages                                    0x08006a28   Data           8  lcd.o(.constdata)
    __lowest_bit_bitmap                      0x08006a30   Data         256  kservice.o(.constdata)
    __rt_init_rti_start                      0x08006b6c   Data           4  components.o(.rti_fn.0)
    __rt_init_rti_board_start                0x08006b70   Data           4  components.o(.rti_fn.0.end)
    __rt_init_rti_board_end                  0x08006b74   Data           4  components.o(.rti_fn.1.end)
    __rt_init_rti_end                        0x08006b78   Data           4  components.o(.rti_fn.6.end)
    Region$$Table$$Base                      0x08006b7c   Number         0  anon$$obj.o(Region$$Table)
    Region$$Table$$Limit                     0x08006b9c   Number         0  anon$$obj.o(Region$$Table)
    firework_chill                           0x20000020   Data          13  buzzer.o(.data)
    RxBufferLength                           0x20000031   Data           1  can.o(.data)
    setting_item_string                      0x20000034   Data          24  lcd.o(.data)
    pagination                               0x2000004d   Data           1  lcd.o(.data)
    setting_item_num                         0x2000004e   Data           1  lcd.o(.data)
    hum                                      0x20000054   Data           2  lcd.o(.data)
    tem                                      0x20000056   Data           2  lcd.o(.data)
    musicSwitch                              0x2000005a   Data           1  lcd.o(.data)
    head_queue                               0x20000060   Data           1  usart.o(.data)
    tail_queue                               0x20000061   Data           1  usart.o(.data)
    data_count                               0x20000062   Data           2  usart.o(.data)
    crc32Code                                0x20000064   Data           4  usart.o(.data)
    crc32CodeCal                             0x20000068   Data           4  usart.o(.data)
    uiData                                   0x20000070   Data           3  var.o(.data)
    elecData                                 0x20000074   Data           8  var.o(.data)
    flashFlag                                0x2000007c   Data           1  var.o(.data)
    rt_interrupt_nest                        0x2000008c   Data           1  irq.o(.data)
    rt_object_trytake_hook                   0x20000118   Data           4  object.o(.data)
    rt_object_take_hook                      0x2000011c   Data           4  object.o(.data)
    rt_object_put_hook                       0x20000120   Data           4  object.o(.data)
    rt_thread_ready_priority_group           0x20000124   Data           4  scheduler.o(.data)
    rt_current_thread                        0x2000012c   Data           4  scheduler.o(.data)
    rt_current_priority                      0x20000130   Data           1  scheduler.o(.data)
    rt_thread_defunct                        0x20000134   Data           8  scheduler.o(.data)
    rt_interrupt_from_thread                 0x20000160   Data           4  cpuport.o(.data)
    rt_interrupt_to_thread                   0x20000164   Data           4  cpuport.o(.data)
    rt_thread_switch_interrupt_flag          0x20000168   Data           4  cpuport.o(.data)
    measure_event                            0x2000018c   Data           4  main.o(.data)
    usart_event                              0x20000190   Data           4  main.o(.data)
    SystemCoreClock                          0x20000194   Data           4  system_stm32f10x.o(.data)
    AHBPrescTable                            0x20000198   Data          16  system_stm32f10x.o(.data)
    __stdout                                 0x200001a8   Data           4  stdout.o(.data)
    CANRxBuffer                              0x200001ac   Data         256  can.o(.bss)
    parameterTemp                            0x200002ac   Data         128  usart.o(.bss)
    string_buffer                            0x2000032c   Data         256  usart.o(.bss)
    sendBuffer                               0x2000042c   Data         256  var.o(.bss)
    receiveBuffer                            0x2000052c   Data         256  var.o(.bss)
    rt_thread_priority_table                 0x20001bdc   Data         256  scheduler.o(.bss)
    __initial_sp                             0x200020e0   Data           0  startup_stm32f10x_ld.o(STACK)



==============================================================================

Memory Map of the image

  Image Entry point : 0x080000ed

  Load Region LR_IROM1 (Base: 0x08000000, Size: 0x00006d48, Max: 0x00008000, ABSOLUTE, COMPRESSED[0x00006c20])

    Execution Region ER_IROM1 (Exec base: 0x08000000, Load base: 0x08000000, Size: 0x00006b9c, Max: 0x00008000, ABSOLUTE)

    Exec Addr    Load Addr    Size         Type   Attr      Idx    E Section Name        Object

    0x08000000   0x08000000   0x000000ec   Data   RO           19    RESET               startup_stm32f10x_ld.o
    0x080000ec   0x080000ec   0x00000000   Code   RO         5108  * .ARM.Collect$$$$00000000  mc_w.l(entry.o)
    0x080000ec   0x080000ec   0x00000004   Code   RO         5382    .ARM.Collect$$$$00000001  mc_w.l(entry2.o)
    0x080000f0   0x080000f0   0x00000004   Code   RO         5385    .ARM.Collect$$$$00000004  mc_w.l(entry5.o)
    0x080000f4   0x080000f4   0x00000000   Code   RO         5387    .ARM.Collect$$$$00000008  mc_w.l(entry7b.o)
    0x080000f4   0x080000f4   0x00000000   Code   RO         5389    .ARM.Collect$$$$0000000A  mc_w.l(entry8b.o)
    0x080000f4   0x080000f4   0x00000008   Code   RO         5390    .ARM.Collect$$$$0000000B  mc_w.l(entry9a.o)
    0x080000fc   0x080000fc   0x00000004   Code   RO         5397    .ARM.Collect$$$$0000000E  mc_w.l(entry12b.o)
    0x08000100   0x08000100   0x00000000   Code   RO         5392    .ARM.Collect$$$$0000000F  mc_w.l(entry10a.o)
    0x08000100   0x08000100   0x00000000   Code   RO         5394    .ARM.Collect$$$$00000011  mc_w.l(entry11a.o)
    0x08000100   0x08000100   0x00000004   Code   RO         5383    .ARM.Collect$$$$00002712  mc_w.l(entry2.o)
    0x08000104   0x08000104   0x00000024   Code   RO           20    .text               startup_stm32f10x_ld.o
    0x08000128   0x08000128   0x000000f4   Code   RO         3774    .text               context_rvds.o
    0x0800021c   0x0800021c   0x000000b0   Code   RO         5372    .text               mf_w.l(fadd.o)
    0x080002cc   0x080002cc   0x00000064   Code   RO         5374    .text               mf_w.l(fmul.o)
    0x08000330   0x08000330   0x0000007c   Code   RO         5376    .text               mf_w.l(fdiv.o)
    0x080003ac   0x080003ac   0x0000000a   Code   RO         5378    .text               mf_w.l(ffltui.o)
    0x080003b6   0x080003b6   0x00000028   Code   RO         5380    .text               mf_w.l(ffixui.o)
    0x080003de   0x080003de   0x0000002c   Code   RO         5399    .text               mc_w.l(uidiv.o)
    0x0800040a   0x0800040a   0x00000000   Code   RO         5403    .text               mc_w.l(iusefp.o)
    0x0800040a   0x0800040a   0x0000006e   Code   RO         5404    .text               mf_w.l(fepilogue.o)
    0x08000478   0x08000478   0x00000024   Code   RO         5416    .text               mc_w.l(init.o)
    0x0800049c   0x0800049c   0x00000056   Code   RO         5434    .text               mc_w.l(__dczerorl2.o)
    0x080004f2   0x080004f2   0x0000000a   Code   RO         3816    i.$Sub$$main        components.o
    0x080004fc   0x080004fc   0x00000004   Code   RO         4946    i.BusFault_Handler  stm32f10x_it.o
    0x08000500   0x08000500   0x000000f0   Code   RO          459    i.CAN_Receive       stm32f10x_can.o
    0x080005f0   0x080005f0   0x00000020   Code   RO         3221    i.DMANormalEnable   dma.o
    0x08000610   0x08000610   0x0000001c   Code   RO          832    i.DMA_ClearFlag     stm32f10x_dma.o
    0x0800062c   0x0800062c   0x00000018   Code   RO          834    i.DMA_Cmd           stm32f10x_dma.o
    0x08000644   0x08000644   0x00000078   Code   RO         3222    i.DMA_Config        dma.o
    0x080006bc   0x080006bc   0x0000014c   Code   RO          835    i.DMA_DeInit        stm32f10x_dma.o
    0x08000808   0x08000808   0x0000002c   Code   RO          837    i.DMA_GetFlagStatus  stm32f10x_dma.o
    0x08000834   0x08000834   0x0000003c   Code   RO          840    i.DMA_Init          stm32f10x_dma.o
    0x08000870   0x08000870   0x00000004   Code   RO          841    i.DMA_SetCurrDataCounter  stm32f10x_dma.o
    0x08000874   0x08000874   0x00000002   Code   RO         4947    i.DebugMon_Handler  stm32f10x_it.o
    0x08000876   0x08000876   0x00000116   Code   RO         1258    i.GPIO_Init         stm32f10x_gpio.o
    0x0800098c   0x0800098c   0x00000054   Code   RO         3325    i.IICACK            iic.o
    0x080009e0   0x080009e0   0x00000040   Code   RO         3326    i.IICInit           iic.o
    0x08000a20   0x08000a20   0x00000054   Code   RO         3327    i.IICNOACK          iic.o
    0x08000a74   0x08000a74   0x0000006c   Code   RO         3328    i.IICReadByte       iic.o
    0x08000ae0   0x08000ae0   0x00000050   Code   RO         3329    i.IICStart          iic.o
    0x08000b30   0x08000b30   0x00000050   Code   RO         3330    i.IICStop           iic.o
    0x08000b80   0x08000b80   0x00000068   Code   RO         3331    i.IICWaitACK        iic.o
    0x08000be8   0x08000be8   0x00000070   Code   RO         3332    i.IICWriteByte      iic.o
    0x08000c58   0x08000c58   0x00000004   Code   RO         4948    i.MemManage_Handler  stm32f10x_it.o
    0x08000c5c   0x08000c5c   0x00000002   Code   RO         4949    i.NMI_Handler       stm32f10x_it.o
    0x08000c5e   0x08000c5e   0x00000002   PAD
    0x08000c60   0x08000c60   0x00000070   Code   RO           24    i.NVIC_Init         misc.o
    0x08000cd0   0x08000cd0   0x00000014   Code   RO           25    i.NVIC_PriorityGroupConfig  misc.o
    0x08000ce4   0x08000ce4   0x00000020   Code   RO         1673    i.RCC_AHBPeriphClockCmd  stm32f10x_rcc.o
    0x08000d04   0x08000d04   0x00000020   Code   RO         1676    i.RCC_APB2PeriphClockCmd  stm32f10x_rcc.o
    0x08000d24   0x08000d24   0x000000d4   Code   RO         1684    i.RCC_GetClocksFreq  stm32f10x_rcc.o
    0x08000df8   0x08000df8   0x00000070   Code   RO         3242    i.SPIWriteReadByte  flash.o
    0x08000e68   0x08000e68   0x00000018   Code   RO         2153    i.SPI_Cmd           stm32f10x_spi.o
    0x08000e80   0x08000e80   0x00000012   Code   RO         2159    i.SPI_I2S_DMACmd    stm32f10x_spi.o
    0x08000e92   0x08000e92   0x00000012   Code   RO         2161    i.SPI_I2S_GetFlagStatus  stm32f10x_spi.o
    0x08000ea4   0x08000ea4   0x00000004   Code   RO         2165    i.SPI_I2S_SendData  stm32f10x_spi.o
    0x08000ea8   0x08000ea8   0x0000003c   Code   RO         2166    i.SPI_Init          stm32f10x_spi.o
    0x08000ee4   0x08000ee4   0x00000002   Code   RO         4950    i.SVC_Handler       stm32f10x_it.o
    0x08000ee6   0x08000ee6   0x00000008   Code   RO         5074    i.SetSysClock       system_stm32f10x.o
    0x08000eee   0x08000eee   0x00000002   PAD
    0x08000ef0   0x08000ef0   0x000000e0   Code   RO         5075    i.SetSysClockTo72   system_stm32f10x.o
    0x08000fd0   0x08000fd0   0x00000008   Code   RO         3723    i.SysTick_Handler   board.o
    0x08000fd8   0x08000fd8   0x00000060   Code   RO         5077    i.SystemInit        system_stm32f10x.o
    0x08001038   0x08001038   0x00000018   Code   RO         2308    i.TIM_Cmd           stm32f10x_tim.o
    0x08001050   0x08001050   0x0000001e   Code   RO         2310    i.TIM_CtrlPWMOutputs  stm32f10x_tim.o
    0x0800106e   0x0800106e   0x00000002   PAD
    0x08001070   0x08001070   0x00000098   Code   RO         2337    i.TIM_OC1Init       stm32f10x_tim.o
    0x08001108   0x08001108   0x00000012   Code   RO         2340    i.TIM_OC1PreloadConfig  stm32f10x_tim.o
    0x0800111a   0x0800111a   0x00000004   Code   RO         2367    i.TIM_SetAutoreload  stm32f10x_tim.o
    0x0800111e   0x0800111e   0x00000004   Code   RO         2369    i.TIM_SetCompare1   stm32f10x_tim.o
    0x08001122   0x08001122   0x00000004   Code   RO         2373    i.TIM_SetCounter    stm32f10x_tim.o
    0x08001126   0x08001126   0x00000002   PAD
    0x08001128   0x08001128   0x000000a4   Code   RO         2379    i.TIM_TimeBaseInit  stm32f10x_tim.o
    0x080011cc   0x080011cc   0x00000064   Code   RO         3635    i.USART1_IRQHandler  usart.o
    0x08001230   0x08001230   0x00000018   Code   RO         2844    i.USART_Cmd         stm32f10x_usart.o
    0x08001248   0x08001248   0x0000001a   Code   RO         2847    i.USART_GetFlagStatus  stm32f10x_usart.o
    0x08001262   0x08001262   0x00000054   Code   RO         2848    i.USART_GetITStatus  stm32f10x_usart.o
    0x080012b6   0x080012b6   0x0000004a   Code   RO         2850    i.USART_ITConfig    stm32f10x_usart.o
    0x08001300   0x08001300   0x000000d8   Code   RO         2851    i.USART_Init        stm32f10x_usart.o
    0x080013d8   0x080013d8   0x0000000a   Code   RO         2858    i.USART_ReceiveData  stm32f10x_usart.o
    0x080013e2   0x080013e2   0x00000008   Code   RO         2861    i.USART_SendData    stm32f10x_usart.o
    0x080013ea   0x080013ea   0x00000002   PAD
    0x080013ec   0x080013ec   0x00000080   Code   RO         3192    i.USB_LP_CAN1_RX0_IRQHandler  can.o
    0x0800146c   0x0800146c   0x00000004   Code   RO         4951    i.UsageFault_Handler  stm32f10x_it.o
    0x08001470   0x08001470   0x00000020   Code   RO         5156    i.__0printf$1       mc_w.l(printf1.o)
    0x08001490   0x08001490   0x0000004c   Code   RO         4201    i.__rt_ffs          kservice.o
    0x080014dc   0x080014dc   0x0000000e   Code   RO         5428    i.__scatterload_copy  mc_w.l(handlers.o)
    0x080014ea   0x080014ea   0x00000002   Code   RO         5429    i.__scatterload_null  mc_w.l(handlers.o)
    0x080014ec   0x080014ec   0x0000000e   Code   RO         5430    i.__scatterload_zeroinit  mc_w.l(handlers.o)
    0x080014fa   0x080014fa   0x00000002   PAD
    0x080014fc   0x080014fc   0x00000154   Code   RO         5163    i._printf_core      mc_w.l(printf1.o)
    0x08001650   0x08001650   0x0000009c   Code   RO         4630    i._rt_thread_init   thread.o
    0x080016ec   0x080016ec   0x00000042   Code   RO         4782    i._rt_timer_init    timer.o
    0x0800172e   0x0800172e   0x0000001c   Code   RO         4783    i._rt_timer_remove  timer.o
    0x0800174a   0x0800174a   0x0000001c   Code   RO         4631    i._thread_cleanup_execute  thread.o
    0x08001766   0x08001766   0x00000028   Code   RO         5017    i.allInit           main.o
    0x0800178e   0x0800178e   0x00000002   PAD
    0x08001790   0x08001790   0x00000030   Code   RO         3142    i.buttonInit        button.o
    0x080017c0   0x080017c0   0x00000078   Code   RO         3165    i.buttonMusic       buzzer.o
    0x08001838   0x08001838   0x00000098   Code   RO         3166    i.buzzerInit        buzzer.o
    0x080018d0   0x080018d0   0x000000fc   Code   RO         3388    i.clearPartScreen   lcd.o
    0x080019cc   0x080019cc   0x00000040   Code   RO         3599    i.crc32             tool.o
    0x08001a0c   0x08001a0c   0x0000024c   Code   RO         5018    i.create_thread     main.o
    0x08001c58   0x08001c58   0x00000060   Code   RO         3245    i.flashInit         flash.o
    0x08001cb8   0x08001cb8   0x00000050   Code   RO         3246    i.flashReadBuffer   flash.o
    0x08001d08   0x08001d08   0x00000012   Code   RO         3247    i.flashRecoverParameter  flash.o
    0x08001d1a   0x08001d1a   0x00000002   PAD
    0x08001d1c   0x08001d1c   0x00000024   Code   RO         3637    i.fputc             usart.o
    0x08001d40   0x08001d40   0x00000064   Code   RO         3105    i.getHumTempData    aht20.o
    0x08001da4   0x08001da4   0x0000002c   Code   RO         3704    i.initGlobalVar     var.o
    0x08001dd0   0x08001dd0   0x0000001c   Code   RO         3638    i.init_string_bufffer  usart.o
    0x08001dec   0x08001dec   0x00000042   Code   RO         3389    i.lcdAddressSet     lcd.o
    0x08001e2e   0x08001e2e   0x00000002   PAD
    0x08001e30   0x08001e30   0x0000006c   Code   RO         3390    i.lcdConvertToString  lcd.o
    0x08001e9c   0x08001e9c   0x0000005c   Code   RO         3391    i.lcdDebugInfo      lcd.o
    0x08001ef8   0x08001ef8   0x000000f0   Code   RO         3396    i.lcdFillColor      lcd.o
    0x08001fe8   0x08001fe8   0x0000004c   Code   RO         3397    i.lcdGpioInit       lcd.o
    0x08002034   0x08002034   0x000001a0   Code   RO         3398    i.lcdInit           lcd.o
    0x080021d4   0x080021d4   0x000000d8   Code   RO         3399    i.lcdPlusMinusParameter  lcd.o
    0x080022ac   0x080022ac   0x000000d0   Code   RO         3400    i.lcdShowChar       lcd.o
    0x0800237c   0x0800237c   0x000000fc   Code   RO         3401    i.lcdShowChinese    lcd.o
    0x08002478   0x08002478   0x00000254   Code   RO         3402    i.lcdShowHomePage   lcd.o
    0x080026cc   0x080026cc   0x0000006c   Code   RO         3403    i.lcdShowPage       lcd.o
    0x08002738   0x08002738   0x00000150   Code   RO         3404    i.lcdShowSettingPage  lcd.o
    0x08002888   0x08002888   0x00000072   Code   RO         3405    i.lcdShowString     lcd.o
    0x080028fa   0x080028fa   0x00000002   PAD
    0x080028fc   0x080028fc   0x00000074   Code   RO         3406    i.lcdShowVersion    lcd.o
    0x08002970   0x08002970   0x000000ac   Code   RO         3407    i.lcdSpiInit        lcd.o
    0x08002a1c   0x08002a1c   0x00000024   Code   RO         3408    i.lcdWriteByte      lcd.o
    0x08002a40   0x08002a40   0x00000024   Code   RO         3409    i.lcdWriteCommand   lcd.o
    0x08002a64   0x08002a64   0x00000012   Code   RO         3410    i.lcdWriteDoubleByte  lcd.o
    0x08002a76   0x08002a76   0x00000002   PAD
    0x08002a78   0x08002a78   0x00000090   Code   RO         5019    i.main              main.o
    0x08002b08   0x08002b08   0x0000000e   Code   RO         3817    i.main_thread_entry  components.o
    0x08002b16   0x08002b16   0x00000002   PAD
    0x08002b18   0x08002b18   0x00000098   Code   RO         3106    i.measureData       aht20.o
    0x08002bb0   0x08002bb0   0x0000005c   Code   RO         5020    i.measure_thread    main.o
    0x08002c0c   0x08002c0c   0x00000096   Code   RO         3602    i.numToStr          tool.o
    0x08002ca2   0x08002ca2   0x00000002   PAD
    0x08002ca4   0x08002ca4   0x00000078   Code   RO         4359    i.plug_holes        mem.o
    0x08002d1c   0x08002d1c   0x000000c4   Code   RO         3107    i.readData          aht20.o
    0x08002de0   0x08002de0   0x00000030   Code   RO         3818    i.rt_application_init  components.o
    0x08002e10   0x08002e10   0x0000001c   Code   RO         3819    i.rt_components_board_init  components.o
    0x08002e2c   0x08002e2c   0x0000001c   Code   RO         3820    i.rt_components_init  components.o
    0x08002e48   0x08002e48   0x00000020   Code   RO         4552    i.rt_enter_critical  scheduler.o
    0x08002e68   0x08002e68   0x00000026   Code   RO         3938    i.rt_event_create   ipc.o
    0x08002e8e   0x08002e8e   0x00000002   PAD
    0x08002e90   0x08002e90   0x0000011c   Code   RO         3942    i.rt_event_recv     ipc.o
    0x08002fac   0x08002fac   0x000000d8   Code   RO         3943    i.rt_event_send     ipc.o
    0x08003084   0x08003084   0x00000044   Code   RO         4553    i.rt_exit_critical  scheduler.o
    0x080030c8   0x080030c8   0x0000008c   Code   RO         4361    i.rt_free           mem.o
    0x08003154   0x08003154   0x00000008   Code   RO         3724    i.rt_heap_begin_get  board.o
    0x0800315c   0x0800315c   0x00000008   Code   RO         3725    i.rt_heap_end_get   board.o
    0x08003164   0x08003164   0x00000078   Code   RO         3726    i.rt_hw_board_init  board.o
    0x080031dc   0x080031dc   0x00000024   Code   RO         4910    i.rt_hw_hard_fault_exception  cpuport.o
    0x08003200   0x08003200   0x0000004c   Code   RO         4911    i.rt_hw_stack_init  cpuport.o
    0x0800324c   0x0800324c   0x00000044   Code   RO         3727    i.rt_hw_us_delay    board.o
    0x08003290   0x08003290   0x00000034   Code   RO         4162    i.rt_interrupt_enter  irq.o
    0x080032c4   0x080032c4   0x00000034   Code   RO         4165    i.rt_interrupt_leave  irq.o
    0x080032f8   0x080032f8   0x00000014   Code   RO         3944    i.rt_ipc_list_resume  ipc.o
    0x0800330c   0x0800330c   0x0000006e   Code   RO         3946    i.rt_ipc_list_suspend  ipc.o
    0x0800337a   0x0800337a   0x00000010   Code   RO         3947    i.rt_ipc_object_init  ipc.o
    0x0800338a   0x0800338a   0x00000006   Code   RO         3948    i.rt_list_init      ipc.o
    0x08003390   0x08003390   0x00000006   Code   RO         4554    i.rt_list_init      scheduler.o
    0x08003396   0x08003396   0x00000006   Code   RO         4784    i.rt_list_init      timer.o
    0x0800339c   0x0800339c   0x0000000e   Code   RO         4433    i.rt_list_insert_after  object.o
    0x080033aa   0x080033aa   0x0000000e   Code   RO         4632    i.rt_list_insert_after  thread.o
    0x080033b8   0x080033b8   0x0000000e   Code   RO         4785    i.rt_list_insert_after  timer.o
    0x080033c6   0x080033c6   0x0000000e   Code   RO         3949    i.rt_list_insert_before  ipc.o
    0x080033d4   0x080033d4   0x00000010   Code   RO         3950    i.rt_list_isempty   ipc.o
    0x080033e4   0x080033e4   0x00000010   Code   RO         4786    i.rt_list_isempty   timer.o
    0x080033f4   0x080033f4   0x00000012   Code   RO         4434    i.rt_list_remove    object.o
    0x08003406   0x08003406   0x00000012   Code   RO         4633    i.rt_list_remove    thread.o
    0x08003418   0x08003418   0x00000012   Code   RO         4787    i.rt_list_remove    timer.o
    0x0800342a   0x0800342a   0x00000002   PAD
    0x0800342c   0x0800342c   0x00000188   Code   RO         4363    i.rt_malloc         mem.o
    0x080035b4   0x080035b4   0x0000004a   Code   RO         4210    i.rt_memset         kservice.o
    0x080035fe   0x080035fe   0x00000002   PAD
    0x08003600   0x08003600   0x0000006c   Code   RO         4435    i.rt_object_allocate  object.o
    0x0800366c   0x0800366c   0x0000003c   Code   RO         4437    i.rt_object_delete  object.o
    0x080036a8   0x080036a8   0x00000034   Code   RO         4438    i.rt_object_detach  object.o
    0x080036dc   0x080036dc   0x00000028   Code   RO         4441    i.rt_object_get_information  object.o
    0x08003704   0x08003704   0x0000006c   Code   RO         4445    i.rt_object_init    object.o
    0x08003770   0x08003770   0x00000012   Code   RO         4446    i.rt_object_is_systemobject  object.o
    0x08003782   0x08003782   0x00000010   Code   RO         3728    i.rt_os_tick_callback  board.o
    0x08003792   0x08003792   0x00000002   PAD
    0x08003794   0x08003794   0x0000009c   Code   RO         4555    i.rt_schedule       scheduler.o
    0x08003830   0x08003830   0x00000050   Code   RO         4556    i.rt_schedule_insert_thread  scheduler.o
    0x08003880   0x08003880   0x00000054   Code   RO         4557    i.rt_schedule_remove_thread  scheduler.o
    0x080038d4   0x080038d4   0x00000026   Code   RO         3970    i.rt_sem_init       ipc.o
    0x080038fa   0x080038fa   0x00000002   PAD
    0x080038fc   0x080038fc   0x00000068   Code   RO         3971    i.rt_sem_release    ipc.o
    0x08003964   0x08003964   0x000000a0   Code   RO         3972    i.rt_sem_take       ipc.o
    0x08003a04   0x08003a04   0x00000002   Code   RO         4212    i.rt_show_version   kservice.o
    0x08003a06   0x08003a06   0x00000034   Code   RO         4220    i.rt_strncpy        kservice.o
    0x08003a3a   0x08003a3a   0x00000002   PAD
    0x08003a3c   0x08003a3c   0x000000b0   Code   RO         4367    i.rt_system_heap_init  mem.o
    0x08003aec   0x08003aec   0x0000004c   Code   RO         4559    i.rt_system_scheduler_init  scheduler.o
    0x08003b38   0x08003b38   0x00000030   Code   RO         4560    i.rt_system_scheduler_start  scheduler.o
    0x08003b68   0x08003b68   0x0000001c   Code   RO         4788    i.rt_system_timer_init  timer.o
    0x08003b84   0x08003b84   0x00000002   Code   RO         4789    i.rt_system_timer_thread_init  timer.o
    0x08003b86   0x08003b86   0x00000050   Code   RO         4635    i.rt_thread_create  thread.o
    0x08003bd6   0x08003bd6   0x00000002   PAD
    0x08003bd8   0x08003bd8   0x00000058   Code   RO         4638    i.rt_thread_delete  thread.o
    0x08003c30   0x08003c30   0x00000058   Code   RO         4640    i.rt_thread_exit    thread.o
    0x08003c88   0x08003c88   0x00000028   Code   RO         3891    i.rt_thread_idle_entry  idle.o
    0x08003cb0   0x08003cb0   0x00000060   Code   RO         3892    i.rt_thread_idle_excute  idle.o
    0x08003d10   0x08003d10   0x0000003c   Code   RO         3894    i.rt_thread_idle_init  idle.o
    0x08003d4c   0x08003d4c   0x00000034   Code   RO         4642    i.rt_thread_init    thread.o
    0x08003d80   0x08003d80   0x00000014   Code   RO         4644    i.rt_thread_mdelay  thread.o
    0x08003d94   0x08003d94   0x00000054   Code   RO         4645    i.rt_thread_resume  thread.o
    0x08003de8   0x08003de8   0x0000000c   Code   RO         4647    i.rt_thread_self    thread.o
    0x08003df4   0x08003df4   0x00000044   Code   RO         4648    i.rt_thread_sleep   thread.o
    0x08003e38   0x08003e38   0x0000002c   Code   RO         4649    i.rt_thread_startup  thread.o
    0x08003e64   0x08003e64   0x0000005c   Code   RO         4650    i.rt_thread_suspend  thread.o
    0x08003ec0   0x08003ec0   0x00000020   Code   RO         4652    i.rt_thread_timeout  thread.o
    0x08003ee0   0x08003ee0   0x00000064   Code   RO         4653    i.rt_thread_yield   thread.o
    0x08003f44   0x08003f44   0x00000038   Code   RO         3779    i.rt_tick_from_millisecond  clock.o
    0x08003f7c   0x08003f7c   0x0000000c   Code   RO         3780    i.rt_tick_get       clock.o
    0x08003f88   0x08003f88   0x00000030   Code   RO         3781    i.rt_tick_increase  clock.o
    0x08003fb8   0x08003fb8   0x000000d0   Code   RO         4790    i.rt_timer_check    timer.o
    0x08004088   0x08004088   0x00000062   Code   RO         4791    i.rt_timer_control  timer.o
    0x080040ea   0x080040ea   0x00000036   Code   RO         4792    i.rt_timer_create   timer.o
    0x08004120   0x08004120   0x00000028   Code   RO         4794    i.rt_timer_detach   timer.o
    0x08004148   0x08004148   0x0000002e   Code   RO         4797    i.rt_timer_init     timer.o
    0x08004176   0x08004176   0x00000002   PAD
    0x08004178   0x08004178   0x00000100   Code   RO         4800    i.rt_timer_start    timer.o
    0x08004278   0x08004278   0x00000048   Code   RO         4801    i.rt_timer_stop     timer.o
    0x080042c0   0x080042c0   0x00000004   Code   RO         3821    i.rti_board_end     components.o
    0x080042c4   0x080042c4   0x00000004   Code   RO         3822    i.rti_board_start   components.o
    0x080042c8   0x080042c8   0x00000004   Code   RO         3823    i.rti_end           components.o
    0x080042cc   0x080042cc   0x00000004   Code   RO         3824    i.rti_start         components.o
    0x080042d0   0x080042d0   0x0000002a   Code   RO         3825    i.rtthread_startup  components.o
    0x080042fa   0x080042fa   0x00000002   PAD
    0x080042fc   0x080042fc   0x0000007c   Code   RO         3143    i.scanButton        button.o
    0x08004378   0x08004378   0x00000034   Code   RO         3411    i.spiWriteByte      lcd.o
    0x080043ac   0x080043ac   0x0000003a   Code   RO         3603    i.strToNum          tool.o
    0x080043e6   0x080043e6   0x00000002   PAD
    0x080043e8   0x080043e8   0x00000030   Code   RO         5021    i.timerArrived      main.o
    0x08004418   0x08004418   0x00000028   Code   RO         5022    i.timer_base_10ms_out  main.o
    0x08004440   0x08004440   0x00000014   Code   RO         5023    i.timer_uart_receive_data  main.o
    0x08004454   0x08004454   0x00000228   Code   RO         5024    i.ui_thread         main.o
    0x0800467c   0x0800467c   0x000000ac   Code   RO         3639    i.usartInit         usart.o
    0x08004728   0x08004728   0x000000f4   Code   RO         3640    i.usartReceiveCommand  usart.o
    0x0800481c   0x0800481c   0x0000010c   Code   RO         3641    i.usartReceiveElecData  usart.o
    0x08004928   0x08004928   0x0000001e   Code   RO         3642    i.usartSendByte     usart.o
    0x08004946   0x08004946   0x00000002   PAD
    0x08004948   0x08004948   0x00000080   Code   RO         3643    i.usartSendSettingParameters  usart.o
    0x080049c8   0x080049c8   0x00000028   Code   RO         3644    i.usartSendString   usart.o
    0x080049f0   0x080049f0   0x00000040   Code   RO         5025    i.usart_thread      main.o
    0x08004a30   0x08004a30   0x00000048   Data   RO         3167    .constdata          buzzer.o
    0x08004a78   0x08004a78   0x00001fb8   Data   RO         3412    .constdata          lcd.o
    0x08006a30   0x08006a30   0x00000122   Data   RO         4226    .constdata          kservice.o
    0x08006b52   0x08006b52   0x00000002   PAD
    0x08006b54   0x08006b54   0x00000018   Data   RO         3413    .conststring        lcd.o
    0x08006b6c   0x08006b6c   0x00000004   Data   RO         3826    .rti_fn.0           components.o
    0x08006b70   0x08006b70   0x00000004   Data   RO         3827    .rti_fn.0.end       components.o
    0x08006b74   0x08006b74   0x00000004   Data   RO         3828    .rti_fn.1.end       components.o
    0x08006b78   0x08006b78   0x00000004   Data   RO         3829    .rti_fn.6.end       components.o
    0x08006b7c   0x08006b7c   0x00000020   Data   RO         5426    Region$$Table       anon$$obj.o


    Execution Region RW_IRAM1 (Exec base: 0x20000000, Load base: 0x08006b9c, Size: 0x000020e0, Max: 0x00002800, ABSOLUTE, COMPRESSED[0x00000084])

    Exec Addr    Load Addr    Size         Type   Attr      Idx    E Section Name        Object

    0x20000000   COMPRESSED   0x00000014   Data   RW         1704    .data               stm32f10x_rcc.o
    0x20000014   COMPRESSED   0x00000009   Data   RW         3108    .data               aht20.o
    0x2000001d   COMPRESSED   0x00000002   Data   RW         3144    .data               button.o
    0x2000001f   COMPRESSED   0x00000001   PAD
    0x20000020   COMPRESSED   0x00000011   Data   RW         3168    .data               buzzer.o
    0x20000031   COMPRESSED   0x00000001   Data   RW         3194    .data               can.o
    0x20000032   COMPRESSED   0x00000002   PAD
    0x20000034   COMPRESSED   0x00000029   Data   RW         3414    .data               lcd.o
    0x2000005d   COMPRESSED   0x00000003   PAD
    0x20000060   COMPRESSED   0x00000010   Data   RW         3646    .data               usart.o
    0x20000070   COMPRESSED   0x0000000d   Data   RW         3706    .data               var.o
    0x2000007d   COMPRESSED   0x00000003   PAD
    0x20000080   COMPRESSED   0x00000004   Data   RW         3783    .data               clock.o
    0x20000084   COMPRESSED   0x00000009   Data   RW         4167    .data               irq.o
    0x2000008d   COMPRESSED   0x00000003   PAD
    0x20000090   COMPRESSED   0x00000020   Data   RW         4369    .data               mem.o
    0x200000b0   COMPRESSED   0x00000074   Data   RW         4451    .data               object.o
    0x20000124   COMPRESSED   0x0000001c   Data   RW         4562    .data               scheduler.o
    0x20000140   COMPRESSED   0x0000000c   Data   RW         4654    .data               thread.o
    0x2000014c   COMPRESSED   0x00000014   Data   RW         4802    .data               timer.o
    0x20000160   COMPRESSED   0x00000010   Data   RW         4912    .data               cpuport.o
    0x20000170   COMPRESSED   0x00000024   Data   RW         5026    .data               main.o
    0x20000194   COMPRESSED   0x00000014   Data   RW         5078    .data               system_stm32f10x.o
    0x200001a8   COMPRESSED   0x00000004   Data   RW         5398    .data               mc_w.l(stdout.o)
    0x200001ac        -       0x00000100   Zero   RW         3193    .bss                can.o
    0x200002ac        -       0x00000180   Zero   RW         3645    .bss                usart.o
    0x2000042c        -       0x00000200   Zero   RW         3705    .bss                var.o
    0x2000062c        -       0x00001400   Zero   RW         3729    .bss                board.o
    0x20001a2c        -       0x00000190   Zero   RW         3896    .bss                idle.o
    0x20001bbc        -       0x00000020   Zero   RW         4368    .bss                mem.o
    0x20001bdc        -       0x00000100   Zero   RW         4561    .bss                scheduler.o
    0x20001cdc   COMPRESSED   0x00000004   PAD
    0x20001ce0        -       0x00000400   Zero   RW           17    STACK               startup_stm32f10x_ld.o


==============================================================================

Image component sizes


      Code (inc. data)   RO Data    RW Data    ZI Data      Debug   Object Name

       448        100          0          9          0       3313   aht20.o
       228         22          0          0       5120      18833   board.o
       172         32          0          2          0       1198   button.o
       272         30         72         17          0       2095   buzzer.o
       128         38          0          1        256       1150   can.o
       116         12          0          4          0       1648   clock.o
       186         30         16          0          0       5480   components.o
       244         28          0          0          0        768   context_rvds.o
         0          0          0          0          0       4556   core_cm3.o
       112         10          0         16          0       3118   cpuport.o
       152          0          0          0          0       1587   dma.o
       306         28          0          0          0       2840   flash.o
       196         30          0          0        400       5094   idle.o
       716        104          0          0          0       4141   iic.o
      1022         26          0          0          0      10875   ipc.o
       104         20          0          9          0       1582   irq.o
       204          6        290          0          0       5144   kservice.o
      3510        358       8144         41          0      14433   lcd.o
      1588        440          0         36          0       5983   main.o
       828         98          0         32         32       3804   mem.o
       132         22          0          0          0     272443   misc.o
       418         24          0        116          0       8332   object.o
       550         94          0         28        256       8174   scheduler.o
        36          8        236          0       1024        772   startup_stm32f10x_ld.o
       240          0          0          0          0       1482   stm32f10x_can.o
       492         26          0          0          0       4815   stm32f10x_dma.o
       278          0          0          0          0       1872   stm32f10x_gpio.o
        18          0          0          0          0       2327   stm32f10x_it.o
       276         32          0         20          0       4229   stm32f10x_rcc.o
       124          0          0          0          0       3629   stm32f10x_spi.o
       400         62          0          0          0       4866   stm32f10x_tim.o
       442          6          0          0          0       5841   stm32f10x_usart.o
         0          0          0          0          0       5944   sys.o
       328         28          0         20          0       1957   system_stm32f10x.o
       976         62          0         12          0      13370   thread.o
       952         40          0         20          0      12159   timer.o
       272          4          0          0          0       2406   tool.o
      1046        104          0         16        384       5649   usart.o
        44         14          0         13        512       1529   var.o

    ----------------------------------------------------------------------
     17602       1938       8792        424       7988     459438   Object Totals
         0          0         32          0          0          0   (incl. Generated)
        46          0          2         12          4          0   (incl. Padding)

    ----------------------------------------------------------------------

      Code (inc. data)   RO Data    RW Data    ZI Data      Debug   Library Member Name

        86          0          0          0          0          0   __dczerorl2.o
         0          0          0          0          0          0   entry.o
         0          0          0          0          0          0   entry10a.o
         0          0          0          0          0          0   entry11a.o
         4          0          0          0          0          0   entry12b.o
         8          4          0          0          0          0   entry2.o
         4          0          0          0          0          0   entry5.o
         0          0          0          0          0          0   entry7b.o
         0          0          0          0          0          0   entry8b.o
         8          4          0          0          0          0   entry9a.o
        30          0          0          0          0          0   handlers.o
        36          8          0          0          0         68   init.o
         0          0          0          0          0          0   iusefp.o
       372         14          0          0          0        184   printf1.o
         0          0          0          4          0          0   stdout.o
        44          0          0          0          0         80   uidiv.o
       176          0          0          0          0        140   fadd.o
       124          0          0          0          0         88   fdiv.o
       110          0          0          0          0        168   fepilogue.o
        40          0          0          0          0         68   ffixui.o
        10          0          0          0          0         68   ffltui.o
       100          0          0          0          0         76   fmul.o

    ----------------------------------------------------------------------
      1154         30          0          4          0        940   Library Totals
         2          0          0          0          0          0   (incl. Padding)

    ----------------------------------------------------------------------

      Code (inc. data)   RO Data    RW Data    ZI Data      Debug   Library Name

       592         30          0          4          0        332   mc_w.l
       560          0          0          0          0        608   mf_w.l

    ----------------------------------------------------------------------
      1154         30          0          4          0        940   Library Totals

    ----------------------------------------------------------------------

==============================================================================


      Code (inc. data)   RO Data    RW Data    ZI Data      Debug   

     18756       1968       8792        428       7988     450054   Grand Totals
     18756       1968       8792        132       7988     450054   ELF Image Totals (compressed)
     18756       1968       8792        132          0          0   ROM Totals

==============================================================================

    Total RO  Size (Code + RO Data)                27548 (  26.90kB)
    Total RW  Size (RW Data + ZI Data)              8416 (   8.22kB)
    Total ROM Size (Code + RO Data + RW Data)      27680 (  27.03kB)

==============================================================================

